timing-slot: took slot1 of 3 at 19:59:34Z, load 37.08 40.97 44.11, 3 waiting
run-slot: took slot1 of 6 at 19:59:35Z, load 37.08 40.97 44.11, 5 waiting

running 1 test
test spike_adr024 ... SPIKE arm changing rate 200000000 ow 5 ms loss 0.01 qbdp 1 cc Ok("tier2")
TL changing t=0.5 vox 160.3 comp 0.0 Mbit/s late 1 ms
TL changing t=1.0 vox 200.4 comp 0.0 Mbit/s late 1 ms
TL changing t=1.5 vox 198.7 comp 0.0 Mbit/s late 1 ms
TL changing t=2.0 vox 198.4 comp 0.0 Mbit/s late 14 ms
TL changing t=2.5 vox 196.6 comp 0.0 Mbit/s late 2 ms
TL changing t=3.0 vox 198.8 comp 0.0 Mbit/s late 2 ms
TL changing t=3.5 vox 200.0 comp 0.0 Mbit/s late 2 ms
TL changing t=4.0 vox 198.7 comp 0.0 Mbit/s late 2 ms
TL changing t=4.5 vox 197.5 comp 0.0 Mbit/s late 9 ms
TL changing t=5.0 vox 199.1 comp 0.0 Mbit/s late 2 ms
TL changing t=5.5 vox 197.8 comp 0.0 Mbit/s late 1 ms
TL changing t=6.0 vox 199.7 comp 0.0 Mbit/s late 1 ms
TL changing t=6.5 vox 198.4 comp 0.0 Mbit/s late 0 ms
TL changing t=7.0 vox 198.4 comp 0.0 Mbit/s late 11 ms
TL changing t=7.5 vox 198.0 comp 0.0 Mbit/s late 2 ms
TL changing t=8.0 vox 199.1 comp 0.0 Mbit/s late 7 ms
TL changing t=8.5 vox 198.0 comp 0.0 Mbit/s late 1 ms
TL changing t=9.0 vox 199.1 comp 0.0 Mbit/s late 3 ms
TL changing t=9.5 vox 198.2 comp 0.0 Mbit/s late 2 ms
TL changing t=10.0 vox 198.8 comp 0.0 Mbit/s late 1 ms
TL changing t=10.5 vox 197.4 comp 0.0 Mbit/s late 3 ms
TL changing t=11.0 vox 197.8 comp 0.0 Mbit/s late 2 ms
TL changing t=11.5 vox 200.4 comp 0.0 Mbit/s late 3 ms
TL changing t=12.0 vox 198.3 comp 0.0 Mbit/s late 1 ms
TL changing t=12.5 vox 198.7 comp 0.0 Mbit/s late 1 ms
TL changing t=13.0 vox 198.0 comp 0.0 Mbit/s late 1 ms
TL changing t=13.5 vox 198.7 comp 0.0 Mbit/s late 1 ms
TL changing t=14.0 vox 197.4 comp 0.0 Mbit/s late 1 ms
TL changing t=14.5 vox 198.5 comp 0.0 Mbit/s late 6 ms
TL changing t=15.0 vox 199.3 comp 0.0 Mbit/s late 8 ms
TL changing t=15.5 vox 199.2 comp 0.0 Mbit/s late 3 ms
TL changing t=16.0 vox 197.0 comp 0.0 Mbit/s late 1 ms
TL changing t=16.5 vox 199.7 comp 0.0 Mbit/s late 3 ms
TL changing t=17.0 vox 198.4 comp 0.0 Mbit/s late 0 ms
TL changing t=17.5 vox 198.5 comp 0.0 Mbit/s late 1 ms
TL changing t=18.0 vox 197.6 comp 0.0 Mbit/s late 1 ms
TL changing t=18.5 vox 197.8 comp 0.0 Mbit/s late 1 ms
TL changing t=19.0 vox 198.7 comp 0.0 Mbit/s late 1 ms
TL changing t=19.5 vox 198.8 comp 0.0 Mbit/s late 1 ms
TL changing t=20.0 vox 198.9 comp 0.0 Mbit/s late 1 ms
TL changing t=20.5 vox 176.7 comp 0.0 Mbit/s late 1 ms
TL changing t=21.0 vox 208.9 comp 0.0 Mbit/s late 1 ms
TL changing t=21.5 vox 194.4 comp 0.0 Mbit/s late 4 ms
TL changing t=22.0 vox 161.4 comp 0.0 Mbit/s late 3 ms
TL changing t=22.5 vox 156.3 comp 0.0 Mbit/s late 5 ms
TL changing t=23.0 vox 142.6 comp 0.0 Mbit/s late 4 ms
TL changing t=23.5 vox 165.3 comp 0.0 Mbit/s late 3 ms
TL changing t=24.0 vox 184.6 comp 0.0 Mbit/s late 2 ms
TL changing t=24.5 vox 163.8 comp 0.0 Mbit/s late 1 ms
TL changing t=25.0 vox 145.3 comp 0.0 Mbit/s late 5 ms
TL changing t=25.5 vox 154.2 comp 0.0 Mbit/s late 5 ms
TL changing t=26.0 vox 168.5 comp 0.0 Mbit/s late 1 ms
TL changing t=26.5 vox 167.4 comp 0.0 Mbit/s late 5 ms
TL changing t=27.0 vox 161.9 comp 0.0 Mbit/s late 4 ms
TL changing t=27.5 vox 153.9 comp 0.0 Mbit/s late 22 ms
TL changing t=28.0 vox 179.2 comp 0.0 Mbit/s late 9 ms
TL changing t=28.5 vox 187.5 comp 0.0 Mbit/s late 3 ms
TL changing t=29.0 vox 186.8 comp 0.0 Mbit/s late 4 ms
TL changing t=29.5 vox 191.5 comp 0.0 Mbit/s late 6 ms
TL changing t=30.0 vox 193.7 comp 0.0 Mbit/s late 2 ms
TL changing t=30.5 vox 158.1 comp 0.0 Mbit/s late 8 ms
TL changing t=31.0 vox 178.5 comp 0.0 Mbit/s late 7 ms
TL changing t=31.5 vox 176.2 comp 0.0 Mbit/s late 6 ms
TL changing t=32.0 vox 175.9 comp 0.0 Mbit/s late 11 ms
TL changing t=32.5 vox 192.4 comp 0.0 Mbit/s late 0 ms
TL changing t=33.0 vox 202.2 comp 0.0 Mbit/s late 0 ms
TL changing t=33.5 vox 190.7 comp 0.0 Mbit/s late 2 ms
TL changing t=34.0 vox 196.1 comp 0.0 Mbit/s late 5 ms
TL changing t=34.5 vox 200.8 comp 0.0 Mbit/s late 2 ms
TL changing t=35.0 vox 181.9 comp 0.0 Mbit/s late 5 ms
TL changing t=35.5 vox 183.6 comp 0.0 Mbit/s late 8 ms
TL changing t=36.0 vox 153.5 comp 0.0 Mbit/s late 10 ms
TL changing t=36.5 vox 179.1 comp 0.0 Mbit/s late 1 ms
TL changing t=37.0 vox 176.3 comp 0.0 Mbit/s late 1 ms
TL changing t=37.5 vox 171.1 comp 0.0 Mbit/s late 1 ms
TL changing t=38.0 vox 160.7 comp 0.0 Mbit/s late 7 ms
TL changing t=38.5 vox 155.8 comp 0.0 Mbit/s late 3 ms
TL changing t=39.0 vox 117.6 comp 0.0 Mbit/s late 7 ms
TL changing t=39.5 vox 167.1 comp 0.0 Mbit/s late 3 ms
TL changing t=40.0 vox 189.0 comp 0.0 Mbit/s late 1 ms
TL changing t=40.5 vox 191.5 comp 0.0 Mbit/s late 4 ms
TL changing t=41.0 vox 184.6 comp 0.0 Mbit/s late 6 ms
TL changing t=41.5 vox 198.8 comp 0.0 Mbit/s late 0 ms
TL changing t=42.0 vox 197.3 comp 0.0 Mbit/s late 1 ms
TL changing t=42.5 vox 187.0 comp 0.0 Mbit/s late 5 ms
TL changing t=43.0 vox 198.3 comp 0.0 Mbit/s late 3 ms
TL changing t=43.5 vox 199.5 comp 0.0 Mbit/s late 2 ms
TL changing t=44.0 vox 198.1 comp 0.0 Mbit/s late 4 ms
TL changing t=44.5 vox 198.3 comp 0.0 Mbit/s late 1 ms
TL changing t=45.0 vox 198.1 comp 0.0 Mbit/s late 0 ms
TL changing t=45.5 vox 197.7 comp 0.0 Mbit/s late 9 ms
TL changing t=46.0 vox 194.4 comp 0.0 Mbit/s late 5 ms
TL changing t=46.5 vox 199.9 comp 0.0 Mbit/s late 8 ms
TL changing t=47.0 vox 197.1 comp 0.0 Mbit/s late 12 ms
TL changing t=47.5 vox 199.5 comp 0.0 Mbit/s late 3 ms
TL changing t=48.0 vox 197.7 comp 0.0 Mbit/s late 10 ms
TL changing t=48.5 vox 197.8 comp 0.0 Mbit/s late 3 ms
TL changing t=49.0 vox 199.4 comp 0.0 Mbit/s late 8 ms
TL changing t=49.5 vox 197.4 comp 0.0 Mbit/s late 2 ms
TL changing t=50.0 vox 199.5 comp 0.0 Mbit/s late 0 ms
TL changing t=50.5 vox 197.3 comp 0.0 Mbit/s late 0 ms
TL changing t=51.0 vox 198.8 comp 0.0 Mbit/s late 3 ms
TL changing t=51.5 vox 196.5 comp 0.0 Mbit/s late 5 ms
TL changing t=52.0 vox 201.8 comp 0.0 Mbit/s late 8 ms
TL changing t=52.5 vox 197.3 comp 0.0 Mbit/s late 11 ms
TL changing t=53.0 vox 198.2 comp 0.0 Mbit/s late 7 ms
TL changing t=53.5 vox 198.6 comp 0.0 Mbit/s late 1 ms
TL changing t=54.0 vox 198.4 comp 0.0 Mbit/s late 1 ms
TL changing t=54.5 vox 198.2 comp 0.0 Mbit/s late 2 ms
TL changing t=55.0 vox 199.0 comp 0.0 Mbit/s late 3 ms
TL changing t=55.5 vox 198.2 comp 0.0 Mbit/s late 1 ms
TL changing t=56.0 vox 197.9 comp 0.0 Mbit/s late 4 ms
TL changing t=56.5 vox 199.1 comp 0.0 Mbit/s late 12 ms
TL changing t=57.0 vox 198.3 comp 0.0 Mbit/s late 3 ms
TL changing t=57.5 vox 198.8 comp 0.0 Mbit/s late 0 ms
TL changing t=58.0 vox 169.1 comp 0.0 Mbit/s late 3 ms
TL changing t=58.5 vox 226.8 comp 0.0 Mbit/s late 7 ms
TL changing t=59.0 vox 199.2 comp 0.0 Mbit/s late 7 ms
TL changing t=59.5 vox 199.0 comp 0.0 Mbit/s late 6 ms
TL changing t=60.0 vox 196.6 comp 0.0 Mbit/s late 7 ms
RESULT changing clean1 vox 197.6 Mbit/s
RESULT changing lossy vox 173.8 Mbit/s
RESULT changing clean2 vox 197.5 Mbit/s
ok

test result: ok. 1 passed; 0 failed; 0 ignored; 0 measured; 0 filtered out; finished in 87.97s

rc=0
