timing-slot: took slot2 of 3 at 19:43:24Z, load 38.64 49.94 46.46, 1 waiting
run-slot: took slot2 of 6 at 19:43:25Z, load 38.64 49.94 46.46, 4 waiting

running 1 test
test spike_adr024 ... SPIKE arm congested rate 200000000 ow 5 ms loss 0.01 qbdp 0.25 cc Ok("tier2")
TL shared t=0.5 vox 119.3 comp 9.8 Mbit/s late 6 ms
TL shared t=1.0 vox 172.7 comp 3.6 Mbit/s late 11 ms
TL shared t=1.5 vox 155.1 comp 10.3 Mbit/s late 5 ms
TL shared t=2.0 vox 157.2 comp 16.7 Mbit/s late 5 ms
TL shared t=2.5 vox 76.2 comp 25.6 Mbit/s late 5 ms
TL shared t=3.0 vox 67.0 comp 30.7 Mbit/s late 5 ms
TL shared t=3.5 vox 108.5 comp 42.8 Mbit/s late 1 ms
TL shared t=4.0 vox 166.2 comp 23.2 Mbit/s late 1 ms
TL shared t=4.5 vox 196.2 comp 5.1 Mbit/s late 2 ms
TL shared t=5.0 vox 192.8 comp 3.5 Mbit/s late 1 ms
TL shared t=5.5 vox 189.3 comp 1.3 Mbit/s late 2 ms
TL shared t=6.0 vox 180.1 comp 4.9 Mbit/s late 5 ms
TL shared t=6.5 vox 197.0 comp 1.2 Mbit/s late 1 ms
TL shared t=7.0 vox 169.1 comp 2.7 Mbit/s late 5 ms
TL shared t=7.5 vox 177.8 comp 4.6 Mbit/s late 4 ms
TL shared t=8.0 vox 123.0 comp 15.4 Mbit/s late 7 ms
TL shared t=8.5 vox 102.5 comp 33.9 Mbit/s late 3 ms
TL shared t=9.0 vox 166.3 comp 21.8 Mbit/s late 1 ms
TL shared t=9.5 vox 176.6 comp 2.3 Mbit/s late 5 ms
TL shared t=10.0 vox 173.4 comp 5.6 Mbit/s late 6 ms
TL shared t=10.5 vox 192.7 comp 2.7 Mbit/s late 1 ms
TL shared t=11.0 vox 195.4 comp 1.3 Mbit/s late 1 ms
TL shared t=11.5 vox 177.8 comp 0.3 Mbit/s late 1 ms
TL shared t=12.0 vox 184.3 comp 1.4 Mbit/s late 7 ms
TL shared t=12.5 vox 164.2 comp 12.3 Mbit/s late 3 ms
TL shared t=13.0 vox 163.7 comp 15.5 Mbit/s late 3 ms
TL shared t=13.5 vox 111.0 comp 17.0 Mbit/s late 9 ms
TL shared t=14.0 vox 57.2 comp 35.9 Mbit/s late 9 ms
TL shared t=14.5 vox 69.3 comp 30.3 Mbit/s late 10 ms
TL shared t=15.0 vox 38.5 comp 29.8 Mbit/s late 6 ms
TL shared t=15.5 vox 53.0 comp 33.8 Mbit/s late 5 ms
TL shared t=16.0 vox 64.2 comp 34.7 Mbit/s late 5 ms
TL shared t=16.5 vox 94.5 comp 53.7 Mbit/s late 1 ms
TL shared t=17.0 vox 171.8 comp 19.7 Mbit/s late 1 ms
TL shared t=17.5 vox 187.0 comp 1.9 Mbit/s late 1 ms
TL shared t=18.0 vox 172.2 comp 7.5 Mbit/s late 2 ms
TL shared t=18.5 vox 191.6 comp 1.9 Mbit/s late 3 ms
TL shared t=19.0 vox 148.4 comp 0.6 Mbit/s late 2 ms
TL shared t=19.5 vox 217.2 comp 0.2 Mbit/s late 7 ms
TL shared t=20.0 vox 118.5 comp 1.4 Mbit/s late 3 ms
TL shared t=20.5 vox 33.4 comp 9.9 Mbit/s late 9 ms
TL shared t=21.0 vox 38.9 comp 15.9 Mbit/s late 4 ms
TL shared t=21.5 vox 35.2 comp 19.6 Mbit/s late 3 ms
TL shared t=22.0 vox 36.8 comp 16.6 Mbit/s late 2 ms
TL shared t=22.5 vox 37.6 comp 8.4 Mbit/s late 4 ms
TL shared t=23.0 vox 38.6 comp 11.2 Mbit/s late 5 ms
TL shared t=23.5 vox 33.0 comp 16.3 Mbit/s late 6 ms
TL shared t=24.0 vox 34.8 comp 18.3 Mbit/s late 3 ms
TL shared t=24.5 vox 39.8 comp 13.5 Mbit/s late 3 ms
TL shared t=25.0 vox 40.2 comp 10.3 Mbit/s late 2 ms
TL shared t=25.5 vox 38.1 comp 14.0 Mbit/s late 4 ms
TL shared t=26.0 vox 33.7 comp 14.1 Mbit/s late 7 ms
TL shared t=26.5 vox 36.3 comp 17.4 Mbit/s late 4 ms
TL shared t=27.0 vox 34.9 comp 17.6 Mbit/s late 4 ms
TL shared t=27.5 vox 36.2 comp 24.2 Mbit/s late 5 ms
TL shared t=28.0 vox 35.0 comp 34.5 Mbit/s late 2 ms
TL shared t=28.5 vox 38.3 comp 23.5 Mbit/s late 3 ms
TL shared t=29.0 vox 39.3 comp 20.7 Mbit/s late 4 ms
TL shared t=29.5 vox 46.3 comp 24.8 Mbit/s late 4 ms
TL shared t=30.0 vox 84.3 comp 22.9 Mbit/s late 2 ms
TL shared t=30.5 vox 165.4 comp 3.3 Mbit/s late 5 ms
TL shared t=31.0 vox 165.3 comp 1.7 Mbit/s late 7 ms
TL shared t=31.5 vox 169.8 comp 0.5 Mbit/s late 3 ms
TL shared t=32.0 vox 195.6 comp 0.8 Mbit/s late 5 ms
TL shared t=32.5 vox 147.4 comp 3.5 Mbit/s late 3 ms
TL shared t=33.0 vox 33.8 comp 12.6 Mbit/s late 4 ms
TL shared t=33.5 vox 105.1 comp 23.3 Mbit/s late 2 ms
TL shared t=34.0 vox 83.8 comp 8.9 Mbit/s late 6 ms
TL shared t=34.5 vox 100.8 comp 10.1 Mbit/s late 8 ms
TL shared t=35.0 vox 89.0 comp 14.9 Mbit/s late 2 ms
TL shared t=35.5 vox 159.5 comp 9.3 Mbit/s late 2 ms
TL shared t=36.0 vox 88.4 comp 7.9 Mbit/s late 4 ms
TL shared t=36.5 vox 61.1 comp 9.1 Mbit/s late 7 ms
TL shared t=37.0 vox 43.0 comp 14.8 Mbit/s late 5 ms
TL shared t=37.5 vox 58.0 comp 10.8 Mbit/s late 4 ms
TL shared t=38.0 vox 37.1 comp 11.5 Mbit/s late 4 ms
TL shared t=38.5 vox 58.0 comp 20.3 Mbit/s late 4 ms
TL shared t=39.0 vox 52.5 comp 12.0 Mbit/s late 3 ms
TL shared t=39.5 vox 39.2 comp 14.8 Mbit/s late 3 ms
TL shared t=40.0 vox 32.1 comp 18.3 Mbit/s late 6 ms
RESULT congested vox 80.9 Mbit/s, cubic 15.4 Mbit/s, share ratio vox/cubic 5.26; tail drops 44101
ok

test result: ok. 1 passed; 0 failed; 0 ignored; 0 measured; 0 filtered out; finished in 56.22s

rc=0
