timing-slot: took slot1 of 3 at 19:55:30Z, load 40.87 45.31 46.22, 1 waiting
run-slot: took slot1 of 6 at 19:57:13Z, load 36.48 43.02 45.27, 6 waiting

running 1 test
test spike_adr024 ... SPIKE arm congested rate 200000000 ow 5 ms loss 0.01 qbdp 0.25 cc Ok("cubic")
TL shared t=0.5 vox 44.8 comp 37.5 Mbit/s late 3 ms
TL shared t=1.0 vox 37.2 comp 38.4 Mbit/s late 7 ms
TL shared t=1.5 vox 39.7 comp 35.9 Mbit/s late 5 ms
TL shared t=2.0 vox 36.9 comp 39.4 Mbit/s late 8 ms
TL shared t=2.5 vox 40.7 comp 39.8 Mbit/s late 2 ms
TL shared t=3.0 vox 39.0 comp 38.6 Mbit/s late 2 ms
TL shared t=3.5 vox 40.2 comp 39.4 Mbit/s late 1 ms
TL shared t=4.0 vox 40.7 comp 39.7 Mbit/s late 2 ms
TL shared t=4.5 vox 40.6 comp 40.5 Mbit/s late 1 ms
TL shared t=5.0 vox 36.3 comp 36.3 Mbit/s late 1 ms
TL shared t=5.5 vox 38.9 comp 32.9 Mbit/s late 2 ms
TL shared t=6.0 vox 31.6 comp 38.6 Mbit/s late 5 ms
TL shared t=6.5 vox 37.5 comp 38.3 Mbit/s late 2 ms
TL shared t=7.0 vox 40.6 comp 38.6 Mbit/s late 3 ms
TL shared t=7.5 vox 37.6 comp 37.9 Mbit/s late 2 ms
TL shared t=8.0 vox 35.6 comp 38.1 Mbit/s late 6 ms
TL shared t=8.5 vox 37.9 comp 34.9 Mbit/s late 5 ms
TL shared t=9.0 vox 36.7 comp 36.9 Mbit/s late 4 ms
TL shared t=9.5 vox 38.0 comp 34.6 Mbit/s late 3 ms
TL shared t=10.0 vox 37.7 comp 39.6 Mbit/s late 3 ms
TL shared t=10.5 vox 38.8 comp 33.4 Mbit/s late 1 ms
TL shared t=11.0 vox 38.3 comp 39.3 Mbit/s late 1 ms
TL shared t=11.5 vox 30.5 comp 37.7 Mbit/s late 2 ms
TL shared t=12.0 vox 41.6 comp 36.3 Mbit/s late 5 ms
TL shared t=12.5 vox 28.7 comp 33.7 Mbit/s late 6 ms
TL shared t=13.0 vox 38.8 comp 42.2 Mbit/s late 1 ms
TL shared t=13.5 vox 33.9 comp 36.6 Mbit/s late 3 ms
TL shared t=14.0 vox 33.7 comp 35.5 Mbit/s late 5 ms
TL shared t=14.5 vox 26.4 comp 31.6 Mbit/s late 6 ms
TL shared t=15.0 vox 37.7 comp 36.3 Mbit/s late 2 ms
TL shared t=15.5 vox 36.0 comp 37.5 Mbit/s late 5 ms
TL shared t=16.0 vox 34.6 comp 36.3 Mbit/s late 3 ms
TL shared t=16.5 vox 35.8 comp 34.1 Mbit/s late 4 ms
TL shared t=17.0 vox 31.0 comp 25.6 Mbit/s late 6 ms
TL shared t=17.5 vox 38.6 comp 35.6 Mbit/s late 1 ms
TL shared t=18.0 vox 33.6 comp 34.5 Mbit/s late 12 ms
TL shared t=18.5 vox 35.5 comp 31.9 Mbit/s late 3 ms
TL shared t=19.0 vox 37.1 comp 40.3 Mbit/s late 2 ms
TL shared t=19.5 vox 39.0 comp 41.8 Mbit/s late 6 ms
TL shared t=20.0 vox 35.1 comp 38.0 Mbit/s late 4 ms
TL shared t=20.5 vox 37.6 comp 36.6 Mbit/s late 2 ms
TL shared t=21.0 vox 38.8 comp 38.1 Mbit/s late 2 ms
TL shared t=21.5 vox 35.1 comp 38.1 Mbit/s late 2 ms
TL shared t=22.0 vox 36.6 comp 39.8 Mbit/s late 3 ms
TL shared t=22.5 vox 32.4 comp 31.1 Mbit/s late 12 ms
TL shared t=23.0 vox 35.6 comp 34.9 Mbit/s late 6 ms
TL shared t=23.5 vox 30.2 comp 31.4 Mbit/s late 15 ms
TL shared t=24.0 vox 39.0 comp 37.3 Mbit/s late 1 ms
TL shared t=24.5 vox 41.8 comp 37.2 Mbit/s late 2 ms
TL shared t=25.0 vox 40.5 comp 53.8 Mbit/s late 1 ms
TL shared t=25.5 vox 38.5 comp 38.4 Mbit/s late 1 ms
TL shared t=26.0 vox 43.1 comp 39.8 Mbit/s late 1 ms
TL shared t=26.5 vox 40.9 comp 39.0 Mbit/s late 3 ms
TL shared t=27.0 vox 43.5 comp 40.1 Mbit/s late 6 ms
TL shared t=27.5 vox 36.8 comp 40.9 Mbit/s late 6 ms
TL shared t=28.0 vox 39.0 comp 39.2 Mbit/s late 1 ms
TL shared t=28.5 vox 39.7 comp 38.3 Mbit/s late 3 ms
TL shared t=29.0 vox 45.6 comp 38.1 Mbit/s late 1 ms
TL shared t=29.5 vox 36.4 comp 42.2 Mbit/s late 2 ms
TL shared t=30.0 vox 39.4 comp 39.8 Mbit/s late 1 ms
TL shared t=30.5 vox 41.9 comp 41.8 Mbit/s late 1 ms
TL shared t=31.0 vox 40.6 comp 41.0 Mbit/s late 2 ms
TL shared t=31.5 vox 37.1 comp 39.8 Mbit/s late 2 ms
TL shared t=32.0 vox 41.6 comp 41.6 Mbit/s late 3 ms
TL shared t=32.5 vox 40.7 comp 35.4 Mbit/s late 3 ms
TL shared t=33.0 vox 38.8 comp 36.7 Mbit/s late 4 ms
TL shared t=33.5 vox 45.0 comp 39.8 Mbit/s late 1 ms
TL shared t=34.0 vox 46.1 comp 39.0 Mbit/s late 2 ms
TL shared t=34.5 vox 37.5 comp 36.2 Mbit/s late 4 ms
TL shared t=35.0 vox 39.6 comp 49.3 Mbit/s late 5 ms
TL shared t=35.5 vox 42.2 comp 43.6 Mbit/s late 2 ms
TL shared t=36.0 vox 39.4 comp 35.9 Mbit/s late 2 ms
TL shared t=36.5 vox 41.8 comp 41.5 Mbit/s late 1 ms
TL shared t=37.0 vox 33.4 comp 36.0 Mbit/s late 2 ms
TL shared t=37.5 vox 41.9 comp 39.4 Mbit/s late 2 ms
TL shared t=38.0 vox 38.5 comp 36.9 Mbit/s late 6 ms
TL shared t=38.5 vox 39.3 comp 39.8 Mbit/s late 2 ms
TL shared t=39.0 vox 41.0 comp 39.3 Mbit/s late 4 ms
TL shared t=39.5 vox 37.5 comp 38.9 Mbit/s late 4 ms
TL shared t=40.0 vox 43.1 comp 36.8 Mbit/s late 3 ms
RESULT congested vox 38.3 Mbit/s, cubic 38.1 Mbit/s, share ratio vox/cubic 1.00; tail drops 1574
ok

test result: ok. 1 passed; 0 failed; 0 ignored; 0 measured; 0 filtered out; finished in 56.38s

rc=0
