timing-slot: took slot1 of 3 at 20:11:48Z, load 66.47 65.64 54.87, 3 waiting
run-slot: took slot3 of 6 at 20:11:49Z, load 66.47 65.64 54.87, 4 waiting

running 1 test
test spike_adr024 ... SPIKE arm congested rate 200000000 ow 5 ms loss 0.01 qbdp 0.25 cc Ok("tier2")
TL shared t=0.5 vox 50.9 comp 36.3 Mbit/s late 4 ms
TL shared t=1.0 vox 35.0 comp 31.6 Mbit/s late 3 ms
TL shared t=1.5 vox 40.0 comp 39.5 Mbit/s late 2 ms
TL shared t=2.0 vox 29.1 comp 31.2 Mbit/s late 7 ms
TL shared t=2.5 vox 59.0 comp 37.0 Mbit/s late 2 ms
TL shared t=3.0 vox 49.1 comp 32.8 Mbit/s late 3 ms
TL shared t=3.5 vox 35.3 comp 33.5 Mbit/s late 10 ms
TL shared t=4.0 vox 36.0 comp 35.3 Mbit/s late 4 ms
TL shared t=4.5 vox 39.3 comp 34.7 Mbit/s late 3 ms
TL shared t=5.0 vox 36.3 comp 37.5 Mbit/s late 10 ms
TL shared t=5.5 vox 36.8 comp 36.2 Mbit/s late 4 ms
TL shared t=6.0 vox 36.4 comp 29.9 Mbit/s late 3 ms
TL shared t=6.5 vox 27.4 comp 39.8 Mbit/s late 7 ms
TL shared t=7.0 vox 32.2 comp 33.3 Mbit/s late 3 ms
TL shared t=7.5 vox 68.7 comp 36.0 Mbit/s late 2 ms
TL shared t=8.0 vox 37.7 comp 30.5 Mbit/s late 5 ms
TL shared t=8.5 vox 38.4 comp 46.5 Mbit/s late 5 ms
TL shared t=9.0 vox 32.0 comp 34.0 Mbit/s late 3 ms
TL shared t=9.5 vox 29.4 comp 40.7 Mbit/s late 10 ms
TL shared t=10.0 vox 46.0 comp 31.6 Mbit/s late 6 ms
TL shared t=10.5 vox 35.0 comp 35.0 Mbit/s late 9 ms
TL shared t=11.0 vox 36.8 comp 35.7 Mbit/s late 5 ms
TL shared t=11.5 vox 38.1 comp 41.8 Mbit/s late 10 ms
TL shared t=12.0 vox 38.5 comp 35.1 Mbit/s late 2 ms
TL shared t=12.5 vox 44.4 comp 41.2 Mbit/s late 2 ms
TL shared t=13.0 vox 79.1 comp 47.3 Mbit/s late 2 ms
TL shared t=13.5 vox 46.2 comp 33.8 Mbit/s late 6 ms
TL shared t=14.0 vox 37.2 comp 37.2 Mbit/s late 1 ms
TL shared t=14.5 vox 42.4 comp 41.0 Mbit/s late 3 ms
TL shared t=15.0 vox 42.6 comp 52.5 Mbit/s late 3 ms
TL shared t=15.5 vox 32.0 comp 37.5 Mbit/s late 5 ms
TL shared t=16.0 vox 38.0 comp 38.3 Mbit/s late 4 ms
TL shared t=16.5 vox 46.3 comp 39.9 Mbit/s late 2 ms
TL shared t=17.0 vox 54.0 comp 37.3 Mbit/s late 1 ms
TL shared t=17.5 vox 41.8 comp 50.6 Mbit/s late 1 ms
TL shared t=18.0 vox 45.0 comp 42.3 Mbit/s late 3 ms
TL shared t=18.5 vox 70.6 comp 37.2 Mbit/s late 1 ms
TL shared t=19.0 vox 52.7 comp 44.5 Mbit/s late 2 ms
TL shared t=19.5 vox 61.8 comp 39.4 Mbit/s late 1 ms
TL shared t=20.0 vox 56.3 comp 43.3 Mbit/s late 6 ms
TL shared t=20.5 vox 51.8 comp 36.4 Mbit/s late 5 ms
TL shared t=21.0 vox 71.9 comp 33.7 Mbit/s late 2 ms
TL shared t=21.5 vox 44.8 comp 39.3 Mbit/s late 3 ms
TL shared t=22.0 vox 41.1 comp 47.3 Mbit/s late 4 ms
TL shared t=22.5 vox 54.3 comp 42.3 Mbit/s late 4 ms
TL shared t=23.0 vox 61.0 comp 38.8 Mbit/s late 3 ms
TL shared t=23.5 vox 34.7 comp 33.1 Mbit/s late 2 ms
TL shared t=24.0 vox 60.8 comp 37.1 Mbit/s late 4 ms
TL shared t=24.5 vox 36.3 comp 37.7 Mbit/s late 4 ms
TL shared t=25.0 vox 70.0 comp 33.5 Mbit/s late 5 ms
TL shared t=25.5 vox 75.7 comp 39.4 Mbit/s late 2 ms
TL shared t=26.0 vox 66.2 comp 38.6 Mbit/s late 6 ms
TL shared t=26.5 vox 33.8 comp 31.9 Mbit/s late 4 ms
TL shared t=27.0 vox 35.2 comp 41.5 Mbit/s late 5 ms
TL shared t=27.5 vox 35.9 comp 30.3 Mbit/s late 4 ms
TL shared t=28.0 vox 53.9 comp 49.7 Mbit/s late 2 ms
TL shared t=28.5 vox 44.3 comp 37.7 Mbit/s late 2 ms
TL shared t=29.0 vox 34.3 comp 34.0 Mbit/s late 5 ms
TL shared t=29.5 vox 57.2 comp 50.6 Mbit/s late 1 ms
TL shared t=30.0 vox 40.6 comp 34.1 Mbit/s late 10 ms
TL shared t=30.5 vox 44.9 comp 37.5 Mbit/s late 2 ms
TL shared t=31.0 vox 63.8 comp 44.7 Mbit/s late 2 ms
TL shared t=31.5 vox 42.3 comp 38.4 Mbit/s late 1 ms
TL shared t=32.0 vox 47.8 comp 38.6 Mbit/s late 1 ms
TL shared t=32.5 vox 65.3 comp 32.5 Mbit/s late 6 ms
TL shared t=33.0 vox 68.0 comp 47.3 Mbit/s late 3 ms
TL shared t=33.5 vox 37.2 comp 35.4 Mbit/s late 5 ms
TL shared t=34.0 vox 54.7 comp 38.9 Mbit/s late 2 ms
TL shared t=34.5 vox 40.1 comp 32.9 Mbit/s late 4 ms
TL shared t=35.0 vox 71.7 comp 40.5 Mbit/s late 4 ms
TL shared t=35.5 vox 37.7 comp 30.5 Mbit/s late 6 ms
TL shared t=36.0 vox 71.9 comp 38.1 Mbit/s late 2 ms
TL shared t=36.5 vox 44.9 comp 29.6 Mbit/s late 1 ms
TL shared t=37.0 vox 52.1 comp 31.2 Mbit/s late 3 ms
TL shared t=37.5 vox 40.1 comp 38.6 Mbit/s late 2 ms
TL shared t=38.0 vox 58.5 comp 38.5 Mbit/s late 2 ms
TL shared t=38.5 vox 51.3 comp 36.7 Mbit/s late 2 ms
TL shared t=39.0 vox 69.1 comp 44.2 Mbit/s late 1 ms
TL shared t=39.5 vox 44.6 comp 41.9 Mbit/s late 2 ms
TL shared t=40.0 vox 39.4 comp 39.4 Mbit/s late 1 ms
TL shared t=40.5 vox 42.6 comp 38.8 Mbit/s late 3 ms
TL shared t=41.0 vox 45.3 comp 29.6 Mbit/s late 4 ms
TL shared t=41.5 vox 37.2 comp 39.3 Mbit/s late 3 ms
TL shared t=42.0 vox 56.1 comp 34.4 Mbit/s late 3 ms
TL shared t=42.5 vox 42.7 comp 40.7 Mbit/s late 3 ms
TL shared t=43.0 vox 38.4 comp 33.8 Mbit/s late 5 ms
TL shared t=43.5 vox 33.8 comp 37.2 Mbit/s late 5 ms
TL shared t=44.0 vox 31.3 comp 33.5 Mbit/s late 6 ms
TL shared t=44.5 vox 47.0 comp 39.4 Mbit/s late 1 ms
TL shared t=45.0 vox 118.3 comp 38.1 Mbit/s late 1 ms
TL shared t=45.5 vox 54.2 comp 39.5 Mbit/s late 1 ms
TL shared t=46.0 vox 49.0 comp 40.6 Mbit/s late 2 ms
TL shared t=46.5 vox 47.1 comp 39.8 Mbit/s late 1 ms
TL shared t=47.0 vox 44.6 comp 40.1 Mbit/s late 1 ms
TL shared t=47.5 vox 47.7 comp 34.7 Mbit/s late 1 ms
TL shared t=48.0 vox 39.6 comp 42.9 Mbit/s late 1 ms
TL shared t=48.5 vox 42.0 comp 40.1 Mbit/s late 1 ms
TL shared t=49.0 vox 53.1 comp 33.6 Mbit/s late 1 ms
TL shared t=49.5 vox 54.2 comp 38.9 Mbit/s late 2 ms
TL shared t=50.0 vox 43.1 comp 40.8 Mbit/s late 1 ms
TL shared t=50.5 vox 38.3 comp 37.6 Mbit/s late 1 ms
TL shared t=51.0 vox 47.4 comp 37.1 Mbit/s late 7 ms
TL shared t=51.5 vox 47.1 comp 40.8 Mbit/s late 2 ms
TL shared t=52.0 vox 40.6 comp 38.1 Mbit/s late 6 ms
TL shared t=52.5 vox 72.1 comp 49.4 Mbit/s late 1 ms
TL shared t=53.0 vox 70.1 comp 49.0 Mbit/s late 1 ms
TL shared t=53.5 vox 62.1 comp 43.6 Mbit/s late 2 ms
TL shared t=54.0 vox 40.9 comp 40.6 Mbit/s late 2 ms
TL shared t=54.5 vox 44.8 comp 35.8 Mbit/s late 1 ms
TL shared t=55.0 vox 37.6 comp 37.7 Mbit/s late 7 ms
TL shared t=55.5 vox 36.6 comp 39.0 Mbit/s late 8 ms
TL shared t=56.0 vox 63.7 comp 37.2 Mbit/s late 1 ms
TL shared t=56.5 vox 66.7 comp 42.9 Mbit/s late 3 ms
TL shared t=57.0 vox 59.7 comp 39.8 Mbit/s late 1 ms
TL shared t=57.5 vox 87.3 comp 37.3 Mbit/s late 1 ms
TL shared t=58.0 vox 38.3 comp 41.6 Mbit/s late 7 ms
TL shared t=58.5 vox 36.2 comp 35.0 Mbit/s late 9 ms
TL shared t=59.0 vox 49.9 comp 37.6 Mbit/s late 2 ms
TL shared t=59.5 vox 47.3 comp 41.4 Mbit/s late 1 ms
TL shared t=60.0 vox 35.8 comp 31.0 Mbit/s late 3 ms
TL shared t=60.5 vox 34.2 comp 32.5 Mbit/s late 7 ms
TL shared t=61.0 vox 45.0 comp 40.8 Mbit/s late 2 ms
TL shared t=61.5 vox 39.4 comp 38.4 Mbit/s late 3 ms
TL shared t=62.0 vox 42.6 comp 37.0 Mbit/s late 2 ms
TL shared t=62.5 vox 54.4 comp 48.9 Mbit/s late 3 ms
TL shared t=63.0 vox 44.3 comp 42.9 Mbit/s late 3 ms
TL shared t=63.5 vox 64.1 comp 49.3 Mbit/s late 2 ms
TL shared t=64.0 vox 50.3 comp 39.3 Mbit/s late 2 ms
TL shared t=64.5 vox 37.2 comp 40.8 Mbit/s late 1 ms
TL shared t=65.0 vox 45.3 comp 41.9 Mbit/s late 2 ms
TL shared t=65.5 vox 41.5 comp 39.0 Mbit/s late 4 ms
TL shared t=66.0 vox 58.9 comp 37.7 Mbit/s late 2 ms
TL shared t=66.5 vox 48.2 comp 40.7 Mbit/s late 2 ms
TL shared t=67.0 vox 37.1 comp 34.8 Mbit/s late 1 ms
TL shared t=67.5 vox 62.3 comp 43.2 Mbit/s late 3 ms
TL shared t=68.0 vox 59.9 comp 44.5 Mbit/s late 3 ms
TL shared t=68.5 vox 59.0 comp 37.6 Mbit/s late 5 ms
TL shared t=69.0 vox 63.2 comp 40.7 Mbit/s late 1 ms
TL shared t=69.5 vox 42.2 comp 39.7 Mbit/s late 2 ms
TL shared t=70.0 vox 46.5 comp 38.6 Mbit/s late 1 ms
TL shared t=70.5 vox 46.6 comp 38.9 Mbit/s late 2 ms
TL shared t=71.0 vox 48.2 comp 43.7 Mbit/s late 1 ms
TL shared t=71.5 vox 44.8 comp 39.8 Mbit/s late 2 ms
TL shared t=72.0 vox 56.7 comp 40.2 Mbit/s late 2 ms
TL shared t=72.5 vox 106.3 comp 37.5 Mbit/s late 2 ms
TL shared t=73.0 vox 62.3 comp 34.7 Mbit/s late 2 ms
TL shared t=73.5 vox 49.2 comp 33.5 Mbit/s late 3 ms
TL shared t=74.0 vox 39.3 comp 36.0 Mbit/s late 3 ms
TL shared t=74.5 vox 24.5 comp 27.6 Mbit/s late 9 ms
TL shared t=75.0 vox 53.9 comp 39.0 Mbit/s late 3 ms
TL shared t=75.5 vox 53.4 comp 40.5 Mbit/s late 3 ms
TL shared t=76.0 vox 45.2 comp 37.7 Mbit/s late 2 ms
TL shared t=76.5 vox 51.3 comp 36.2 Mbit/s late 2 ms
TL shared t=77.0 vox 38.9 comp 37.0 Mbit/s late 2 ms
TL shared t=77.5 vox 46.9 comp 38.5 Mbit/s late 1 ms
TL shared t=78.0 vox 43.9 comp 35.8 Mbit/s late 6 ms
TL shared t=78.5 vox 68.7 comp 41.1 Mbit/s late 2 ms
TL shared t=79.0 vox 44.0 comp 40.8 Mbit/s late 3 ms
TL shared t=79.5 vox 39.3 comp 43.3 Mbit/s late 3 ms
TL shared t=80.0 vox 58.2 comp 37.9 Mbit/s late 3 ms
RESULT congested vox 49.8 Mbit/s, cubic 38.8 Mbit/s, share ratio vox/cubic 1.29; tail drops 4692
ok

test result: ok. 1 passed; 0 failed; 0 ignored; 0 measured; 0 filtered out; finished in 94.93s

rc=0
