timing-slot: took slot1 of 3 at 20:27:25Z, load 35.81 39.22 46.51, 0 waiting
run-slot: took slot3 of 6 at 20:27:26Z, load 35.81 39.22 46.51, 2 waiting

running 1 test
test spike_adr024 ... SPIKE arm congested rate 1000000000 ow 1 ms loss 0.01 qbdp 0.25 cc Ok("tier2")
TL shared t=0.5 vox 155.5 comp 144.1 Mbit/s late 5 ms
TL shared t=1.0 vox 176.3 comp 168.9 Mbit/s late 7 ms
TL shared t=1.5 vox 157.8 comp 139.9 Mbit/s late 5 ms
TL shared t=2.0 vox 173.5 comp 135.1 Mbit/s late 1 ms
TL shared t=2.5 vox 152.6 comp 163.5 Mbit/s late 3 ms
TL shared t=3.0 vox 173.6 comp 136.3 Mbit/s late 1 ms
TL shared t=3.5 vox 159.3 comp 113.9 Mbit/s late 5 ms
TL shared t=4.0 vox 151.2 comp 142.8 Mbit/s late 6 ms
TL shared t=4.5 vox 143.2 comp 129.0 Mbit/s late 2 ms
TL shared t=5.0 vox 174.4 comp 151.6 Mbit/s late 2 ms
TL shared t=5.5 vox 164.4 comp 133.6 Mbit/s late 2 ms
TL shared t=6.0 vox 167.5 comp 143.7 Mbit/s late 3 ms
TL shared t=6.5 vox 152.1 comp 157.6 Mbit/s late 2 ms
TL shared t=7.0 vox 153.4 comp 100.9 Mbit/s late 7 ms
TL shared t=7.5 vox 180.5 comp 155.5 Mbit/s late 2 ms
TL shared t=8.0 vox 168.5 comp 135.8 Mbit/s late 3 ms
TL shared t=8.5 vox 163.7 comp 123.9 Mbit/s late 4 ms
TL shared t=9.0 vox 187.9 comp 150.1 Mbit/s late 1 ms
TL shared t=9.5 vox 168.9 comp 137.4 Mbit/s late 2 ms
TL shared t=10.0 vox 166.1 comp 138.7 Mbit/s late 2 ms
TL shared t=10.5 vox 173.8 comp 155.9 Mbit/s late 1 ms
TL shared t=11.0 vox 153.7 comp 130.3 Mbit/s late 5 ms
TL shared t=11.5 vox 127.8 comp 111.1 Mbit/s late 5 ms
TL shared t=12.0 vox 166.2 comp 153.8 Mbit/s late 5 ms
TL shared t=12.5 vox 170.5 comp 119.5 Mbit/s late 1 ms
TL shared t=13.0 vox 161.8 comp 140.0 Mbit/s late 6 ms
TL shared t=13.5 vox 165.8 comp 155.4 Mbit/s late 1 ms
TL shared t=14.0 vox 193.0 comp 158.1 Mbit/s late 1 ms
TL shared t=14.5 vox 181.3 comp 158.0 Mbit/s late 4 ms
TL shared t=15.0 vox 166.2 comp 135.5 Mbit/s late 3 ms
TL shared t=15.5 vox 173.9 comp 153.8 Mbit/s late 2 ms
TL shared t=16.0 vox 174.0 comp 103.1 Mbit/s late 5 ms
TL shared t=16.5 vox 143.0 comp 116.0 Mbit/s late 5 ms
TL shared t=17.0 vox 115.2 comp 102.2 Mbit/s late 4 ms
TL shared t=17.5 vox 184.5 comp 152.7 Mbit/s late 1 ms
TL shared t=18.0 vox 177.3 comp 149.5 Mbit/s late 2 ms
TL shared t=18.5 vox 178.5 comp 163.8 Mbit/s late 2 ms
TL shared t=19.0 vox 184.6 comp 168.3 Mbit/s late 3 ms
TL shared t=19.5 vox 143.0 comp 126.5 Mbit/s late 3 ms
TL shared t=20.0 vox 184.2 comp 151.3 Mbit/s late 1 ms
TL shared t=20.5 vox 165.4 comp 152.6 Mbit/s late 4 ms
TL shared t=21.0 vox 150.9 comp 107.7 Mbit/s late 5 ms
TL shared t=21.5 vox 186.6 comp 127.9 Mbit/s late 6 ms
TL shared t=22.0 vox 163.2 comp 128.4 Mbit/s late 9 ms
TL shared t=22.5 vox 108.6 comp 113.4 Mbit/s late 3 ms
TL shared t=23.0 vox 151.2 comp 118.1 Mbit/s late 3 ms
TL shared t=23.5 vox 196.4 comp 163.7 Mbit/s late 1 ms
TL shared t=24.0 vox 138.7 comp 115.2 Mbit/s late 4 ms
TL shared t=24.5 vox 167.8 comp 157.4 Mbit/s late 2 ms
TL shared t=25.0 vox 163.5 comp 137.9 Mbit/s late 5 ms
TL shared t=25.5 vox 134.6 comp 116.6 Mbit/s late 2 ms
TL shared t=26.0 vox 157.1 comp 136.2 Mbit/s late 2 ms
TL shared t=26.5 vox 157.8 comp 145.2 Mbit/s late 3 ms
TL shared t=27.0 vox 185.5 comp 141.9 Mbit/s late 13 ms
TL shared t=27.5 vox 171.2 comp 152.5 Mbit/s late 1 ms
TL shared t=28.0 vox 186.3 comp 162.7 Mbit/s late 4 ms
TL shared t=28.5 vox 154.5 comp 130.5 Mbit/s late 2 ms
TL shared t=29.0 vox 151.6 comp 130.6 Mbit/s late 5 ms
TL shared t=29.5 vox 140.7 comp 123.1 Mbit/s late 8 ms
TL shared t=30.0 vox 163.5 comp 154.2 Mbit/s late 5 ms
TL shared t=30.5 vox 171.4 comp 163.7 Mbit/s late 2 ms
TL shared t=31.0 vox 163.8 comp 118.3 Mbit/s late 3 ms
TL shared t=31.5 vox 139.4 comp 138.6 Mbit/s late 1 ms
TL shared t=32.0 vox 170.5 comp 156.7 Mbit/s late 4 ms
TL shared t=32.5 vox 166.8 comp 119.3 Mbit/s late 4 ms
TL shared t=33.0 vox 167.1 comp 160.4 Mbit/s late 5 ms
TL shared t=33.5 vox 147.4 comp 87.5 Mbit/s late 7 ms
TL shared t=34.0 vox 155.2 comp 144.7 Mbit/s late 2 ms
TL shared t=34.5 vox 161.5 comp 144.5 Mbit/s late 3 ms
TL shared t=35.0 vox 176.6 comp 153.2 Mbit/s late 2 ms
TL shared t=35.5 vox 171.9 comp 155.9 Mbit/s late 4 ms
TL shared t=36.0 vox 138.0 comp 165.1 Mbit/s late 6 ms
TL shared t=36.5 vox 134.1 comp 139.6 Mbit/s late 5 ms
TL shared t=37.0 vox 118.9 comp 171.0 Mbit/s late 1 ms
TL shared t=37.5 vox 178.5 comp 175.9 Mbit/s late 1 ms
TL shared t=38.0 vox 131.9 comp 141.5 Mbit/s late 4 ms
TL shared t=38.5 vox 142.3 comp 157.0 Mbit/s late 3 ms
TL shared t=39.0 vox 178.9 comp 153.2 Mbit/s late 8 ms
TL shared t=39.5 vox 135.0 comp 144.7 Mbit/s late 2 ms
TL shared t=40.0 vox 158.6 comp 154.7 Mbit/s late 4 ms
RESULT congested vox 160.5 Mbit/s, cubic 141.8 Mbit/s, share ratio vox/cubic 1.13; tail drops 10178
ok

test result: ok. 1 passed; 0 failed; 0 ignored; 0 measured; 0 filtered out; finished in 55.10s

rc=0
