timing-slot: took slot1 of 3 at 20:59:32Z, load 47.71 46.56 48.06, 0 waiting
run-slot: took slot3 of 6 at 20:59:32Z, load 47.71 46.56 48.06, 4 waiting

running 1 test
test spike_adr024 ... SPIKE arm congested rate 1000000000 ow 1 ms loss 0.01 qbdp 1 cc Ok("tier2")
TL shared t=0.5 vox 628.4 comp 344.9 Mbit/s late 4 ms
TL shared t=1.0 vox 556.0 comp 275.3 Mbit/s late 5 ms
TL shared t=1.5 vox 558.0 comp 332.8 Mbit/s late 9 ms
TL shared t=2.0 vox 409.7 comp 450.6 Mbit/s late 49 ms
TL shared t=2.5 vox 332.3 comp 279.7 Mbit/s late 8 ms
TL shared t=3.0 vox 472.2 comp 388.4 Mbit/s late 13 ms
TL shared t=3.5 vox 523.5 comp 411.3 Mbit/s late 2 ms
TL shared t=4.0 vox 612.6 comp 349.2 Mbit/s late 2 ms
TL shared t=4.5 vox 584.9 comp 369.9 Mbit/s late 3 ms
TL shared t=5.0 vox 444.8 comp 452.4 Mbit/s late 2 ms
TL shared t=5.5 vox 568.4 comp 388.5 Mbit/s late 3 ms
TL shared t=6.0 vox 597.6 comp 351.2 Mbit/s late 6 ms
TL shared t=6.5 vox 510.1 comp 424.6 Mbit/s late 2 ms
TL shared t=7.0 vox 494.3 comp 401.5 Mbit/s late 3 ms
TL shared t=7.5 vox 659.4 comp 290.7 Mbit/s late 4 ms
TL shared t=8.0 vox 508.8 comp 271.4 Mbit/s late 6 ms
TL shared t=8.5 vox 504.9 comp 453.5 Mbit/s late 2 ms
TL shared t=9.0 vox 562.4 comp 365.3 Mbit/s late 3 ms
TL shared t=9.5 vox 496.1 comp 457.6 Mbit/s late 2 ms
TL shared t=10.0 vox 560.9 comp 401.5 Mbit/s late 2 ms
TL shared t=10.5 vox 520.1 comp 338.4 Mbit/s late 4 ms
TL shared t=11.0 vox 596.4 comp 321.2 Mbit/s late 4 ms
TL shared t=11.5 vox 613.5 comp 331.7 Mbit/s late 6 ms
TL shared t=12.0 vox 609.8 comp 310.5 Mbit/s late 3 ms
TL shared t=12.5 vox 439.1 comp 404.2 Mbit/s late 14 ms
TL shared t=13.0 vox 648.1 comp 278.7 Mbit/s late 23 ms
TL shared t=13.5 vox 409.4 comp 311.6 Mbit/s late 5 ms
TL shared t=14.0 vox 571.3 comp 356.3 Mbit/s late 2 ms
TL shared t=14.5 vox 539.6 comp 402.9 Mbit/s late 2 ms
TL shared t=15.0 vox 586.2 comp 358.1 Mbit/s late 4 ms
TL shared t=15.5 vox 435.4 comp 369.2 Mbit/s late 4 ms
TL shared t=16.0 vox 585.5 comp 331.1 Mbit/s late 28 ms
TL shared t=16.5 vox 305.4 comp 362.0 Mbit/s late 38 ms
TL shared t=17.0 vox 510.9 comp 379.4 Mbit/s late 7 ms
TL shared t=17.5 vox 574.2 comp 309.9 Mbit/s late 8 ms
TL shared t=18.0 vox 406.6 comp 323.0 Mbit/s late 5 ms
TL shared t=18.5 vox 482.4 comp 380.7 Mbit/s late 15 ms
TL shared t=19.0 vox 381.9 comp 474.6 Mbit/s late 7 ms
TL shared t=19.5 vox 417.3 comp 342.7 Mbit/s late 10 ms
TL shared t=20.0 vox 299.3 comp 319.8 Mbit/s late 64 ms
TL shared t=20.5 vox 425.7 comp 332.0 Mbit/s late 8 ms
TL shared t=21.0 vox 529.7 comp 314.2 Mbit/s late 6 ms
TL shared t=21.5 vox 528.6 comp 350.2 Mbit/s late 9 ms
TL shared t=22.0 vox 388.6 comp 362.8 Mbit/s late 4 ms
TL shared t=22.5 vox 560.3 comp 376.1 Mbit/s late 3 ms
TL shared t=23.0 vox 502.7 comp 387.3 Mbit/s late 3 ms
TL shared t=23.5 vox 511.0 comp 354.5 Mbit/s late 6 ms
TL shared t=24.0 vox 644.1 comp 348.8 Mbit/s late 2 ms
TL shared t=24.5 vox 674.4 comp 301.7 Mbit/s late 1 ms
TL shared t=25.0 vox 488.9 comp 473.9 Mbit/s late 4 ms
TL shared t=25.5 vox 632.9 comp 277.8 Mbit/s late 1 ms
TL shared t=26.0 vox 662.4 comp 310.2 Mbit/s late 3 ms
TL shared t=26.5 vox 639.4 comp 299.6 Mbit/s late 5 ms
TL shared t=27.0 vox 617.2 comp 348.5 Mbit/s late 2 ms
TL shared t=27.5 vox 592.7 comp 392.9 Mbit/s late 1 ms
TL shared t=28.0 vox 611.6 comp 373.2 Mbit/s late 1 ms
TL shared t=28.5 vox 661.3 comp 258.4 Mbit/s late 7 ms
TL shared t=29.0 vox 613.6 comp 330.5 Mbit/s late 3 ms
TL shared t=29.5 vox 503.0 comp 435.2 Mbit/s late 1 ms
TL shared t=30.0 vox 381.8 comp 488.7 Mbit/s late 4 ms
TL shared t=30.5 vox 545.2 comp 282.5 Mbit/s late 3 ms
TL shared t=31.0 vox 711.7 comp 259.9 Mbit/s late 2 ms
TL shared t=31.5 vox 631.1 comp 261.0 Mbit/s late 3 ms
TL shared t=32.0 vox 617.9 comp 279.8 Mbit/s late 3 ms
TL shared t=32.5 vox 532.8 comp 316.1 Mbit/s late 21 ms
TL shared t=33.0 vox 403.2 comp 445.6 Mbit/s late 7 ms
TL shared t=33.5 vox 518.8 comp 270.2 Mbit/s late 6 ms
TL shared t=34.0 vox 262.4 comp 453.5 Mbit/s late 4 ms
TL shared t=34.5 vox 695.5 comp 243.4 Mbit/s late 3 ms
TL shared t=35.0 vox 523.7 comp 280.7 Mbit/s late 4 ms
TL shared t=35.5 vox 677.5 comp 257.9 Mbit/s late 10 ms
TL shared t=36.0 vox 534.0 comp 368.8 Mbit/s late 2 ms
TL shared t=36.5 vox 517.3 comp 348.9 Mbit/s late 3 ms
TL shared t=37.0 vox 649.6 comp 229.8 Mbit/s late 2 ms
TL shared t=37.5 vox 746.8 comp 244.4 Mbit/s late 2 ms
TL shared t=38.0 vox 708.8 comp 273.2 Mbit/s late 1 ms
TL shared t=38.5 vox 717.3 comp 262.0 Mbit/s late 1 ms
TL shared t=39.0 vox 690.6 comp 270.6 Mbit/s late 2 ms
TL shared t=39.5 vox 713.5 comp 259.8 Mbit/s late 4 ms
TL shared t=40.0 vox 535.4 comp 366.2 Mbit/s late 2 ms
RESULT congested vox 548.3 Mbit/s, cubic 335.4 Mbit/s, share ratio vox/cubic 1.63; tail drops 4538
ok

test result: ok. 1 passed; 0 failed; 0 ignored; 0 measured; 0 filtered out; finished in 61.22s

rc=0
