timing-slot: took slot2 of 3 at 20:25:34Z, load 31.11 40.91 48.06, 1 waiting
run-slot: took slot5 of 6 at 20:25:34Z, load 31.11 40.91 48.06, 4 waiting

running 1 test
test spike_adr024 ... SPIKE arm congested rate 1000000000 ow 1 ms loss 0.01 qbdp 1 cc Ok("cubic")
TL shared t=0.5 vox 345.1 comp 463.3 Mbit/s late 6 ms
TL shared t=1.0 vox 477.2 comp 445.3 Mbit/s late 3 ms
TL shared t=1.5 vox 454.2 comp 516.9 Mbit/s late 1 ms
TL shared t=2.0 vox 476.9 comp 407.3 Mbit/s late 3 ms
TL shared t=2.5 vox 362.2 comp 471.2 Mbit/s late 4 ms
TL shared t=3.0 vox 443.1 comp 386.1 Mbit/s late 2 ms
TL shared t=3.5 vox 535.3 comp 382.8 Mbit/s late 2 ms
TL shared t=4.0 vox 318.4 comp 565.2 Mbit/s late 2 ms
TL shared t=4.5 vox 555.0 comp 282.3 Mbit/s late 5 ms
TL shared t=5.0 vox 410.2 comp 519.1 Mbit/s late 4 ms
TL shared t=5.5 vox 360.3 comp 624.4 Mbit/s late 2 ms
TL shared t=6.0 vox 448.1 comp 476.7 Mbit/s late 1 ms
TL shared t=6.5 vox 437.1 comp 557.2 Mbit/s late 1 ms
TL shared t=7.0 vox 363.6 comp 580.3 Mbit/s late 3 ms
TL shared t=7.5 vox 443.6 comp 528.9 Mbit/s late 3 ms
TL shared t=8.0 vox 368.6 comp 554.2 Mbit/s late 4 ms
TL shared t=8.5 vox 450.3 comp 428.9 Mbit/s late 2 ms
TL shared t=9.0 vox 520.8 comp 459.7 Mbit/s late 1 ms
TL shared t=9.5 vox 455.8 comp 487.9 Mbit/s late 1 ms
TL shared t=10.0 vox 495.7 comp 438.4 Mbit/s late 2 ms
TL shared t=10.5 vox 468.6 comp 507.1 Mbit/s late 6 ms
TL shared t=11.0 vox 533.8 comp 356.9 Mbit/s late 9 ms
TL shared t=11.5 vox 429.1 comp 540.2 Mbit/s late 2 ms
TL shared t=12.0 vox 445.8 comp 506.9 Mbit/s late 2 ms
TL shared t=12.5 vox 539.1 comp 350.5 Mbit/s late 4 ms
TL shared t=13.0 vox 518.4 comp 401.9 Mbit/s late 4 ms
TL shared t=13.5 vox 438.5 comp 516.9 Mbit/s late 3 ms
TL shared t=14.0 vox 534.9 comp 406.3 Mbit/s late 4 ms
TL shared t=14.5 vox 465.3 comp 476.0 Mbit/s late 3 ms
TL shared t=15.0 vox 472.9 comp 468.4 Mbit/s late 9 ms
TL shared t=15.5 vox 370.1 comp 508.0 Mbit/s late 8 ms
TL shared t=16.0 vox 416.2 comp 453.9 Mbit/s late 9 ms
TL shared t=16.5 vox 476.1 comp 478.1 Mbit/s late 3 ms
TL shared t=17.0 vox 456.2 comp 529.0 Mbit/s late 1 ms
TL shared t=17.5 vox 458.4 comp 505.9 Mbit/s late 3 ms
TL shared t=18.0 vox 404.4 comp 429.2 Mbit/s late 44 ms
TL shared t=18.5 vox 506.9 comp 435.2 Mbit/s late 4 ms
TL shared t=19.0 vox 407.5 comp 514.9 Mbit/s late 8 ms
TL shared t=19.5 vox 400.0 comp 507.0 Mbit/s late 9 ms
TL shared t=20.0 vox 512.6 comp 468.9 Mbit/s late 1 ms
TL shared t=20.5 vox 481.5 comp 474.3 Mbit/s late 7 ms
TL shared t=21.0 vox 511.5 comp 427.5 Mbit/s late 4 ms
TL shared t=21.5 vox 436.6 comp 550.3 Mbit/s late 2 ms
TL shared t=22.0 vox 472.0 comp 510.1 Mbit/s late 2 ms
TL shared t=22.5 vox 318.6 comp 638.6 Mbit/s late 2 ms
TL shared t=23.0 vox 410.0 comp 551.8 Mbit/s late 8 ms
TL shared t=23.5 vox 413.0 comp 535.3 Mbit/s late 5 ms
TL shared t=24.0 vox 473.9 comp 470.8 Mbit/s late 5 ms
TL shared t=24.5 vox 423.1 comp 550.7 Mbit/s late 3 ms
TL shared t=25.0 vox 449.0 comp 516.2 Mbit/s late 3 ms
TL shared t=25.5 vox 457.2 comp 532.4 Mbit/s late 1 ms
TL shared t=26.0 vox 492.9 comp 493.8 Mbit/s late 2 ms
TL shared t=26.5 vox 364.9 comp 610.6 Mbit/s late 7 ms
TL shared t=27.0 vox 416.4 comp 549.8 Mbit/s late 4 ms
TL shared t=27.5 vox 383.3 comp 604.7 Mbit/s late 1 ms
TL shared t=28.0 vox 394.6 comp 556.8 Mbit/s late 6 ms
TL shared t=28.5 vox 401.0 comp 552.2 Mbit/s late 3 ms
TL shared t=29.0 vox 504.0 comp 465.7 Mbit/s late 2 ms
TL shared t=29.5 vox 419.8 comp 490.8 Mbit/s late 3 ms
TL shared t=30.0 vox 502.7 comp 455.4 Mbit/s late 2 ms
TL shared t=30.5 vox 442.0 comp 545.8 Mbit/s late 0 ms
TL shared t=31.0 vox 476.7 comp 451.4 Mbit/s late 2 ms
TL shared t=31.5 vox 524.2 comp 466.4 Mbit/s late 1 ms
TL shared t=32.0 vox 372.7 comp 538.8 Mbit/s late 1 ms
TL shared t=32.5 vox 481.6 comp 405.8 Mbit/s late 6 ms
TL shared t=33.0 vox 464.2 comp 370.9 Mbit/s late 24 ms
TL shared t=33.5 vox 453.1 comp 485.4 Mbit/s late 17 ms
TL shared t=34.0 vox 482.3 comp 433.2 Mbit/s late 2 ms
TL shared t=34.5 vox 524.1 comp 444.5 Mbit/s late 1 ms
TL shared t=35.0 vox 392.1 comp 575.7 Mbit/s late 1 ms
TL shared t=35.5 vox 403.5 comp 519.5 Mbit/s late 3 ms
TL shared t=36.0 vox 342.8 comp 500.7 Mbit/s late 7 ms
TL shared t=36.5 vox 474.3 comp 474.2 Mbit/s late 1 ms
TL shared t=37.0 vox 515.3 comp 332.6 Mbit/s late 7 ms
TL shared t=37.5 vox 483.7 comp 454.8 Mbit/s late 2 ms
TL shared t=38.0 vox 475.1 comp 404.3 Mbit/s late 3 ms
TL shared t=38.5 vox 456.3 comp 488.7 Mbit/s late 2 ms
TL shared t=39.0 vox 476.7 comp 391.7 Mbit/s late 3 ms
TL shared t=39.5 vox 408.3 comp 478.5 Mbit/s late 8 ms
TL shared t=40.0 vox 530.1 comp 447.8 Mbit/s late 1 ms
RESULT congested vox 448.6 Mbit/s, cubic 489.7 Mbit/s, share ratio vox/cubic 0.92; tail drops 2226
ok

test result: ok. 1 passed; 0 failed; 0 ignored; 0 measured; 0 filtered out; finished in 55.11s

rc=0
