timing-slot: took slot1 of 3 at 18:44:51Z, load 76.00 60.75 57.84, 5 waiting
run-slot: took slot6 of 6 at 18:44:51Z, load 76.00 60.75 57.84, 5 waiting

running 1 test
test spike_adr024 ... SPIKE arm lossy rate 200000000 ow 5 ms loss 0.01 qbdp 1 cc Ok("cubic")
TL vox-alone t=0.5 vox 96.9 comp 0.0 Mbit/s late 3 ms
TL vox-alone t=1.0 vox 45.7 comp 0.0 Mbit/s late 18 ms
TL vox-alone t=1.5 vox 61.0 comp 0.0 Mbit/s late 2 ms
TL vox-alone t=2.0 vox 65.4 comp 0.0 Mbit/s late 2 ms
TL vox-alone t=2.5 vox 66.6 comp 0.0 Mbit/s late 2 ms
TL vox-alone t=3.0 vox 53.0 comp 0.0 Mbit/s late 2 ms
TL vox-alone t=3.5 vox 48.0 comp 0.0 Mbit/s late 3 ms
TL vox-alone t=4.0 vox 83.4 comp 0.0 Mbit/s late 8 ms
TL vox-alone t=4.5 vox 70.1 comp 0.0 Mbit/s late 2 ms
TL vox-alone t=5.0 vox 79.0 comp 0.0 Mbit/s late 2 ms
TL vox-alone t=5.5 vox 53.4 comp 0.0 Mbit/s late 2 ms
TL vox-alone t=6.0 vox 57.7 comp 0.0 Mbit/s late 3 ms
TL vox-alone t=6.5 vox 73.4 comp 0.0 Mbit/s late 3 ms
TL vox-alone t=7.0 vox 53.0 comp 0.0 Mbit/s late 9 ms
TL vox-alone t=7.5 vox 48.3 comp 0.0 Mbit/s late 2 ms
TL vox-alone t=8.0 vox 43.5 comp 0.0 Mbit/s late 2 ms
TL vox-alone t=8.5 vox 76.2 comp 0.0 Mbit/s late 6 ms
TL vox-alone t=9.0 vox 47.1 comp 0.0 Mbit/s late 3 ms
TL vox-alone t=9.5 vox 47.0 comp 0.0 Mbit/s late 6 ms
TL vox-alone t=10.0 vox 37.2 comp 0.0 Mbit/s late 5 ms
TL vox-alone t=10.5 vox 56.3 comp 0.0 Mbit/s late 6 ms
TL vox-alone t=11.0 vox 59.8 comp 0.0 Mbit/s late 6 ms
TL vox-alone t=11.5 vox 46.2 comp 0.0 Mbit/s late 4 ms
TL vox-alone t=12.0 vox 45.4 comp 0.0 Mbit/s late 3 ms
TL vox-alone t=12.5 vox 42.7 comp 0.0 Mbit/s late 1 ms
TL vox-alone t=13.0 vox 53.3 comp 0.0 Mbit/s late 4 ms
TL vox-alone t=13.5 vox 62.0 comp 0.0 Mbit/s late 4 ms
TL vox-alone t=14.0 vox 55.7 comp 0.0 Mbit/s late 2 ms
TL vox-alone t=14.5 vox 57.6 comp 0.0 Mbit/s late 3 ms
TL vox-alone t=15.0 vox 64.1 comp 0.0 Mbit/s late 1 ms
TL vox-alone t=15.5 vox 78.6 comp 0.0 Mbit/s late 5 ms
TL vox-alone t=16.0 vox 45.7 comp 0.0 Mbit/s late 1 ms
TL vox-alone t=16.5 vox 42.6 comp 0.0 Mbit/s late 7 ms
TL vox-alone t=17.0 vox 45.0 comp 0.0 Mbit/s late 4 ms
TL vox-alone t=17.5 vox 44.1 comp 0.0 Mbit/s late 6 ms
TL vox-alone t=18.0 vox 82.0 comp 0.0 Mbit/s late 2 ms
TL vox-alone t=18.5 vox 76.5 comp 0.0 Mbit/s late 3 ms
TL vox-alone t=19.0 vox 63.1 comp 0.0 Mbit/s late 3 ms
TL vox-alone t=19.5 vox 69.3 comp 0.0 Mbit/s late 4 ms
TL vox-alone t=20.0 vox 103.8 comp 0.0 Mbit/s late 2 ms
TL cubic-alone t=0.5 vox 10.5 comp 54.2 Mbit/s late 9 ms
TL cubic-alone t=1.0 vox 0.0 comp 55.0 Mbit/s late 10 ms
TL cubic-alone t=1.5 vox 0.0 comp 104.2 Mbit/s late 1 ms
TL cubic-alone t=2.0 vox 0.0 comp 66.8 Mbit/s late 2 ms
TL cubic-alone t=2.5 vox 0.0 comp 51.4 Mbit/s late 1 ms
TL cubic-alone t=3.0 vox 0.0 comp 59.0 Mbit/s late 2 ms
TL cubic-alone t=3.5 vox 0.0 comp 66.1 Mbit/s late 2 ms
TL cubic-alone t=4.0 vox 0.0 comp 59.1 Mbit/s late 8 ms
TL cubic-alone t=4.5 vox 0.0 comp 84.1 Mbit/s late 4 ms
TL cubic-alone t=5.0 vox 0.0 comp 46.5 Mbit/s late 6 ms
TL cubic-alone t=5.5 vox 0.0 comp 51.6 Mbit/s late 11 ms
TL cubic-alone t=6.0 vox 0.0 comp 68.4 Mbit/s late 2 ms
TL cubic-alone t=6.5 vox 0.0 comp 61.8 Mbit/s late 2 ms
TL cubic-alone t=7.0 vox 0.0 comp 54.1 Mbit/s late 2 ms
TL cubic-alone t=7.5 vox 0.0 comp 70.4 Mbit/s late 1 ms
TL cubic-alone t=8.0 vox 0.0 comp 78.3 Mbit/s late 1 ms
TL cubic-alone t=8.5 vox 0.0 comp 86.4 Mbit/s late 2 ms
TL cubic-alone t=9.0 vox 0.0 comp 37.6 Mbit/s late 4 ms
TL cubic-alone t=9.5 vox 0.0 comp 46.3 Mbit/s late 4 ms
TL cubic-alone t=10.0 vox 0.0 comp 57.6 Mbit/s late 2 ms
TL cubic-alone t=10.5 vox 0.0 comp 68.2 Mbit/s late 2 ms
TL cubic-alone t=11.0 vox 0.0 comp 44.1 Mbit/s late 5 ms
TL cubic-alone t=11.5 vox 0.0 comp 58.4 Mbit/s late 2 ms
TL cubic-alone t=12.0 vox 0.0 comp 60.4 Mbit/s late 4 ms
TL cubic-alone t=12.5 vox 0.0 comp 40.9 Mbit/s late 8 ms
TL cubic-alone t=13.0 vox 0.0 comp 91.8 Mbit/s late 4 ms
TL cubic-alone t=13.5 vox 0.0 comp 45.7 Mbit/s late 5 ms
TL cubic-alone t=14.0 vox 0.0 comp 56.3 Mbit/s late 6 ms
TL cubic-alone t=14.5 vox 0.0 comp 49.0 Mbit/s late 2 ms
TL cubic-alone t=15.0 vox 0.0 comp 61.2 Mbit/s late 2 ms
TL cubic-alone t=15.5 vox 0.0 comp 66.1 Mbit/s late 4 ms
TL cubic-alone t=16.0 vox 0.0 comp 74.5 Mbit/s late 4 ms
TL cubic-alone t=16.5 vox 0.0 comp 64.0 Mbit/s late 3 ms
TL cubic-alone t=17.0 vox 0.0 comp 54.7 Mbit/s late 7 ms
TL cubic-alone t=17.5 vox 0.0 comp 64.6 Mbit/s late 5 ms
TL cubic-alone t=18.0 vox 0.0 comp 48.8 Mbit/s late 1 ms
TL cubic-alone t=18.5 vox 0.0 comp 70.4 Mbit/s late 3 ms
TL cubic-alone t=19.0 vox 0.0 comp 81.1 Mbit/s late 2 ms
TL cubic-alone t=19.5 vox 0.0 comp 75.9 Mbit/s late 2 ms
TL cubic-alone t=20.0 vox 0.0 comp 60.3 Mbit/s late 5 ms
RESULT lossy vox 57.3 Mbit/s, cubic 61.7 Mbit/s, ratio 0.93; loss drops 567 tail drops 0
ok

test result: ok. 1 passed; 0 failed; 0 ignored; 0 measured; 0 filtered out; finished in 54.80s

rc=0
