timing-slot: took slot1 of 3 at 20:30:58Z, load 54.91 43.06 46.22, 0 waiting
run-slot: took slot3 of 6 at 20:30:58Z, load 54.91 43.06 46.22, 3 waiting

running 1 test
test spike_adr024 ... SPIKE arm lossy rate 200000000 ow 5 ms loss 0.05 qbdp 1 cc Ok("bbr")
TL vox-alone t=0.5 vox 157.6 comp 0.0 Mbit/s late 1 ms
TL vox-alone t=1.0 vox 189.7 comp 0.0 Mbit/s late 1 ms
TL vox-alone t=1.5 vox 194.8 comp 0.0 Mbit/s late 3 ms
TL vox-alone t=2.0 vox 192.0 comp 0.0 Mbit/s late 3 ms
TL vox-alone t=2.5 vox 171.0 comp 0.0 Mbit/s late 1 ms
TL vox-alone t=3.0 vox 195.2 comp 0.0 Mbit/s late 3 ms
TL vox-alone t=3.5 vox 191.9 comp 0.0 Mbit/s late 1 ms
TL vox-alone t=4.0 vox 183.3 comp 0.0 Mbit/s late 2 ms
TL vox-alone t=4.5 vox 174.0 comp 0.0 Mbit/s late 3 ms
TL vox-alone t=5.0 vox 191.8 comp 0.0 Mbit/s late 2 ms
TL vox-alone t=5.5 vox 174.2 comp 0.0 Mbit/s late 2 ms
TL vox-alone t=6.0 vox 186.0 comp 0.0 Mbit/s late 6 ms
TL vox-alone t=6.5 vox 191.1 comp 0.0 Mbit/s late 1 ms
TL vox-alone t=7.0 vox 173.9 comp 0.0 Mbit/s late 3 ms
TL vox-alone t=7.5 vox 179.1 comp 0.0 Mbit/s late 2 ms
TL vox-alone t=8.0 vox 179.4 comp 0.0 Mbit/s late 3 ms
TL vox-alone t=8.5 vox 185.4 comp 0.0 Mbit/s late 4 ms
TL vox-alone t=9.0 vox 167.4 comp 0.0 Mbit/s late 7 ms
TL vox-alone t=9.5 vox 190.2 comp 0.0 Mbit/s late 2 ms
TL vox-alone t=10.0 vox 171.7 comp 0.0 Mbit/s late 9 ms
TL vox-alone t=10.5 vox 161.5 comp 0.0 Mbit/s late 3 ms
TL vox-alone t=11.0 vox 192.0 comp 0.0 Mbit/s late 2 ms
TL vox-alone t=11.5 vox 184.7 comp 0.0 Mbit/s late 2 ms
TL vox-alone t=12.0 vox 186.2 comp 0.0 Mbit/s late 2 ms
TL vox-alone t=12.5 vox 178.3 comp 0.0 Mbit/s late 3 ms
TL vox-alone t=13.0 vox 182.0 comp 0.0 Mbit/s late 2 ms
TL vox-alone t=13.5 vox 159.3 comp 0.0 Mbit/s late 8 ms
TL vox-alone t=14.0 vox 189.0 comp 0.0 Mbit/s late 1 ms
TL vox-alone t=14.5 vox 172.6 comp 0.0 Mbit/s late 4 ms
TL vox-alone t=15.0 vox 173.0 comp 0.0 Mbit/s late 6 ms
TL vox-alone t=15.5 vox 161.1 comp 0.0 Mbit/s late 7 ms
TL vox-alone t=16.0 vox 181.2 comp 0.0 Mbit/s late 5 ms
TL vox-alone t=16.5 vox 177.0 comp 0.0 Mbit/s late 6 ms
TL vox-alone t=17.0 vox 173.8 comp 0.0 Mbit/s late 2 ms
TL vox-alone t=17.5 vox 183.2 comp 0.0 Mbit/s late 3 ms
TL vox-alone t=18.0 vox 176.0 comp 0.0 Mbit/s late 4 ms
TL vox-alone t=18.5 vox 191.5 comp 0.0 Mbit/s late 2 ms
TL vox-alone t=19.0 vox 180.7 comp 0.0 Mbit/s late 1 ms
TL vox-alone t=19.5 vox 153.0 comp 0.0 Mbit/s late 9 ms
TL vox-alone t=20.0 vox 171.0 comp 0.0 Mbit/s late 10 ms
TL vox-alone t=20.5 vox 164.0 comp 0.0 Mbit/s late 3 ms
TL vox-alone t=21.0 vox 194.5 comp 0.0 Mbit/s late 3 ms
TL vox-alone t=21.5 vox 187.3 comp 0.0 Mbit/s late 1 ms
TL vox-alone t=22.0 vox 160.4 comp 0.0 Mbit/s late 6 ms
TL vox-alone t=22.5 vox 173.0 comp 0.0 Mbit/s late 6 ms
TL vox-alone t=23.0 vox 189.2 comp 0.0 Mbit/s late 5 ms
TL vox-alone t=23.5 vox 186.9 comp 0.0 Mbit/s late 4 ms
TL vox-alone t=24.0 vox 182.1 comp 0.0 Mbit/s late 3 ms
TL vox-alone t=24.5 vox 183.9 comp 0.0 Mbit/s late 2 ms
TL vox-alone t=25.0 vox 181.3 comp 0.0 Mbit/s late 4 ms
TL vox-alone t=25.5 vox 186.3 comp 0.0 Mbit/s late 4 ms
TL vox-alone t=26.0 vox 175.9 comp 0.0 Mbit/s late 3 ms
TL vox-alone t=26.5 vox 176.0 comp 0.0 Mbit/s late 5 ms
TL vox-alone t=27.0 vox 190.0 comp 0.0 Mbit/s late 2 ms
TL vox-alone t=27.5 vox 170.2 comp 0.0 Mbit/s late 4 ms
TL vox-alone t=28.0 vox 167.0 comp 0.0 Mbit/s late 5 ms
TL vox-alone t=28.5 vox 184.3 comp 0.0 Mbit/s late 4 ms
TL vox-alone t=29.0 vox 181.9 comp 0.0 Mbit/s late 6 ms
TL vox-alone t=29.5 vox 190.2 comp 0.0 Mbit/s late 3 ms
TL vox-alone t=30.0 vox 183.0 comp 0.0 Mbit/s late 12 ms
TL cubic-alone t=0.5 vox 0.0 comp 41.7 Mbit/s late 8 ms
TL cubic-alone t=1.0 vox 0.0 comp 23.5 Mbit/s late 4 ms
TL cubic-alone t=1.5 vox 0.0 comp 25.4 Mbit/s late 2 ms
TL cubic-alone t=2.0 vox 0.0 comp 29.0 Mbit/s late 2 ms
TL cubic-alone t=2.5 vox 0.0 comp 32.9 Mbit/s late 1 ms
TL cubic-alone t=3.0 vox 0.0 comp 32.3 Mbit/s late 7 ms
TL cubic-alone t=3.5 vox 0.0 comp 36.6 Mbit/s late 2 ms
TL cubic-alone t=4.0 vox 0.0 comp 29.0 Mbit/s late 2 ms
TL cubic-alone t=4.5 vox 0.0 comp 21.9 Mbit/s late 5 ms
TL cubic-alone t=5.0 vox 0.0 comp 21.5 Mbit/s late 2 ms
TL cubic-alone t=5.5 vox 0.0 comp 27.1 Mbit/s late 1 ms
TL cubic-alone t=6.0 vox 0.0 comp 26.9 Mbit/s late 1 ms
TL cubic-alone t=6.5 vox 0.0 comp 33.0 Mbit/s late 1 ms
TL cubic-alone t=7.0 vox 0.0 comp 20.6 Mbit/s late 8 ms
TL cubic-alone t=7.5 vox 0.0 comp 26.4 Mbit/s late 7 ms
TL cubic-alone t=8.0 vox 0.0 comp 25.5 Mbit/s late 1 ms
TL cubic-alone t=8.5 vox 0.0 comp 14.9 Mbit/s late 4 ms
TL cubic-alone t=9.0 vox 0.0 comp 22.5 Mbit/s late 2 ms
TL cubic-alone t=9.5 vox 0.0 comp 16.0 Mbit/s late 2 ms
TL cubic-alone t=10.0 vox 0.0 comp 26.3 Mbit/s late 1 ms
TL cubic-alone t=10.5 vox 0.0 comp 20.3 Mbit/s late 1 ms
TL cubic-alone t=11.0 vox 0.0 comp 30.8 Mbit/s late 1 ms
TL cubic-alone t=11.5 vox 0.0 comp 16.4 Mbit/s late 1 ms
TL cubic-alone t=12.0 vox 0.0 comp 16.5 Mbit/s late 4 ms
TL cubic-alone t=12.5 vox 0.0 comp 32.5 Mbit/s late 2 ms
TL cubic-alone t=13.0 vox 0.0 comp 27.7 Mbit/s late 2 ms
TL cubic-alone t=13.5 vox 0.0 comp 25.2 Mbit/s late 1 ms
TL cubic-alone t=14.0 vox 0.0 comp 25.2 Mbit/s late 2 ms
TL cubic-alone t=14.5 vox 0.0 comp 23.2 Mbit/s late 5 ms
TL cubic-alone t=15.0 vox 0.0 comp 29.1 Mbit/s late 1 ms
TL cubic-alone t=15.5 vox 0.0 comp 19.0 Mbit/s late 1 ms
TL cubic-alone t=16.0 vox 0.0 comp 28.3 Mbit/s late 3 ms
TL cubic-alone t=16.5 vox 0.0 comp 27.3 Mbit/s late 1 ms
TL cubic-alone t=17.0 vox 0.0 comp 28.5 Mbit/s late 1 ms
TL cubic-alone t=17.5 vox 0.0 comp 18.9 Mbit/s late 1 ms
TL cubic-alone t=18.0 vox 0.0 comp 36.4 Mbit/s late 2 ms
TL cubic-alone t=18.5 vox 0.0 comp 26.0 Mbit/s late 2 ms
TL cubic-alone t=19.0 vox 0.0 comp 25.6 Mbit/s late 1 ms
TL cubic-alone t=19.5 vox 0.0 comp 29.0 Mbit/s late 1 ms
TL cubic-alone t=20.0 vox 0.0 comp 24.4 Mbit/s late 1 ms
TL cubic-alone t=20.5 vox 0.0 comp 27.3 Mbit/s late 2 ms
TL cubic-alone t=21.0 vox 0.0 comp 16.1 Mbit/s late 3 ms
TL cubic-alone t=21.5 vox 0.0 comp 21.6 Mbit/s late 5 ms
TL cubic-alone t=22.0 vox 0.0 comp 25.5 Mbit/s late 3 ms
TL cubic-alone t=22.5 vox 0.0 comp 26.3 Mbit/s late 6 ms
TL cubic-alone t=23.0 vox 0.0 comp 20.8 Mbit/s late 4 ms
TL cubic-alone t=23.5 vox 0.0 comp 18.7 Mbit/s late 6 ms
TL cubic-alone t=24.0 vox 0.0 comp 18.8 Mbit/s late 5 ms
TL cubic-alone t=24.5 vox 0.0 comp 25.0 Mbit/s late 1 ms
TL cubic-alone t=25.0 vox 0.0 comp 22.1 Mbit/s late 1 ms
TL cubic-alone t=25.5 vox 0.0 comp 22.4 Mbit/s late 1 ms
TL cubic-alone t=26.0 vox 0.0 comp 20.8 Mbit/s late 1 ms
TL cubic-alone t=26.5 vox 0.0 comp 23.5 Mbit/s late 1 ms
TL cubic-alone t=27.0 vox 0.0 comp 25.0 Mbit/s late 1 ms
TL cubic-alone t=27.5 vox 0.0 comp 22.3 Mbit/s late 1 ms
TL cubic-alone t=28.0 vox 0.0 comp 32.0 Mbit/s late 3 ms
TL cubic-alone t=28.5 vox 0.0 comp 26.0 Mbit/s late 5 ms
TL cubic-alone t=29.0 vox 0.0 comp 26.2 Mbit/s late 3 ms
TL cubic-alone t=29.5 vox 0.0 comp 23.6 Mbit/s late 1 ms
TL cubic-alone t=30.0 vox 0.0 comp 22.3 Mbit/s late 1 ms
RESULT lossy vox 178.4 Mbit/s, cubic 24.4 Mbit/s, ratio 7.31; loss drops 7290 tail drops 0
ok

test result: ok. 1 passed; 0 failed; 0 ignored; 0 measured; 0 filtered out; finished in 90.20s

rc=0
