timing-slot: took slot3 of 3 at 19:07:15Z, load 54.57 48.94 47.87, 2 waiting
run-slot: took slot5 of 6 at 19:08:46Z, load 53.97 49.95 48.36, 8 waiting

running 1 test
test spike_adr024 ... SPIKE arm lossy rate 200000000 ow 5 ms loss 0.01 qbdp 1 cc Ok("tier2")
TL vox-alone t=0.5 vox 90.7 comp 0.0 Mbit/s late 1 ms
TL vox-alone t=1.0 vox 49.3 comp 0.0 Mbit/s late 3 ms
TL vox-alone t=1.5 vox 62.1 comp 0.0 Mbit/s late 2 ms
TL vox-alone t=2.0 vox 66.2 comp 0.0 Mbit/s late 1 ms
TL vox-alone t=2.5 vox 69.3 comp 0.0 Mbit/s late 5 ms
TL vox-alone t=3.0 vox 49.0 comp 0.0 Mbit/s late 4 ms
TL vox-alone t=3.5 vox 47.0 comp 0.0 Mbit/s late 3 ms
TL vox-alone t=4.0 vox 71.9 comp 0.0 Mbit/s late 1 ms
TL vox-alone t=4.5 vox 67.1 comp 0.0 Mbit/s late 5 ms
TL vox-alone t=5.0 vox 63.1 comp 0.0 Mbit/s late 5 ms
TL vox-alone t=5.5 vox 68.7 comp 0.0 Mbit/s late 7 ms
TL vox-alone t=6.0 vox 44.9 comp 0.0 Mbit/s late 3 ms
TL vox-alone t=6.5 vox 75.3 comp 0.0 Mbit/s late 1 ms
TL vox-alone t=7.0 vox 55.0 comp 0.0 Mbit/s late 5 ms
TL vox-alone t=7.5 vox 53.0 comp 0.0 Mbit/s late 4 ms
TL vox-alone t=8.0 vox 42.0 comp 0.0 Mbit/s late 5 ms
TL vox-alone t=8.5 vox 68.1 comp 0.0 Mbit/s late 5 ms
TL vox-alone t=9.0 vox 56.4 comp 0.0 Mbit/s late 6 ms
TL vox-alone t=9.5 vox 61.2 comp 0.0 Mbit/s late 2 ms
TL vox-alone t=10.0 vox 46.9 comp 0.0 Mbit/s late 1 ms
TL vox-alone t=10.5 vox 75.5 comp 0.0 Mbit/s late 2 ms
TL vox-alone t=11.0 vox 64.5 comp 0.0 Mbit/s late 6 ms
TL vox-alone t=11.5 vox 57.2 comp 0.0 Mbit/s late 3 ms
TL vox-alone t=12.0 vox 49.2 comp 0.0 Mbit/s late 1 ms
TL vox-alone t=12.5 vox 59.3 comp 0.0 Mbit/s late 1 ms
TL vox-alone t=13.0 vox 62.1 comp 0.0 Mbit/s late 3 ms
TL vox-alone t=13.5 vox 51.5 comp 0.0 Mbit/s late 2 ms
TL vox-alone t=14.0 vox 61.0 comp 0.0 Mbit/s late 2 ms
TL vox-alone t=14.5 vox 70.2 comp 0.0 Mbit/s late 4 ms
TL vox-alone t=15.0 vox 75.7 comp 0.0 Mbit/s late 2 ms
TL vox-alone t=15.5 vox 50.1 comp 0.0 Mbit/s late 3 ms
TL vox-alone t=16.0 vox 47.0 comp 0.0 Mbit/s late 8 ms
TL vox-alone t=16.5 vox 48.4 comp 0.0 Mbit/s late 2 ms
TL vox-alone t=17.0 vox 50.7 comp 0.0 Mbit/s late 2 ms
TL vox-alone t=17.5 vox 94.8 comp 0.0 Mbit/s late 4 ms
TL vox-alone t=18.0 vox 70.9 comp 0.0 Mbit/s late 4 ms
TL vox-alone t=18.5 vox 59.9 comp 0.0 Mbit/s late 3 ms
TL vox-alone t=19.0 vox 104.6 comp 0.0 Mbit/s late 5 ms
TL vox-alone t=19.5 vox 96.7 comp 0.0 Mbit/s late 5 ms
TL vox-alone t=20.0 vox 76.2 comp 0.0 Mbit/s late 5 ms
TL cubic-alone t=0.5 vox 20.6 comp 51.4 Mbit/s late 9 ms
TL cubic-alone t=1.0 vox 0.0 comp 49.6 Mbit/s late 7 ms
TL cubic-alone t=1.5 vox 0.0 comp 103.4 Mbit/s late 6 ms
TL cubic-alone t=2.0 vox 0.0 comp 66.2 Mbit/s late 13 ms
TL cubic-alone t=2.5 vox 0.0 comp 47.5 Mbit/s late 1 ms
TL cubic-alone t=3.0 vox 0.0 comp 56.1 Mbit/s late 5 ms
TL cubic-alone t=3.5 vox 0.0 comp 68.3 Mbit/s late 5 ms
TL cubic-alone t=4.0 vox 0.0 comp 56.5 Mbit/s late 6 ms
TL cubic-alone t=4.5 vox 0.0 comp 90.2 Mbit/s late 1 ms
TL cubic-alone t=5.0 vox 0.0 comp 51.6 Mbit/s late 8 ms
TL cubic-alone t=5.5 vox 0.0 comp 52.9 Mbit/s late 1 ms
TL cubic-alone t=6.0 vox 0.0 comp 70.1 Mbit/s late 1 ms
TL cubic-alone t=6.5 vox 0.0 comp 62.0 Mbit/s late 4 ms
TL cubic-alone t=7.0 vox 0.0 comp 55.5 Mbit/s late 1 ms
TL cubic-alone t=7.5 vox 0.0 comp 65.1 Mbit/s late 7 ms
TL cubic-alone t=8.0 vox 0.0 comp 74.9 Mbit/s late 1 ms
TL cubic-alone t=8.5 vox 0.0 comp 90.2 Mbit/s late 1 ms
TL cubic-alone t=9.0 vox 0.0 comp 42.2 Mbit/s late 1 ms
TL cubic-alone t=9.5 vox 0.0 comp 51.8 Mbit/s late 7 ms
TL cubic-alone t=10.0 vox 0.0 comp 56.5 Mbit/s late 7 ms
TL cubic-alone t=10.5 vox 0.0 comp 70.6 Mbit/s late 1 ms
TL cubic-alone t=11.0 vox 0.0 comp 46.2 Mbit/s late 2 ms
TL cubic-alone t=11.5 vox 0.0 comp 58.1 Mbit/s late 2 ms
TL cubic-alone t=12.0 vox 0.0 comp 61.4 Mbit/s late 2 ms
TL cubic-alone t=12.5 vox 0.0 comp 51.8 Mbit/s late 6 ms
TL cubic-alone t=13.0 vox 0.0 comp 81.3 Mbit/s late 8 ms
TL cubic-alone t=13.5 vox 0.0 comp 50.9 Mbit/s late 1 ms
TL cubic-alone t=14.0 vox 0.0 comp 59.4 Mbit/s late 5 ms
TL cubic-alone t=14.5 vox 0.0 comp 54.3 Mbit/s late 3 ms
TL cubic-alone t=15.0 vox 0.0 comp 59.5 Mbit/s late 1 ms
TL cubic-alone t=15.5 vox 0.0 comp 57.1 Mbit/s late 3 ms
TL cubic-alone t=16.0 vox 0.0 comp 90.3 Mbit/s late 7 ms
TL cubic-alone t=16.5 vox 0.0 comp 54.6 Mbit/s late 7 ms
TL cubic-alone t=17.0 vox 0.0 comp 59.3 Mbit/s late 1 ms
TL cubic-alone t=17.5 vox 0.0 comp 57.6 Mbit/s late 4 ms
TL cubic-alone t=18.0 vox 0.0 comp 60.1 Mbit/s late 1 ms
TL cubic-alone t=18.5 vox 0.0 comp 67.4 Mbit/s late 1 ms
TL cubic-alone t=19.0 vox 0.0 comp 83.6 Mbit/s late 9 ms
TL cubic-alone t=19.5 vox 0.0 comp 81.3 Mbit/s late 3 ms
TL cubic-alone t=20.0 vox 0.0 comp 51.2 Mbit/s late 6 ms
RESULT lossy vox 63.3 Mbit/s, cubic 62.7 Mbit/s, ratio 1.01; loss drops 590 tail drops 0
ok

test result: ok. 1 passed; 0 failed; 0 ignored; 0 measured; 0 filtered out; finished in 54.87s

rc=0
