timing-slot: took slot1 of 3 at 20:29:41Z, load 38.27 38.18 44.96, 0 waiting
run-slot: took slot3 of 6 at 20:29:41Z, load 38.27 38.18 44.96, 2 waiting

running 1 test
test spike_adr024 ... SPIKE arm lossy rate 200000000 ow 5 ms loss 0.05 qbdp 1 cc Ok("tier2")
TL vox-alone t=0.5 vox 23.3 comp 0.0 Mbit/s late 9 ms
TL vox-alone t=1.0 vox 25.7 comp 0.0 Mbit/s late 5 ms
TL vox-alone t=1.5 vox 27.8 comp 0.0 Mbit/s late 6 ms
TL vox-alone t=2.0 vox 19.9 comp 0.0 Mbit/s late 6 ms
TL vox-alone t=2.5 vox 34.1 comp 0.0 Mbit/s late 6 ms
TL vox-alone t=3.0 vox 21.6 comp 0.0 Mbit/s late 1 ms
TL vox-alone t=3.5 vox 26.0 comp 0.0 Mbit/s late 2 ms
TL vox-alone t=4.0 vox 26.3 comp 0.0 Mbit/s late 4 ms
TL vox-alone t=4.5 vox 29.2 comp 0.0 Mbit/s late 19 ms
TL vox-alone t=5.0 vox 29.5 comp 0.0 Mbit/s late 16 ms
TL vox-alone t=5.5 vox 35.6 comp 0.0 Mbit/s late 4 ms
TL vox-alone t=6.0 vox 18.5 comp 0.0 Mbit/s late 5 ms
TL vox-alone t=6.5 vox 31.7 comp 0.0 Mbit/s late 2 ms
TL vox-alone t=7.0 vox 25.7 comp 0.0 Mbit/s late 2 ms
TL vox-alone t=7.5 vox 24.9 comp 0.0 Mbit/s late 4 ms
TL vox-alone t=8.0 vox 18.6 comp 0.0 Mbit/s late 2 ms
TL vox-alone t=8.5 vox 27.5 comp 0.0 Mbit/s late 4 ms
TL vox-alone t=9.0 vox 21.7 comp 0.0 Mbit/s late 1 ms
TL vox-alone t=9.5 vox 45.9 comp 0.0 Mbit/s late 2 ms
TL vox-alone t=10.0 vox 47.8 comp 0.0 Mbit/s late 2 ms
TL vox-alone t=10.5 vox 43.7 comp 0.0 Mbit/s late 1 ms
TL vox-alone t=11.0 vox 47.9 comp 0.0 Mbit/s late 3 ms
TL vox-alone t=11.5 vox 26.9 comp 0.0 Mbit/s late 1 ms
TL vox-alone t=12.0 vox 50.3 comp 0.0 Mbit/s late 2 ms
TL vox-alone t=12.5 vox 56.9 comp 0.0 Mbit/s late 5 ms
TL vox-alone t=13.0 vox 34.4 comp 0.0 Mbit/s late 4 ms
TL vox-alone t=13.5 vox 28.3 comp 0.0 Mbit/s late 7 ms
TL vox-alone t=14.0 vox 20.2 comp 0.0 Mbit/s late 1 ms
TL vox-alone t=14.5 vox 24.3 comp 0.0 Mbit/s late 1 ms
TL vox-alone t=15.0 vox 31.9 comp 0.0 Mbit/s late 7 ms
TL vox-alone t=15.5 vox 47.3 comp 0.0 Mbit/s late 6 ms
TL vox-alone t=16.0 vox 48.3 comp 0.0 Mbit/s late 1 ms
TL vox-alone t=16.5 vox 43.9 comp 0.0 Mbit/s late 7 ms
TL vox-alone t=17.0 vox 32.5 comp 0.0 Mbit/s late 1 ms
TL vox-alone t=17.5 vox 21.7 comp 0.0 Mbit/s late 1 ms
TL vox-alone t=18.0 vox 37.4 comp 0.0 Mbit/s late 2 ms
TL vox-alone t=18.5 vox 30.0 comp 0.0 Mbit/s late 1 ms
TL vox-alone t=19.0 vox 22.3 comp 0.0 Mbit/s late 3 ms
TL vox-alone t=19.5 vox 36.3 comp 0.0 Mbit/s late 3 ms
TL vox-alone t=20.0 vox 36.6 comp 0.0 Mbit/s late 1 ms
TL vox-alone t=20.5 vox 52.2 comp 0.0 Mbit/s late 1 ms
TL vox-alone t=21.0 vox 30.9 comp 0.0 Mbit/s late 1 ms
TL vox-alone t=21.5 vox 30.0 comp 0.0 Mbit/s late 2 ms
TL vox-alone t=22.0 vox 28.9 comp 0.0 Mbit/s late 2 ms
TL vox-alone t=22.5 vox 25.5 comp 0.0 Mbit/s late 1 ms
TL vox-alone t=23.0 vox 37.9 comp 0.0 Mbit/s late 1 ms
TL vox-alone t=23.5 vox 28.6 comp 0.0 Mbit/s late 1 ms
TL vox-alone t=24.0 vox 49.0 comp 0.0 Mbit/s late 3 ms
TL vox-alone t=24.5 vox 21.6 comp 0.0 Mbit/s late 1 ms
TL vox-alone t=25.0 vox 43.9 comp 0.0 Mbit/s late 1 ms
TL vox-alone t=25.5 vox 42.3 comp 0.0 Mbit/s late 2 ms
TL vox-alone t=26.0 vox 26.1 comp 0.0 Mbit/s late 3 ms
TL vox-alone t=26.5 vox 21.9 comp 0.0 Mbit/s late 6 ms
TL vox-alone t=27.0 vox 32.1 comp 0.0 Mbit/s late 3 ms
TL vox-alone t=27.5 vox 18.7 comp 0.0 Mbit/s late 2 ms
TL vox-alone t=28.0 vox 31.3 comp 0.0 Mbit/s late 5 ms
TL vox-alone t=28.5 vox 65.9 comp 0.0 Mbit/s late 1 ms
TL vox-alone t=29.0 vox 27.9 comp 0.0 Mbit/s late 1 ms
TL vox-alone t=29.5 vox 18.9 comp 0.0 Mbit/s late 1 ms
TL vox-alone t=30.0 vox 46.5 comp 0.0 Mbit/s late 3 ms
TL cubic-alone t=0.5 vox 31.2 comp 49.5 Mbit/s late 5 ms
TL cubic-alone t=1.0 vox 18.9 comp 29.3 Mbit/s late 4 ms
TL cubic-alone t=1.5 vox 55.2 comp 25.3 Mbit/s late 1 ms
TL cubic-alone t=2.0 vox 14.1 comp 23.1 Mbit/s late 7 ms
TL cubic-alone t=2.5 vox 0.0 comp 33.3 Mbit/s late 5 ms
TL cubic-alone t=3.0 vox 0.0 comp 33.7 Mbit/s late 2 ms
TL cubic-alone t=3.5 vox 0.0 comp 38.3 Mbit/s late 6 ms
TL cubic-alone t=4.0 vox 0.0 comp 25.6 Mbit/s late 2 ms
TL cubic-alone t=4.5 vox 0.0 comp 22.2 Mbit/s late 3 ms
TL cubic-alone t=5.0 vox 0.0 comp 17.8 Mbit/s late 4 ms
TL cubic-alone t=5.5 vox 0.0 comp 28.0 Mbit/s late 9 ms
TL cubic-alone t=6.0 vox 0.0 comp 26.7 Mbit/s late 2 ms
TL cubic-alone t=6.5 vox 0.0 comp 25.4 Mbit/s late 5 ms
TL cubic-alone t=7.0 vox 0.0 comp 24.1 Mbit/s late 4 ms
TL cubic-alone t=7.5 vox 0.0 comp 38.4 Mbit/s late 1 ms
TL cubic-alone t=8.0 vox 0.0 comp 19.5 Mbit/s late 2 ms
TL cubic-alone t=8.5 vox 0.0 comp 23.4 Mbit/s late 3 ms
TL cubic-alone t=9.0 vox 0.0 comp 15.4 Mbit/s late 1 ms
TL cubic-alone t=9.5 vox 0.0 comp 28.8 Mbit/s late 1 ms
TL cubic-alone t=10.0 vox 0.0 comp 20.6 Mbit/s late 1 ms
TL cubic-alone t=10.5 vox 0.0 comp 27.0 Mbit/s late 1 ms
TL cubic-alone t=11.0 vox 0.0 comp 19.6 Mbit/s late 2 ms
TL cubic-alone t=11.5 vox 0.0 comp 21.5 Mbit/s late 1 ms
TL cubic-alone t=12.0 vox 0.0 comp 30.0 Mbit/s late 1 ms
TL cubic-alone t=12.5 vox 0.0 comp 27.2 Mbit/s late 1 ms
TL cubic-alone t=13.0 vox 0.0 comp 24.0 Mbit/s late 1 ms
TL cubic-alone t=13.5 vox 0.0 comp 24.8 Mbit/s late 1 ms
TL cubic-alone t=14.0 vox 0.0 comp 29.5 Mbit/s late 1 ms
TL cubic-alone t=14.5 vox 0.0 comp 23.1 Mbit/s late 2 ms
TL cubic-alone t=15.0 vox 0.0 comp 22.8 Mbit/s late 2 ms
TL cubic-alone t=15.5 vox 0.0 comp 27.8 Mbit/s late 3 ms
TL cubic-alone t=16.0 vox 0.0 comp 31.9 Mbit/s late 3 ms
TL cubic-alone t=16.5 vox 0.0 comp 27.4 Mbit/s late 2 ms
TL cubic-alone t=17.0 vox 0.0 comp 19.3 Mbit/s late 1 ms
TL cubic-alone t=17.5 vox 0.0 comp 32.5 Mbit/s late 2 ms
TL cubic-alone t=18.0 vox 0.0 comp 31.5 Mbit/s late 1 ms
TL cubic-alone t=18.5 vox 0.0 comp 24.2 Mbit/s late 4 ms
TL cubic-alone t=19.0 vox 0.0 comp 26.6 Mbit/s late 1 ms
TL cubic-alone t=19.5 vox 0.0 comp 23.1 Mbit/s late 1 ms
TL cubic-alone t=20.0 vox 0.0 comp 25.6 Mbit/s late 2 ms
TL cubic-alone t=20.5 vox 0.0 comp 18.7 Mbit/s late 4 ms
TL cubic-alone t=21.0 vox 0.0 comp 22.5 Mbit/s late 1 ms
TL cubic-alone t=21.5 vox 0.0 comp 26.8 Mbit/s late 2 ms
TL cubic-alone t=22.0 vox 0.0 comp 23.7 Mbit/s late 1 ms
TL cubic-alone t=22.5 vox 0.0 comp 25.9 Mbit/s late 2 ms
TL cubic-alone t=23.0 vox 0.0 comp 20.6 Mbit/s late 1 ms
TL cubic-alone t=23.5 vox 0.0 comp 16.9 Mbit/s late 1 ms
TL cubic-alone t=24.0 vox 0.0 comp 29.9 Mbit/s late 1 ms
TL cubic-alone t=24.5 vox 0.0 comp 20.1 Mbit/s late 1 ms
TL cubic-alone t=25.0 vox 0.0 comp 24.7 Mbit/s late 1 ms
TL cubic-alone t=25.5 vox 0.0 comp 22.8 Mbit/s late 1 ms
TL cubic-alone t=26.0 vox 0.0 comp 25.5 Mbit/s late 2 ms
TL cubic-alone t=26.5 vox 0.0 comp 19.1 Mbit/s late 3 ms
TL cubic-alone t=27.0 vox 0.0 comp 22.5 Mbit/s late 4 ms
TL cubic-alone t=27.5 vox 0.0 comp 27.2 Mbit/s late 6 ms
TL cubic-alone t=28.0 vox 0.0 comp 23.8 Mbit/s late 3 ms
TL cubic-alone t=28.5 vox 0.0 comp 24.7 Mbit/s late 6 ms
TL cubic-alone t=29.0 vox 0.0 comp 20.2 Mbit/s late 9 ms
TL cubic-alone t=29.5 vox 0.0 comp 18.9 Mbit/s late 2 ms
TL cubic-alone t=30.0 vox 0.0 comp 29.6 Mbit/s late 7 ms
RESULT lossy vox 35.0 Mbit/s, cubic 24.6 Mbit/s, ratio 1.42; loss drops 2065 tail drops 0
ok

test result: ok. 1 passed; 0 failed; 0 ignored; 0 measured; 0 filtered out; finished in 76.03s

rc=0
