timing-slot: took slot1 of 3 at 20:45:06Z, load 73.44 61.39 54.68, 5 waiting
run-slot: took slot3 of 6 at 20:48:03Z, load 43.91 54.95 53.40, 12 waiting

running 1 test
test spike_adr024 ... SPIKE arm lossy rate 200000000 ow 5 ms loss 0.01 qbdp 1 cc Ok("tier2")
TL vox-alone t=0.5 vox 106.1 comp 0.0 Mbit/s late 10 ms
TL vox-alone t=1.0 vox 71.8 comp 0.0 Mbit/s late 4 ms
TL vox-alone t=1.5 vox 119.7 comp 0.0 Mbit/s late 1 ms
TL vox-alone t=2.0 vox 89.6 comp 0.0 Mbit/s late 11 ms
TL vox-alone t=2.5 vox 59.0 comp 0.0 Mbit/s late 5 ms
TL vox-alone t=3.0 vox 117.4 comp 0.0 Mbit/s late 3 ms
TL vox-alone t=3.5 vox 163.2 comp 0.0 Mbit/s late 7 ms
TL vox-alone t=4.0 vox 115.4 comp 0.0 Mbit/s late 1 ms
TL vox-alone t=4.5 vox 125.9 comp 0.0 Mbit/s late 4 ms
TL vox-alone t=5.0 vox 45.6 comp 0.0 Mbit/s late 7 ms
TL vox-alone t=5.5 vox 108.1 comp 0.0 Mbit/s late 2 ms
TL vox-alone t=6.0 vox 81.1 comp 0.0 Mbit/s late 7 ms
TL vox-alone t=6.5 vox 73.2 comp 0.0 Mbit/s late 3 ms
TL vox-alone t=7.0 vox 90.0 comp 0.0 Mbit/s late 2 ms
TL vox-alone t=7.5 vox 63.7 comp 0.0 Mbit/s late 1 ms
TL vox-alone t=8.0 vox 41.4 comp 0.0 Mbit/s late 13 ms
TL vox-alone t=8.5 vox 76.0 comp 0.0 Mbit/s late 2 ms
TL vox-alone t=9.0 vox 56.0 comp 0.0 Mbit/s late 5 ms
TL vox-alone t=9.5 vox 78.6 comp 0.0 Mbit/s late 3 ms
TL vox-alone t=10.0 vox 105.5 comp 0.0 Mbit/s late 2 ms
TL vox-alone t=10.5 vox 70.4 comp 0.0 Mbit/s late 6 ms
TL vox-alone t=11.0 vox 46.6 comp 0.0 Mbit/s late 10 ms
TL vox-alone t=11.5 vox 41.9 comp 0.0 Mbit/s late 3 ms
TL vox-alone t=12.0 vox 50.4 comp 0.0 Mbit/s late 6 ms
TL vox-alone t=12.5 vox 68.4 comp 0.0 Mbit/s late 3 ms
TL vox-alone t=13.0 vox 157.4 comp 0.0 Mbit/s late 4 ms
TL vox-alone t=13.5 vox 188.6 comp 0.0 Mbit/s late 5 ms
TL vox-alone t=14.0 vox 163.5 comp 0.0 Mbit/s late 1 ms
TL vox-alone t=14.5 vox 155.9 comp 0.0 Mbit/s late 5 ms
TL vox-alone t=15.0 vox 123.0 comp 0.0 Mbit/s late 13 ms
TL vox-alone t=15.5 vox 74.8 comp 0.0 Mbit/s late 2 ms
TL vox-alone t=16.0 vox 87.7 comp 0.0 Mbit/s late 5 ms
TL vox-alone t=16.5 vox 102.5 comp 0.0 Mbit/s late 2 ms
TL vox-alone t=17.0 vox 194.3 comp 0.0 Mbit/s late 1 ms
TL vox-alone t=17.5 vox 70.2 comp 0.0 Mbit/s late 5 ms
TL vox-alone t=18.0 vox 68.4 comp 0.0 Mbit/s late 1 ms
TL vox-alone t=18.5 vox 158.0 comp 0.0 Mbit/s late 2 ms
TL vox-alone t=19.0 vox 160.1 comp 0.0 Mbit/s late 2 ms
TL vox-alone t=19.5 vox 110.1 comp 0.0 Mbit/s late 8 ms
TL vox-alone t=20.0 vox 44.4 comp 0.0 Mbit/s late 4 ms
TL vox-alone t=20.5 vox 47.0 comp 0.0 Mbit/s late 3 ms
TL vox-alone t=21.0 vox 91.0 comp 0.0 Mbit/s late 3 ms
TL vox-alone t=21.5 vox 79.6 comp 0.0 Mbit/s late 3 ms
TL vox-alone t=22.0 vox 115.9 comp 0.0 Mbit/s late 5 ms
TL vox-alone t=22.5 vox 67.1 comp 0.0 Mbit/s late 4 ms
TL vox-alone t=23.0 vox 73.2 comp 0.0 Mbit/s late 1 ms
TL vox-alone t=23.5 vox 95.3 comp 0.0 Mbit/s late 2 ms
TL vox-alone t=24.0 vox 142.3 comp 0.0 Mbit/s late 4 ms
TL vox-alone t=24.5 vox 99.6 comp 0.0 Mbit/s late 4 ms
TL vox-alone t=25.0 vox 95.7 comp 0.0 Mbit/s late 5 ms
TL vox-alone t=25.5 vox 90.9 comp 0.0 Mbit/s late 1 ms
TL vox-alone t=26.0 vox 118.3 comp 0.0 Mbit/s late 1 ms
TL vox-alone t=26.5 vox 83.0 comp 0.0 Mbit/s late 4 ms
TL vox-alone t=27.0 vox 139.0 comp 0.0 Mbit/s late 8 ms
TL vox-alone t=27.5 vox 101.4 comp 0.0 Mbit/s late 1 ms
TL vox-alone t=28.0 vox 98.7 comp 0.0 Mbit/s late 1 ms
TL vox-alone t=28.5 vox 71.2 comp 0.0 Mbit/s late 4 ms
TL vox-alone t=29.0 vox 38.8 comp 0.0 Mbit/s late 2 ms
TL vox-alone t=29.5 vox 50.3 comp 0.0 Mbit/s late 8 ms
TL vox-alone t=30.0 vox 48.4 comp 0.0 Mbit/s late 5 ms
TL cubic-alone t=0.5 vox 0.0 comp 55.5 Mbit/s late 3 ms
TL cubic-alone t=1.0 vox 0.0 comp 53.3 Mbit/s late 8 ms
TL cubic-alone t=1.5 vox 0.0 comp 101.2 Mbit/s late 2 ms
TL cubic-alone t=2.0 vox 0.0 comp 67.8 Mbit/s late 4 ms
TL cubic-alone t=2.5 vox 0.0 comp 47.7 Mbit/s late 3 ms
TL cubic-alone t=3.0 vox 0.0 comp 62.4 Mbit/s late 3 ms
TL cubic-alone t=3.5 vox 0.0 comp 69.1 Mbit/s late 1 ms
TL cubic-alone t=4.0 vox 0.0 comp 61.1 Mbit/s late 1 ms
TL cubic-alone t=4.5 vox 0.0 comp 81.6 Mbit/s late 1 ms
TL cubic-alone t=5.0 vox 0.0 comp 50.8 Mbit/s late 1 ms
TL cubic-alone t=5.5 vox 0.0 comp 55.5 Mbit/s late 1 ms
TL cubic-alone t=6.0 vox 0.0 comp 66.8 Mbit/s late 6 ms
TL cubic-alone t=6.5 vox 0.0 comp 59.4 Mbit/s late 1 ms
TL cubic-alone t=7.0 vox 0.0 comp 55.4 Mbit/s late 2 ms
TL cubic-alone t=7.5 vox 0.0 comp 62.5 Mbit/s late 2 ms
TL cubic-alone t=8.0 vox 0.0 comp 72.6 Mbit/s late 3 ms
TL cubic-alone t=8.5 vox 0.0 comp 86.4 Mbit/s late 7 ms
TL cubic-alone t=9.0 vox 0.0 comp 38.6 Mbit/s late 2 ms
TL cubic-alone t=9.5 vox 0.0 comp 52.1 Mbit/s late 8 ms
TL cubic-alone t=10.0 vox 0.0 comp 52.4 Mbit/s late 7 ms
TL cubic-alone t=10.5 vox 0.0 comp 64.0 Mbit/s late 3 ms
TL cubic-alone t=11.0 vox 0.0 comp 54.6 Mbit/s late 1 ms
TL cubic-alone t=11.5 vox 0.0 comp 54.8 Mbit/s late 3 ms
TL cubic-alone t=12.0 vox 0.0 comp 63.1 Mbit/s late 1 ms
TL cubic-alone t=12.5 vox 0.0 comp 41.3 Mbit/s late 1 ms
TL cubic-alone t=13.0 vox 0.0 comp 86.7 Mbit/s late 2 ms
TL cubic-alone t=13.5 vox 0.0 comp 48.0 Mbit/s late 2 ms
TL cubic-alone t=14.0 vox 0.0 comp 43.5 Mbit/s late 2 ms
TL cubic-alone t=14.5 vox 0.0 comp 44.9 Mbit/s late 4 ms
TL cubic-alone t=15.0 vox 0.0 comp 55.5 Mbit/s late 3 ms
TL cubic-alone t=15.5 vox 0.0 comp 57.7 Mbit/s late 5 ms
TL cubic-alone t=16.0 vox 0.0 comp 55.4 Mbit/s late 2 ms
TL cubic-alone t=16.5 vox 0.0 comp 92.2 Mbit/s late 1 ms
TL cubic-alone t=17.0 vox 0.0 comp 55.6 Mbit/s late 1 ms
TL cubic-alone t=17.5 vox 0.0 comp 64.5 Mbit/s late 1 ms
TL cubic-alone t=18.0 vox 0.0 comp 52.5 Mbit/s late 3 ms
TL cubic-alone t=18.5 vox 0.0 comp 59.7 Mbit/s late 2 ms
TL cubic-alone t=19.0 vox 0.0 comp 64.8 Mbit/s late 3 ms
TL cubic-alone t=19.5 vox 0.0 comp 92.6 Mbit/s late 5 ms
TL cubic-alone t=20.0 vox 0.0 comp 73.9 Mbit/s late 2 ms
TL cubic-alone t=20.5 vox 0.0 comp 52.7 Mbit/s late 2 ms
TL cubic-alone t=21.0 vox 0.0 comp 68.3 Mbit/s late 2 ms
TL cubic-alone t=21.5 vox 0.0 comp 69.7 Mbit/s late 2 ms
TL cubic-alone t=22.0 vox 0.0 comp 57.7 Mbit/s late 2 ms
TL cubic-alone t=22.5 vox 0.0 comp 49.7 Mbit/s late 7 ms
TL cubic-alone t=23.0 vox 0.0 comp 39.8 Mbit/s late 3 ms
TL cubic-alone t=23.5 vox 0.0 comp 38.9 Mbit/s late 3 ms
TL cubic-alone t=24.0 vox 0.0 comp 72.3 Mbit/s late 10 ms
TL cubic-alone t=24.5 vox 0.0 comp 58.6 Mbit/s late 2 ms
TL cubic-alone t=25.0 vox 0.0 comp 71.3 Mbit/s late 1 ms
TL cubic-alone t=25.5 vox 0.0 comp 77.5 Mbit/s late 1 ms
TL cubic-alone t=26.0 vox 0.0 comp 42.6 Mbit/s late 6 ms
TL cubic-alone t=26.5 vox 0.0 comp 54.0 Mbit/s late 6 ms
TL cubic-alone t=27.0 vox 0.0 comp 45.6 Mbit/s late 2 ms
TL cubic-alone t=27.5 vox 0.0 comp 45.0 Mbit/s late 11 ms
TL cubic-alone t=28.0 vox 0.0 comp 75.5 Mbit/s late 2 ms
TL cubic-alone t=28.5 vox 0.0 comp 91.8 Mbit/s late 2 ms
TL cubic-alone t=29.0 vox 0.0 comp 62.5 Mbit/s late 1 ms
TL cubic-alone t=29.5 vox 0.0 comp 36.4 Mbit/s late 1 ms
TL cubic-alone t=30.0 vox 0.0 comp 66.7 Mbit/s late 6 ms
RESULT lossy vox 97.1 Mbit/s, cubic 60.0 Mbit/s, ratio 1.62; loss drops 1067 tail drops 0
ok

test result: ok. 1 passed; 0 failed; 0 ignored; 0 measured; 0 filtered out; finished in 78.99s

rc=0
