timing-slot: took slot1 of 3 at 20:02:48Z, load 40.92 41.38 43.71, 0 waiting
run-slot: took slot5 of 6 at 20:02:49Z, load 40.92 41.38 43.71, 4 waiting

running 1 test
test spike_adr024 ... SPIKE arm lossy rate 200000000 ow 5 ms loss 0.05 qbdp 1 cc Ok("bbr")
TL vox-alone t=0.5 vox 151.7 comp 0.0 Mbit/s late 4 ms
TL vox-alone t=1.0 vox 172.6 comp 0.0 Mbit/s late 9 ms
TL vox-alone t=1.5 vox 184.5 comp 0.0 Mbit/s late 1 ms
TL vox-alone t=2.0 vox 181.3 comp 0.0 Mbit/s late 6 ms
TL vox-alone t=2.5 vox 152.7 comp 0.0 Mbit/s late 10 ms
TL vox-alone t=3.0 vox 186.8 comp 0.0 Mbit/s late 4 ms
TL vox-alone t=3.5 vox 192.6 comp 0.0 Mbit/s late 1 ms
TL vox-alone t=4.0 vox 180.9 comp 0.0 Mbit/s late 2 ms
TL vox-alone t=4.5 vox 177.3 comp 0.0 Mbit/s late 7 ms
TL vox-alone t=5.0 vox 184.6 comp 0.0 Mbit/s late 0 ms
TL vox-alone t=5.5 vox 176.5 comp 0.0 Mbit/s late 5 ms
TL vox-alone t=6.0 vox 176.6 comp 0.0 Mbit/s late 2 ms
TL vox-alone t=6.5 vox 179.0 comp 0.0 Mbit/s late 6 ms
TL vox-alone t=7.0 vox 172.7 comp 0.0 Mbit/s late 4 ms
TL vox-alone t=7.5 vox 187.1 comp 0.0 Mbit/s late 3 ms
TL vox-alone t=8.0 vox 173.9 comp 0.0 Mbit/s late 9 ms
TL vox-alone t=8.5 vox 189.0 comp 0.0 Mbit/s late 1 ms
TL vox-alone t=9.0 vox 184.2 comp 0.0 Mbit/s late 3 ms
TL vox-alone t=9.5 vox 188.6 comp 0.0 Mbit/s late 3 ms
TL vox-alone t=10.0 vox 183.8 comp 0.0 Mbit/s late 6 ms
TL vox-alone t=10.5 vox 152.6 comp 0.0 Mbit/s late 6 ms
TL vox-alone t=11.0 vox 169.2 comp 0.0 Mbit/s late 7 ms
TL vox-alone t=11.5 vox 188.6 comp 0.0 Mbit/s late 1 ms
TL vox-alone t=12.0 vox 171.4 comp 0.0 Mbit/s late 3 ms
TL vox-alone t=12.5 vox 179.2 comp 0.0 Mbit/s late 1 ms
TL vox-alone t=13.0 vox 171.5 comp 0.0 Mbit/s late 4 ms
TL vox-alone t=13.5 vox 172.7 comp 0.0 Mbit/s late 11 ms
TL vox-alone t=14.0 vox 189.8 comp 0.0 Mbit/s late 4 ms
TL vox-alone t=14.5 vox 177.4 comp 0.0 Mbit/s late 2 ms
TL vox-alone t=15.0 vox 176.8 comp 0.0 Mbit/s late 6 ms
TL vox-alone t=15.5 vox 179.0 comp 0.0 Mbit/s late 7 ms
TL vox-alone t=16.0 vox 185.3 comp 0.0 Mbit/s late 0 ms
TL vox-alone t=16.5 vox 182.7 comp 0.0 Mbit/s late 1 ms
TL vox-alone t=17.0 vox 174.4 comp 0.0 Mbit/s late 2 ms
TL vox-alone t=17.5 vox 185.3 comp 0.0 Mbit/s late 7 ms
TL vox-alone t=18.0 vox 174.8 comp 0.0 Mbit/s late 7 ms
TL vox-alone t=18.5 vox 186.2 comp 0.0 Mbit/s late 7 ms
TL vox-alone t=19.0 vox 169.7 comp 0.0 Mbit/s late 1 ms
TL vox-alone t=19.5 vox 182.6 comp 0.0 Mbit/s late 1 ms
TL vox-alone t=20.0 vox 180.3 comp 0.0 Mbit/s late 1 ms
TL vox-alone t=20.5 vox 168.2 comp 0.0 Mbit/s late 1 ms
TL vox-alone t=21.0 vox 183.3 comp 0.0 Mbit/s late 3 ms
TL vox-alone t=21.5 vox 184.3 comp 0.0 Mbit/s late 4 ms
TL vox-alone t=22.0 vox 184.8 comp 0.0 Mbit/s late 2 ms
TL vox-alone t=22.5 vox 179.1 comp 0.0 Mbit/s late 3 ms
TL vox-alone t=23.0 vox 189.4 comp 0.0 Mbit/s late 7 ms
TL vox-alone t=23.5 vox 180.9 comp 0.0 Mbit/s late 2 ms
TL vox-alone t=24.0 vox 161.2 comp 0.0 Mbit/s late 5 ms
TL vox-alone t=24.5 vox 181.2 comp 0.0 Mbit/s late 4 ms
TL vox-alone t=25.0 vox 167.4 comp 0.0 Mbit/s late 6 ms
TL vox-alone t=25.5 vox 180.6 comp 0.0 Mbit/s late 0 ms
TL vox-alone t=26.0 vox 180.6 comp 0.0 Mbit/s late 2 ms
TL vox-alone t=26.5 vox 180.8 comp 0.0 Mbit/s late 3 ms
TL vox-alone t=27.0 vox 168.7 comp 0.0 Mbit/s late 7 ms
TL vox-alone t=27.5 vox 146.6 comp 0.0 Mbit/s late 7 ms
TL vox-alone t=28.0 vox 176.6 comp 0.0 Mbit/s late 5 ms
TL vox-alone t=28.5 vox 182.1 comp 0.0 Mbit/s late 4 ms
TL vox-alone t=29.0 vox 176.0 comp 0.0 Mbit/s late 8 ms
TL vox-alone t=29.5 vox 160.4 comp 0.0 Mbit/s late 7 ms
TL vox-alone t=30.0 vox 181.7 comp 0.0 Mbit/s late 4 ms
TL cubic-alone t=0.5 vox 0.0 comp 43.4 Mbit/s late 3 ms
TL cubic-alone t=1.0 vox 0.0 comp 27.7 Mbit/s late 5 ms
TL cubic-alone t=1.5 vox 0.0 comp 27.2 Mbit/s late 3 ms
TL cubic-alone t=2.0 vox 0.0 comp 20.5 Mbit/s late 5 ms
TL cubic-alone t=2.5 vox 0.0 comp 25.7 Mbit/s late 4 ms
TL cubic-alone t=3.0 vox 0.0 comp 33.2 Mbit/s late 4 ms
TL cubic-alone t=3.5 vox 0.0 comp 34.1 Mbit/s late 3 ms
TL cubic-alone t=4.0 vox 0.0 comp 32.1 Mbit/s late 9 ms
TL cubic-alone t=4.5 vox 0.0 comp 23.8 Mbit/s late 2 ms
TL cubic-alone t=5.0 vox 0.0 comp 18.4 Mbit/s late 4 ms
TL cubic-alone t=5.5 vox 0.0 comp 18.6 Mbit/s late 3 ms
TL cubic-alone t=6.0 vox 0.0 comp 33.0 Mbit/s late 3 ms
TL cubic-alone t=6.5 vox 0.0 comp 28.3 Mbit/s late 5 ms
TL cubic-alone t=7.0 vox 0.0 comp 31.2 Mbit/s late 6 ms
TL cubic-alone t=7.5 vox 0.0 comp 27.2 Mbit/s late 2 ms
TL cubic-alone t=8.0 vox 0.0 comp 30.7 Mbit/s late 2 ms
TL cubic-alone t=8.5 vox 0.0 comp 19.8 Mbit/s late 4 ms
TL cubic-alone t=9.0 vox 0.0 comp 20.5 Mbit/s late 5 ms
TL cubic-alone t=9.5 vox 0.0 comp 16.5 Mbit/s late 2 ms
TL cubic-alone t=10.0 vox 0.0 comp 24.9 Mbit/s late 9 ms
TL cubic-alone t=10.5 vox 0.0 comp 20.6 Mbit/s late 2 ms
TL cubic-alone t=11.0 vox 0.0 comp 30.2 Mbit/s late 3 ms
TL cubic-alone t=11.5 vox 0.0 comp 16.4 Mbit/s late 3 ms
TL cubic-alone t=12.0 vox 0.0 comp 17.8 Mbit/s late 3 ms
TL cubic-alone t=12.5 vox 0.0 comp 30.4 Mbit/s late 5 ms
TL cubic-alone t=13.0 vox 0.0 comp 27.2 Mbit/s late 7 ms
TL cubic-alone t=13.5 vox 0.0 comp 19.9 Mbit/s late 4 ms
TL cubic-alone t=14.0 vox 0.0 comp 22.0 Mbit/s late 3 ms
TL cubic-alone t=14.5 vox 0.0 comp 25.3 Mbit/s late 4 ms
TL cubic-alone t=15.0 vox 0.0 comp 16.8 Mbit/s late 4 ms
TL cubic-alone t=15.5 vox 0.0 comp 18.6 Mbit/s late 5 ms
TL cubic-alone t=16.0 vox 0.0 comp 22.7 Mbit/s late 1 ms
TL cubic-alone t=16.5 vox 0.0 comp 27.6 Mbit/s late 1 ms
TL cubic-alone t=17.0 vox 0.0 comp 30.8 Mbit/s late 1 ms
TL cubic-alone t=17.5 vox 0.0 comp 24.2 Mbit/s late 1 ms
TL cubic-alone t=18.0 vox 0.0 comp 16.1 Mbit/s late 1 ms
TL cubic-alone t=18.5 vox 0.0 comp 21.8 Mbit/s late 14 ms
TL cubic-alone t=19.0 vox 0.0 comp 35.4 Mbit/s late 1 ms
TL cubic-alone t=19.5 vox 0.0 comp 28.2 Mbit/s late 1 ms
TL cubic-alone t=20.0 vox 0.0 comp 24.7 Mbit/s late 7 ms
TL cubic-alone t=20.5 vox 0.0 comp 25.1 Mbit/s late 4 ms
TL cubic-alone t=21.0 vox 0.0 comp 17.9 Mbit/s late 4 ms
TL cubic-alone t=21.5 vox 0.0 comp 24.6 Mbit/s late 9 ms
TL cubic-alone t=22.0 vox 0.0 comp 19.5 Mbit/s late 5 ms
TL cubic-alone t=22.5 vox 0.0 comp 26.2 Mbit/s late 5 ms
TL cubic-alone t=23.0 vox 0.0 comp 13.5 Mbit/s late 9 ms
TL cubic-alone t=23.5 vox 0.0 comp 27.7 Mbit/s late 2 ms
TL cubic-alone t=24.0 vox 0.0 comp 18.4 Mbit/s late 6 ms
TL cubic-alone t=24.5 vox 0.0 comp 17.6 Mbit/s late 6 ms
TL cubic-alone t=25.0 vox 0.0 comp 18.8 Mbit/s late 3 ms
TL cubic-alone t=25.5 vox 0.0 comp 27.4 Mbit/s late 8 ms
TL cubic-alone t=26.0 vox 0.0 comp 21.0 Mbit/s late 2 ms
TL cubic-alone t=26.5 vox 0.0 comp 20.9 Mbit/s late 3 ms
TL cubic-alone t=27.0 vox 0.0 comp 19.9 Mbit/s late 9 ms
TL cubic-alone t=27.5 vox 0.0 comp 19.8 Mbit/s late 6 ms
TL cubic-alone t=28.0 vox 0.0 comp 22.6 Mbit/s late 4 ms
TL cubic-alone t=28.5 vox 0.0 comp 17.2 Mbit/s late 5 ms
TL cubic-alone t=29.0 vox 0.0 comp 26.8 Mbit/s late 3 ms
TL cubic-alone t=29.5 vox 0.0 comp 30.3 Mbit/s late 2 ms
TL cubic-alone t=30.0 vox 0.0 comp 27.6 Mbit/s late 7 ms
RESULT lossy vox 176.6 Mbit/s, cubic 23.0 Mbit/s, ratio 7.68; loss drops 7237 tail drops 0
ok

test result: ok. 1 passed; 0 failed; 0 ignored; 0 measured; 0 filtered out; finished in 80.00s

rc=0
