timing-slot: took slot2 of 3 at 19:32:58Z, load 75.35 34.88 31.80, 1 waiting
run-slot: took slot5 of 6 at 19:37:20Z, load 55.96 60.88 45.83, 8 waiting

running 1 test
test spike_adr024 ... SPIKE arm lossy rate 200000000 ow 5 ms loss 0.01 qbdp 1 cc Ok("tier2")
TL vox-alone t=0.5 vox 92.8 comp 0.0 Mbit/s late 1 ms
TL vox-alone t=1.0 vox 51.8 comp 0.0 Mbit/s late 1 ms
TL vox-alone t=1.5 vox 61.9 comp 0.0 Mbit/s late 2 ms
TL vox-alone t=2.0 vox 66.2 comp 0.0 Mbit/s late 3 ms
TL vox-alone t=2.5 vox 69.6 comp 0.0 Mbit/s late 1 ms
TL vox-alone t=3.0 vox 50.5 comp 0.0 Mbit/s late 1 ms
TL vox-alone t=3.5 vox 52.1 comp 0.0 Mbit/s late 3 ms
TL vox-alone t=4.0 vox 90.3 comp 0.0 Mbit/s late 1 ms
TL vox-alone t=4.5 vox 44.3 comp 0.0 Mbit/s late 5 ms
TL vox-alone t=5.0 vox 84.1 comp 0.0 Mbit/s late 6 ms
TL vox-alone t=5.5 vox 57.8 comp 0.0 Mbit/s late 1 ms
TL vox-alone t=6.0 vox 59.5 comp 0.0 Mbit/s late 3 ms
TL vox-alone t=6.5 vox 76.4 comp 0.0 Mbit/s late 2 ms
TL vox-alone t=7.0 vox 55.2 comp 0.0 Mbit/s late 1 ms
TL vox-alone t=7.5 vox 49.2 comp 0.0 Mbit/s late 4 ms
TL vox-alone t=8.0 vox 55.2 comp 0.0 Mbit/s late 1 ms
TL vox-alone t=8.5 vox 73.5 comp 0.0 Mbit/s late 2 ms
TL vox-alone t=9.0 vox 56.4 comp 0.0 Mbit/s late 2 ms
TL vox-alone t=9.5 vox 43.6 comp 0.0 Mbit/s late 4 ms
TL vox-alone t=10.0 vox 125.3 comp 0.0 Mbit/s late 1 ms
TL vox-alone t=10.5 vox 189.4 comp 0.0 Mbit/s late 4 ms
TL vox-alone t=11.0 vox 173.6 comp 0.0 Mbit/s late 2 ms
TL vox-alone t=11.5 vox 193.4 comp 0.0 Mbit/s late 3 ms
TL vox-alone t=12.0 vox 198.1 comp 0.0 Mbit/s late 2 ms
TL vox-alone t=12.5 vox 181.3 comp 0.0 Mbit/s late 2 ms
TL vox-alone t=13.0 vox 195.2 comp 0.0 Mbit/s late 3 ms
TL vox-alone t=13.5 vox 174.8 comp 0.0 Mbit/s late 5 ms
TL vox-alone t=14.0 vox 191.8 comp 0.0 Mbit/s late 10 ms
TL vox-alone t=14.5 vox 182.0 comp 0.0 Mbit/s late 1 ms
TL vox-alone t=15.0 vox 171.2 comp 0.0 Mbit/s late 7 ms
TL vox-alone t=15.5 vox 179.6 comp 0.0 Mbit/s late 3 ms
TL vox-alone t=16.0 vox 196.4 comp 0.0 Mbit/s late 2 ms
TL vox-alone t=16.5 vox 194.1 comp 0.0 Mbit/s late 12 ms
TL vox-alone t=17.0 vox 181.7 comp 0.0 Mbit/s late 4 ms
TL vox-alone t=17.5 vox 186.2 comp 0.0 Mbit/s late 7 ms
TL vox-alone t=18.0 vox 196.5 comp 0.0 Mbit/s late 2 ms
TL vox-alone t=18.5 vox 144.8 comp 0.0 Mbit/s late 5 ms
TL vox-alone t=19.0 vox 189.2 comp 0.0 Mbit/s late 3 ms
TL vox-alone t=19.5 vox 195.3 comp 0.0 Mbit/s late 1 ms
TL vox-alone t=20.0 vox 193.1 comp 0.0 Mbit/s late 2 ms
TL vox-alone t=20.5 vox 185.6 comp 0.0 Mbit/s late 3 ms
TL vox-alone t=21.0 vox 183.3 comp 0.0 Mbit/s late 2 ms
TL vox-alone t=21.5 vox 140.5 comp 0.0 Mbit/s late 8 ms
TL vox-alone t=22.0 vox 172.7 comp 0.0 Mbit/s late 4 ms
TL vox-alone t=22.5 vox 139.3 comp 0.0 Mbit/s late 7 ms
TL vox-alone t=23.0 vox 180.8 comp 0.0 Mbit/s late 4 ms
TL vox-alone t=23.5 vox 95.2 comp 0.0 Mbit/s late 11 ms
TL vox-alone t=24.0 vox 134.7 comp 0.0 Mbit/s late 2 ms
TL vox-alone t=24.5 vox 168.2 comp 0.0 Mbit/s late 2 ms
TL vox-alone t=25.0 vox 177.3 comp 0.0 Mbit/s late 5 ms
TL vox-alone t=25.5 vox 162.9 comp 0.0 Mbit/s late 7 ms
TL vox-alone t=26.0 vox 140.0 comp 0.0 Mbit/s late 3 ms
TL vox-alone t=26.5 vox 97.1 comp 0.0 Mbit/s late 9 ms
TL vox-alone t=27.0 vox 169.6 comp 0.0 Mbit/s late 2 ms
TL vox-alone t=27.5 vox 153.0 comp 0.0 Mbit/s late 4 ms
TL vox-alone t=28.0 vox 158.1 comp 0.0 Mbit/s late 2 ms
TL vox-alone t=28.5 vox 188.3 comp 0.0 Mbit/s late 1 ms
TL vox-alone t=29.0 vox 173.9 comp 0.0 Mbit/s late 4 ms
TL vox-alone t=29.5 vox 106.9 comp 0.0 Mbit/s late 8 ms
TL vox-alone t=30.0 vox 157.8 comp 0.0 Mbit/s late 4 ms
TL cubic-alone t=0.5 vox 0.0 comp 52.5 Mbit/s late 9 ms
TL cubic-alone t=1.0 vox 0.0 comp 54.3 Mbit/s late 2 ms
TL cubic-alone t=1.5 vox 0.0 comp 100.5 Mbit/s late 3 ms
TL cubic-alone t=2.0 vox 0.0 comp 62.9 Mbit/s late 4 ms
TL cubic-alone t=2.5 vox 0.0 comp 43.0 Mbit/s late 4 ms
TL cubic-alone t=3.0 vox 0.0 comp 61.0 Mbit/s late 5 ms
TL cubic-alone t=3.5 vox 0.0 comp 64.5 Mbit/s late 4 ms
TL cubic-alone t=4.0 vox 0.0 comp 58.2 Mbit/s late 4 ms
TL cubic-alone t=4.5 vox 0.0 comp 79.5 Mbit/s late 2 ms
TL cubic-alone t=5.0 vox 0.0 comp 57.3 Mbit/s late 3 ms
TL cubic-alone t=5.5 vox 0.0 comp 43.7 Mbit/s late 8 ms
TL cubic-alone t=6.0 vox 0.0 comp 59.1 Mbit/s late 6 ms
TL cubic-alone t=6.5 vox 0.0 comp 73.4 Mbit/s late 3 ms
TL cubic-alone t=7.0 vox 0.0 comp 49.1 Mbit/s late 6 ms
TL cubic-alone t=7.5 vox 0.0 comp 62.0 Mbit/s late 2 ms
TL cubic-alone t=8.0 vox 0.0 comp 64.2 Mbit/s late 3 ms
TL cubic-alone t=8.5 vox 0.0 comp 76.1 Mbit/s late 9 ms
TL cubic-alone t=9.0 vox 0.0 comp 70.5 Mbit/s late 6 ms
TL cubic-alone t=9.5 vox 0.0 comp 37.9 Mbit/s late 3 ms
TL cubic-alone t=10.0 vox 0.0 comp 59.0 Mbit/s late 2 ms
TL cubic-alone t=10.5 vox 0.0 comp 60.3 Mbit/s late 1 ms
TL cubic-alone t=11.0 vox 0.0 comp 63.8 Mbit/s late 3 ms
TL cubic-alone t=11.5 vox 0.0 comp 47.9 Mbit/s late 3 ms
TL cubic-alone t=12.0 vox 0.0 comp 65.8 Mbit/s late 2 ms
TL cubic-alone t=12.5 vox 0.0 comp 48.3 Mbit/s late 1 ms
TL cubic-alone t=13.0 vox 0.0 comp 76.5 Mbit/s late 4 ms
TL cubic-alone t=13.5 vox 0.0 comp 62.5 Mbit/s late 2 ms
TL cubic-alone t=14.0 vox 0.0 comp 42.6 Mbit/s late 2 ms
TL cubic-alone t=14.5 vox 0.0 comp 58.1 Mbit/s late 3 ms
TL cubic-alone t=15.0 vox 0.0 comp 61.9 Mbit/s late 1 ms
TL cubic-alone t=15.5 vox 0.0 comp 66.1 Mbit/s late 3 ms
TL cubic-alone t=16.0 vox 0.0 comp 59.5 Mbit/s late 2 ms
TL cubic-alone t=16.5 vox 0.0 comp 86.3 Mbit/s late 4 ms
TL cubic-alone t=17.0 vox 0.0 comp 59.9 Mbit/s late 3 ms
TL cubic-alone t=17.5 vox 0.0 comp 67.8 Mbit/s late 3 ms
TL cubic-alone t=18.0 vox 0.0 comp 47.5 Mbit/s late 1 ms
TL cubic-alone t=18.5 vox 0.0 comp 65.7 Mbit/s late 2 ms
TL cubic-alone t=19.0 vox 0.0 comp 82.6 Mbit/s late 3 ms
TL cubic-alone t=19.5 vox 0.0 comp 78.9 Mbit/s late 2 ms
TL cubic-alone t=20.0 vox 0.0 comp 58.8 Mbit/s late 2 ms
TL cubic-alone t=20.5 vox 0.0 comp 55.5 Mbit/s late 8 ms
TL cubic-alone t=21.0 vox 0.0 comp 61.9 Mbit/s late 7 ms
TL cubic-alone t=21.5 vox 0.0 comp 65.1 Mbit/s late 3 ms
TL cubic-alone t=22.0 vox 0.0 comp 57.2 Mbit/s late 11 ms
TL cubic-alone t=22.5 vox 0.0 comp 56.5 Mbit/s late 3 ms
TL cubic-alone t=23.0 vox 0.0 comp 39.3 Mbit/s late 3 ms
TL cubic-alone t=23.5 vox 0.0 comp 48.8 Mbit/s late 3 ms
TL cubic-alone t=24.0 vox 0.0 comp 78.7 Mbit/s late 4 ms
TL cubic-alone t=24.5 vox 0.0 comp 59.1 Mbit/s late 3 ms
TL cubic-alone t=25.0 vox 0.0 comp 78.5 Mbit/s late 6 ms
TL cubic-alone t=25.5 vox 0.0 comp 59.3 Mbit/s late 2 ms
TL cubic-alone t=26.0 vox 0.0 comp 47.5 Mbit/s late 2 ms
TL cubic-alone t=26.5 vox 0.0 comp 60.1 Mbit/s late 2 ms
TL cubic-alone t=27.0 vox 0.0 comp 44.3 Mbit/s late 1 ms
TL cubic-alone t=27.5 vox 0.0 comp 59.5 Mbit/s late 1 ms
TL cubic-alone t=28.0 vox 0.0 comp 82.3 Mbit/s late 6 ms
TL cubic-alone t=28.5 vox 0.0 comp 72.6 Mbit/s late 2 ms
TL cubic-alone t=29.0 vox 0.0 comp 49.3 Mbit/s late 2 ms
TL cubic-alone t=29.5 vox 0.0 comp 54.8 Mbit/s late 1 ms
TL cubic-alone t=30.0 vox 0.0 comp 63.5 Mbit/s late 5 ms
RESULT lossy vox 169.8 Mbit/s, cubic 61.4 Mbit/s, ratio 2.77; loss drops 1367 tail drops 0
ok

test result: ok. 1 passed; 0 failed; 0 ignored; 0 measured; 0 filtered out; finished in 84.26s

rc=0
