timing-slot: took slot1 of 3 at 20:28:21Z, load 31.41 37.64 45.47, 0 waiting
run-slot: took slot3 of 6 at 20:28:21Z, load 31.41 37.64 45.47, 2 waiting

running 1 test
test spike_adr024 ... SPIKE arm lossy rate 200000000 ow 5 ms loss 0.01 qbdp 1 cc Ok("tier2")
TL vox-alone t=0.5 vox 169.7 comp 0.0 Mbit/s late 2 ms
TL vox-alone t=1.0 vox 165.8 comp 0.0 Mbit/s late 2 ms
TL vox-alone t=1.5 vox 196.1 comp 0.0 Mbit/s late 1 ms
TL vox-alone t=2.0 vox 190.0 comp 0.0 Mbit/s late 1 ms
TL vox-alone t=2.5 vox 175.6 comp 0.0 Mbit/s late 2 ms
TL vox-alone t=3.0 vox 186.3 comp 0.0 Mbit/s late 7 ms
TL vox-alone t=3.5 vox 194.0 comp 0.0 Mbit/s late 3 ms
TL vox-alone t=4.0 vox 193.6 comp 0.0 Mbit/s late 0 ms
TL vox-alone t=4.5 vox 198.3 comp 0.0 Mbit/s late 0 ms
TL vox-alone t=5.0 vox 202.6 comp 0.0 Mbit/s late 0 ms
TL vox-alone t=5.5 vox 195.6 comp 0.0 Mbit/s late 5 ms
TL vox-alone t=6.0 vox 193.5 comp 0.0 Mbit/s late 1 ms
TL vox-alone t=6.5 vox 201.3 comp 0.0 Mbit/s late 0 ms
TL vox-alone t=7.0 vox 197.6 comp 0.0 Mbit/s late 0 ms
TL vox-alone t=7.5 vox 186.0 comp 0.0 Mbit/s late 6 ms
TL vox-alone t=8.0 vox 197.1 comp 0.0 Mbit/s late 2 ms
TL vox-alone t=8.5 vox 194.0 comp 0.0 Mbit/s late 2 ms
TL vox-alone t=9.0 vox 197.3 comp 0.0 Mbit/s late 5 ms
TL vox-alone t=9.5 vox 197.0 comp 0.0 Mbit/s late 0 ms
TL vox-alone t=10.0 vox 198.6 comp 0.0 Mbit/s late 0 ms
TL vox-alone t=10.5 vox 166.1 comp 0.0 Mbit/s late 1 ms
TL vox-alone t=11.0 vox 197.1 comp 0.0 Mbit/s late 4 ms
TL vox-alone t=11.5 vox 197.4 comp 0.0 Mbit/s late 0 ms
TL vox-alone t=12.0 vox 198.6 comp 0.0 Mbit/s late 1 ms
TL vox-alone t=12.5 vox 189.0 comp 0.0 Mbit/s late 1 ms
TL vox-alone t=13.0 vox 162.7 comp 0.0 Mbit/s late 9 ms
TL vox-alone t=13.5 vox 193.3 comp 0.0 Mbit/s late 3 ms
TL vox-alone t=14.0 vox 191.0 comp 0.0 Mbit/s late 4 ms
TL vox-alone t=14.5 vox 167.6 comp 0.0 Mbit/s late 6 ms
TL vox-alone t=15.0 vox 190.5 comp 0.0 Mbit/s late 4 ms
TL vox-alone t=15.5 vox 156.4 comp 0.0 Mbit/s late 6 ms
TL vox-alone t=16.0 vox 173.3 comp 0.0 Mbit/s late 2 ms
TL vox-alone t=16.5 vox 173.2 comp 0.0 Mbit/s late 3 ms
TL vox-alone t=17.0 vox 168.9 comp 0.0 Mbit/s late 3 ms
TL vox-alone t=17.5 vox 131.1 comp 0.0 Mbit/s late 4 ms
TL vox-alone t=18.0 vox 197.0 comp 0.0 Mbit/s late 4 ms
TL vox-alone t=18.5 vox 190.9 comp 0.0 Mbit/s late 3 ms
TL vox-alone t=19.0 vox 169.1 comp 0.0 Mbit/s late 4 ms
TL vox-alone t=19.5 vox 197.3 comp 0.0 Mbit/s late 3 ms
TL vox-alone t=20.0 vox 156.4 comp 0.0 Mbit/s late 7 ms
TL vox-alone t=20.5 vox 182.3 comp 0.0 Mbit/s late 2 ms
TL vox-alone t=21.0 vox 178.1 comp 0.0 Mbit/s late 3 ms
TL vox-alone t=21.5 vox 173.6 comp 0.0 Mbit/s late 3 ms
TL vox-alone t=22.0 vox 185.9 comp 0.0 Mbit/s late 10 ms
TL vox-alone t=22.5 vox 169.5 comp 0.0 Mbit/s late 2 ms
TL vox-alone t=23.0 vox 185.6 comp 0.0 Mbit/s late 3 ms
TL vox-alone t=23.5 vox 177.4 comp 0.0 Mbit/s late 3 ms
TL vox-alone t=24.0 vox 191.4 comp 0.0 Mbit/s late 4 ms
TL vox-alone t=24.5 vox 161.8 comp 0.0 Mbit/s late 4 ms
TL vox-alone t=25.0 vox 126.2 comp 0.0 Mbit/s late 3 ms
TL vox-alone t=25.5 vox 199.1 comp 0.0 Mbit/s late 1 ms
TL vox-alone t=26.0 vox 178.9 comp 0.0 Mbit/s late 7 ms
TL vox-alone t=26.5 vox 199.9 comp 0.0 Mbit/s late 5 ms
TL vox-alone t=27.0 vox 182.3 comp 0.0 Mbit/s late 6 ms
TL vox-alone t=27.5 vox 158.2 comp 0.0 Mbit/s late 6 ms
TL vox-alone t=28.0 vox 125.9 comp 0.0 Mbit/s late 5 ms
TL vox-alone t=28.5 vox 192.4 comp 0.0 Mbit/s late 3 ms
TL vox-alone t=29.0 vox 191.1 comp 0.0 Mbit/s late 2 ms
TL vox-alone t=29.5 vox 181.1 comp 0.0 Mbit/s late 5 ms
TL vox-alone t=30.0 vox 160.1 comp 0.0 Mbit/s late 2 ms
TL cubic-alone t=0.5 vox 0.0 comp 52.7 Mbit/s late 8 ms
TL cubic-alone t=1.0 vox 0.0 comp 59.8 Mbit/s late 1 ms
TL cubic-alone t=1.5 vox 0.0 comp 78.7 Mbit/s late 10 ms
TL cubic-alone t=2.0 vox 0.0 comp 69.2 Mbit/s late 13 ms
TL cubic-alone t=2.5 vox 0.0 comp 38.3 Mbit/s late 12 ms
TL cubic-alone t=3.0 vox 0.0 comp 59.0 Mbit/s late 4 ms
TL cubic-alone t=3.5 vox 0.0 comp 51.3 Mbit/s late 7 ms
TL cubic-alone t=4.0 vox 0.0 comp 49.5 Mbit/s late 13 ms
TL cubic-alone t=4.5 vox 0.0 comp 56.9 Mbit/s late 13 ms
TL cubic-alone t=5.0 vox 0.0 comp 86.4 Mbit/s late 3 ms
TL cubic-alone t=5.5 vox 0.0 comp 44.8 Mbit/s late 3 ms
TL cubic-alone t=6.0 vox 0.0 comp 53.9 Mbit/s late 3 ms
TL cubic-alone t=6.5 vox 0.0 comp 59.1 Mbit/s late 3 ms
TL cubic-alone t=7.0 vox 0.0 comp 61.5 Mbit/s late 4 ms
TL cubic-alone t=7.5 vox 0.0 comp 46.9 Mbit/s late 6 ms
TL cubic-alone t=8.0 vox 0.0 comp 53.9 Mbit/s late 6 ms
TL cubic-alone t=8.5 vox 0.0 comp 64.6 Mbit/s late 3 ms
TL cubic-alone t=9.0 vox 0.0 comp 97.0 Mbit/s late 1 ms
TL cubic-alone t=9.5 vox 0.0 comp 52.7 Mbit/s late 5 ms
TL cubic-alone t=10.0 vox 0.0 comp 40.6 Mbit/s late 5 ms
TL cubic-alone t=10.5 vox 0.0 comp 58.6 Mbit/s late 4 ms
TL cubic-alone t=11.0 vox 0.0 comp 53.5 Mbit/s late 5 ms
TL cubic-alone t=11.5 vox 0.0 comp 63.1 Mbit/s late 2 ms
TL cubic-alone t=12.0 vox 0.0 comp 42.2 Mbit/s late 4 ms
TL cubic-alone t=12.5 vox 0.0 comp 57.3 Mbit/s late 8 ms
TL cubic-alone t=13.0 vox 0.0 comp 57.6 Mbit/s late 3 ms
TL cubic-alone t=13.5 vox 0.0 comp 60.4 Mbit/s late 4 ms
TL cubic-alone t=14.0 vox 0.0 comp 77.0 Mbit/s late 2 ms
TL cubic-alone t=14.5 vox 0.0 comp 46.3 Mbit/s late 2 ms
TL cubic-alone t=15.0 vox 0.0 comp 57.4 Mbit/s late 1 ms
TL cubic-alone t=15.5 vox 0.0 comp 59.0 Mbit/s late 4 ms
TL cubic-alone t=16.0 vox 0.0 comp 66.6 Mbit/s late 1 ms
TL cubic-alone t=16.5 vox 0.0 comp 58.8 Mbit/s late 2 ms
TL cubic-alone t=17.0 vox 0.0 comp 90.2 Mbit/s late 1 ms
TL cubic-alone t=17.5 vox 0.0 comp 59.3 Mbit/s late 4 ms
TL cubic-alone t=18.0 vox 0.0 comp 67.5 Mbit/s late 3 ms
TL cubic-alone t=18.5 vox 0.0 comp 49.0 Mbit/s late 2 ms
TL cubic-alone t=19.0 vox 0.0 comp 73.0 Mbit/s late 1 ms
TL cubic-alone t=19.5 vox 0.0 comp 81.6 Mbit/s late 6 ms
TL cubic-alone t=20.0 vox 0.0 comp 81.3 Mbit/s late 3 ms
TL cubic-alone t=20.5 vox 0.0 comp 59.5 Mbit/s late 3 ms
TL cubic-alone t=21.0 vox 0.0 comp 64.5 Mbit/s late 1 ms
TL cubic-alone t=21.5 vox 0.0 comp 72.9 Mbit/s late 2 ms
TL cubic-alone t=22.0 vox 0.0 comp 66.5 Mbit/s late 1 ms
TL cubic-alone t=22.5 vox 0.0 comp 54.4 Mbit/s late 5 ms
TL cubic-alone t=23.0 vox 0.0 comp 49.5 Mbit/s late 4 ms
TL cubic-alone t=23.5 vox 0.0 comp 39.9 Mbit/s late 1 ms
TL cubic-alone t=24.0 vox 0.0 comp 81.1 Mbit/s late 5 ms
TL cubic-alone t=24.5 vox 0.0 comp 56.9 Mbit/s late 4 ms
TL cubic-alone t=25.0 vox 0.0 comp 67.9 Mbit/s late 2 ms
TL cubic-alone t=25.5 vox 0.0 comp 80.9 Mbit/s late 3 ms
TL cubic-alone t=26.0 vox 0.0 comp 42.8 Mbit/s late 2 ms
TL cubic-alone t=26.5 vox 0.0 comp 49.5 Mbit/s late 4 ms
TL cubic-alone t=27.0 vox 0.0 comp 47.8 Mbit/s late 3 ms
TL cubic-alone t=27.5 vox 0.0 comp 48.7 Mbit/s late 3 ms
TL cubic-alone t=28.0 vox 0.0 comp 69.7 Mbit/s late 7 ms
TL cubic-alone t=28.5 vox 0.0 comp 90.2 Mbit/s late 5 ms
TL cubic-alone t=29.0 vox 0.0 comp 64.6 Mbit/s late 1 ms
TL cubic-alone t=29.5 vox 0.0 comp 41.8 Mbit/s late 2 ms
TL cubic-alone t=30.0 vox 0.0 comp 72.3 Mbit/s late 1 ms
RESULT lossy vox 176.7 Mbit/s, cubic 62.0 Mbit/s, ratio 2.85; loss drops 1683 tail drops 0
ok

test result: ok. 1 passed; 0 failed; 0 ignored; 0 measured; 0 filtered out; finished in 79.12s

rc=0
