timing-slot: took slot1 of 3 at 20:01:18Z, load 39.10 41.51 44.03, 2 waiting
run-slot: took slot1 of 6 at 20:01:18Z, load 39.10 41.51 44.03, 5 waiting

running 1 test
test spike_adr024 ... SPIKE arm lossy rate 200000000 ow 5 ms loss 0.05 qbdp 1 cc Ok("tier2")
TL vox-alone t=0.5 vox 39.2 comp 0.0 Mbit/s late 2 ms
TL vox-alone t=1.0 vox 44.1 comp 0.0 Mbit/s late 1 ms
TL vox-alone t=1.5 vox 27.5 comp 0.0 Mbit/s late 3 ms
TL vox-alone t=2.0 vox 36.2 comp 0.0 Mbit/s late 3 ms
TL vox-alone t=2.5 vox 24.3 comp 0.0 Mbit/s late 1 ms
TL vox-alone t=3.0 vox 37.2 comp 0.0 Mbit/s late 8 ms
TL vox-alone t=3.5 vox 64.9 comp 0.0 Mbit/s late 1 ms
TL vox-alone t=4.0 vox 44.8 comp 0.0 Mbit/s late 1 ms
TL vox-alone t=4.5 vox 26.2 comp 0.0 Mbit/s late 7 ms
TL vox-alone t=5.0 vox 45.4 comp 0.0 Mbit/s late 1 ms
TL vox-alone t=5.5 vox 23.6 comp 0.0 Mbit/s late 1 ms
TL vox-alone t=6.0 vox 27.0 comp 0.0 Mbit/s late 7 ms
TL vox-alone t=6.5 vox 34.3 comp 0.0 Mbit/s late 4 ms
TL vox-alone t=7.0 vox 59.7 comp 0.0 Mbit/s late 5 ms
TL vox-alone t=7.5 vox 35.4 comp 0.0 Mbit/s late 1 ms
TL vox-alone t=8.0 vox 34.1 comp 0.0 Mbit/s late 9 ms
TL vox-alone t=8.5 vox 45.3 comp 0.0 Mbit/s late 1 ms
TL vox-alone t=9.0 vox 24.3 comp 0.0 Mbit/s late 2 ms
TL vox-alone t=9.5 vox 19.2 comp 0.0 Mbit/s late 5 ms
TL vox-alone t=10.0 vox 48.4 comp 0.0 Mbit/s late 4 ms
TL vox-alone t=10.5 vox 36.1 comp 0.0 Mbit/s late 5 ms
TL vox-alone t=11.0 vox 37.7 comp 0.0 Mbit/s late 3 ms
TL vox-alone t=11.5 vox 25.1 comp 0.0 Mbit/s late 10 ms
TL vox-alone t=12.0 vox 23.9 comp 0.0 Mbit/s late 6 ms
TL vox-alone t=12.5 vox 18.1 comp 0.0 Mbit/s late 1 ms
TL vox-alone t=13.0 vox 24.2 comp 0.0 Mbit/s late 2 ms
TL vox-alone t=13.5 vox 26.2 comp 0.0 Mbit/s late 3 ms
TL vox-alone t=14.0 vox 31.6 comp 0.0 Mbit/s late 6 ms
TL vox-alone t=14.5 vox 35.7 comp 0.0 Mbit/s late 2 ms
TL vox-alone t=15.0 vox 29.9 comp 0.0 Mbit/s late 12 ms
TL vox-alone t=15.5 vox 31.9 comp 0.0 Mbit/s late 5 ms
TL vox-alone t=16.0 vox 32.2 comp 0.0 Mbit/s late 9 ms
TL vox-alone t=16.5 vox 24.3 comp 0.0 Mbit/s late 4 ms
TL vox-alone t=17.0 vox 22.8 comp 0.0 Mbit/s late 7 ms
TL vox-alone t=17.5 vox 34.6 comp 0.0 Mbit/s late 3 ms
TL vox-alone t=18.0 vox 23.2 comp 0.0 Mbit/s late 2 ms
TL vox-alone t=18.5 vox 24.2 comp 0.0 Mbit/s late 4 ms
TL vox-alone t=19.0 vox 36.6 comp 0.0 Mbit/s late 3 ms
TL vox-alone t=19.5 vox 32.0 comp 0.0 Mbit/s late 3 ms
TL vox-alone t=20.0 vox 32.2 comp 0.0 Mbit/s late 4 ms
TL vox-alone t=20.5 vox 24.1 comp 0.0 Mbit/s late 2 ms
TL vox-alone t=21.0 vox 26.0 comp 0.0 Mbit/s late 3 ms
TL vox-alone t=21.5 vox 37.9 comp 0.0 Mbit/s late 1 ms
TL vox-alone t=22.0 vox 33.9 comp 0.0 Mbit/s late 4 ms
TL vox-alone t=22.5 vox 36.3 comp 0.0 Mbit/s late 3 ms
TL vox-alone t=23.0 vox 23.8 comp 0.0 Mbit/s late 3 ms
TL vox-alone t=23.5 vox 25.2 comp 0.0 Mbit/s late 2 ms
TL vox-alone t=24.0 vox 45.7 comp 0.0 Mbit/s late 2 ms
TL vox-alone t=24.5 vox 22.1 comp 0.0 Mbit/s late 1 ms
TL vox-alone t=25.0 vox 59.1 comp 0.0 Mbit/s late 6 ms
TL vox-alone t=25.5 vox 26.5 comp 0.0 Mbit/s late 4 ms
TL vox-alone t=26.0 vox 25.6 comp 0.0 Mbit/s late 4 ms
TL vox-alone t=26.5 vox 40.1 comp 0.0 Mbit/s late 4 ms
TL vox-alone t=27.0 vox 18.6 comp 0.0 Mbit/s late 2 ms
TL vox-alone t=27.5 vox 35.6 comp 0.0 Mbit/s late 2 ms
TL vox-alone t=28.0 vox 63.2 comp 0.0 Mbit/s late 1 ms
TL vox-alone t=28.5 vox 25.4 comp 0.0 Mbit/s late 6 ms
TL vox-alone t=29.0 vox 16.5 comp 0.0 Mbit/s late 4 ms
TL vox-alone t=29.5 vox 63.5 comp 0.0 Mbit/s late 5 ms
TL vox-alone t=30.0 vox 47.2 comp 0.0 Mbit/s late 7 ms
TL cubic-alone t=0.5 vox 24.3 comp 40.4 Mbit/s late 8 ms
TL cubic-alone t=1.0 vox 34.6 comp 28.2 Mbit/s late 2 ms
TL cubic-alone t=1.5 vox 58.4 comp 25.5 Mbit/s late 2 ms
TL cubic-alone t=2.0 vox 71.2 comp 27.5 Mbit/s late 1 ms
TL cubic-alone t=2.5 vox 33.5 comp 33.9 Mbit/s late 2 ms
TL cubic-alone t=3.0 vox 0.0 comp 33.6 Mbit/s late 2 ms
TL cubic-alone t=3.5 vox 0.0 comp 38.4 Mbit/s late 5 ms
TL cubic-alone t=4.0 vox 0.0 comp 26.9 Mbit/s late 3 ms
TL cubic-alone t=4.5 vox 0.0 comp 21.7 Mbit/s late 4 ms
TL cubic-alone t=5.0 vox 0.0 comp 18.4 Mbit/s late 3 ms
TL cubic-alone t=5.5 vox 0.0 comp 27.0 Mbit/s late 1 ms
TL cubic-alone t=6.0 vox 0.0 comp 28.2 Mbit/s late 2 ms
TL cubic-alone t=6.5 vox 0.0 comp 28.1 Mbit/s late 3 ms
TL cubic-alone t=7.0 vox 0.0 comp 24.7 Mbit/s late 4 ms
TL cubic-alone t=7.5 vox 0.0 comp 33.3 Mbit/s late 5 ms
TL cubic-alone t=8.0 vox 0.0 comp 24.3 Mbit/s late 4 ms
TL cubic-alone t=8.5 vox 0.0 comp 15.5 Mbit/s late 4 ms
TL cubic-alone t=9.0 vox 0.0 comp 19.3 Mbit/s late 7 ms
TL cubic-alone t=9.5 vox 0.0 comp 19.6 Mbit/s late 1 ms
TL cubic-alone t=10.0 vox 0.0 comp 27.3 Mbit/s late 2 ms
TL cubic-alone t=10.5 vox 0.0 comp 19.9 Mbit/s late 2 ms
TL cubic-alone t=11.0 vox 0.0 comp 29.0 Mbit/s late 2 ms
TL cubic-alone t=11.5 vox 0.0 comp 17.4 Mbit/s late 2 ms
TL cubic-alone t=12.0 vox 0.0 comp 24.0 Mbit/s late 2 ms
TL cubic-alone t=12.5 vox 0.0 comp 32.1 Mbit/s late 2 ms
TL cubic-alone t=13.0 vox 0.0 comp 26.4 Mbit/s late 2 ms
TL cubic-alone t=13.5 vox 0.0 comp 28.1 Mbit/s late 2 ms
TL cubic-alone t=14.0 vox 0.0 comp 25.3 Mbit/s late 3 ms
TL cubic-alone t=14.5 vox 0.0 comp 19.2 Mbit/s late 2 ms
TL cubic-alone t=15.0 vox 0.0 comp 26.6 Mbit/s late 2 ms
TL cubic-alone t=15.5 vox 0.0 comp 19.9 Mbit/s late 8 ms
TL cubic-alone t=16.0 vox 0.0 comp 32.8 Mbit/s late 2 ms
TL cubic-alone t=16.5 vox 0.0 comp 28.7 Mbit/s late 2 ms
TL cubic-alone t=17.0 vox 0.0 comp 25.2 Mbit/s late 2 ms
TL cubic-alone t=17.5 vox 0.0 comp 23.3 Mbit/s late 1 ms
TL cubic-alone t=18.0 vox 0.0 comp 36.8 Mbit/s late 1 ms
TL cubic-alone t=18.5 vox 0.0 comp 31.9 Mbit/s late 2 ms
TL cubic-alone t=19.0 vox 0.0 comp 24.5 Mbit/s late 1 ms
TL cubic-alone t=19.5 vox 0.0 comp 28.1 Mbit/s late 1 ms
TL cubic-alone t=20.0 vox 0.0 comp 23.8 Mbit/s late 1 ms
TL cubic-alone t=20.5 vox 0.0 comp 21.0 Mbit/s late 1 ms
TL cubic-alone t=21.0 vox 0.0 comp 24.3 Mbit/s late 1 ms
TL cubic-alone t=21.5 vox 0.0 comp 26.8 Mbit/s late 4 ms
TL cubic-alone t=22.0 vox 0.0 comp 26.8 Mbit/s late 1 ms
TL cubic-alone t=22.5 vox 0.0 comp 27.0 Mbit/s late 1 ms
TL cubic-alone t=23.0 vox 0.0 comp 20.3 Mbit/s late 1 ms
TL cubic-alone t=23.5 vox 0.0 comp 19.0 Mbit/s late 1 ms
TL cubic-alone t=24.0 vox 0.0 comp 27.1 Mbit/s late 1 ms
TL cubic-alone t=24.5 vox 0.0 comp 21.2 Mbit/s late 1 ms
TL cubic-alone t=25.0 vox 0.0 comp 20.0 Mbit/s late 1 ms
TL cubic-alone t=25.5 vox 0.0 comp 18.4 Mbit/s late 1 ms
TL cubic-alone t=26.0 vox 0.0 comp 25.2 Mbit/s late 3 ms
TL cubic-alone t=26.5 vox 0.0 comp 19.0 Mbit/s late 6 ms
TL cubic-alone t=27.0 vox 0.0 comp 23.2 Mbit/s late 1 ms
TL cubic-alone t=27.5 vox 0.0 comp 30.6 Mbit/s late 1 ms
TL cubic-alone t=28.0 vox 0.0 comp 26.6 Mbit/s late 1 ms
TL cubic-alone t=28.5 vox 0.0 comp 30.2 Mbit/s late 1 ms
TL cubic-alone t=29.0 vox 0.0 comp 21.0 Mbit/s late 1 ms
TL cubic-alone t=29.5 vox 0.0 comp 25.3 Mbit/s late 1 ms
TL cubic-alone t=30.0 vox 0.0 comp 27.6 Mbit/s late 1 ms
RESULT lossy vox 32.0 Mbit/s, cubic 25.1 Mbit/s, ratio 1.27; loss drops 2115 tail drops 0
ok

test result: ok. 1 passed; 0 failed; 0 ignored; 0 measured; 0 filtered out; finished in 76.65s

rc=0
