timing-slot: took slot1 of 3 at 20:58:17Z, load 47.71 46.35 48.14, 0 waiting
run-slot: took slot3 of 6 at 20:58:17Z, load 47.71 46.35 48.14, 3 waiting

running 1 test
test spike_adr024 ... SPIKE arm lossy rate 200000000 ow 5 ms loss 0.01 qbdp 1 cc Ok("tier2")
TL vox-alone t=0.5 vox 140.5 comp 0.0 Mbit/s late 3 ms
TL vox-alone t=1.0 vox 194.4 comp 0.0 Mbit/s late 1 ms
TL vox-alone t=1.5 vox 167.1 comp 0.0 Mbit/s late 6 ms
TL vox-alone t=2.0 vox 160.3 comp 0.0 Mbit/s late 8 ms
TL vox-alone t=2.5 vox 171.8 comp 0.0 Mbit/s late 1 ms
TL vox-alone t=3.0 vox 150.8 comp 0.0 Mbit/s late 4 ms
TL vox-alone t=3.5 vox 177.6 comp 0.0 Mbit/s late 3 ms
TL vox-alone t=4.0 vox 169.3 comp 0.0 Mbit/s late 4 ms
TL vox-alone t=4.5 vox 182.0 comp 0.0 Mbit/s late 1 ms
TL vox-alone t=5.0 vox 196.9 comp 0.0 Mbit/s late 1 ms
TL vox-alone t=5.5 vox 196.7 comp 0.0 Mbit/s late 1 ms
TL vox-alone t=6.0 vox 198.4 comp 0.0 Mbit/s late 1 ms
TL vox-alone t=6.5 vox 188.6 comp 0.0 Mbit/s late 3 ms
TL vox-alone t=7.0 vox 170.0 comp 0.0 Mbit/s late 7 ms
TL vox-alone t=7.5 vox 190.9 comp 0.0 Mbit/s late 1 ms
TL vox-alone t=8.0 vox 173.5 comp 0.0 Mbit/s late 5 ms
TL vox-alone t=8.5 vox 167.5 comp 0.0 Mbit/s late 1 ms
TL vox-alone t=9.0 vox 192.0 comp 0.0 Mbit/s late 4 ms
TL vox-alone t=9.5 vox 150.0 comp 0.0 Mbit/s late 5 ms
TL vox-alone t=10.0 vox 113.6 comp 0.0 Mbit/s late 5 ms
TL vox-alone t=10.5 vox 200.9 comp 0.0 Mbit/s late 1 ms
TL vox-alone t=11.0 vox 194.0 comp 0.0 Mbit/s late 0 ms
TL vox-alone t=11.5 vox 199.5 comp 0.0 Mbit/s late 1 ms
TL vox-alone t=12.0 vox 197.0 comp 0.0 Mbit/s late 4 ms
TL vox-alone t=12.5 vox 195.7 comp 0.0 Mbit/s late 0 ms
TL vox-alone t=13.0 vox 196.9 comp 0.0 Mbit/s late 2 ms
TL vox-alone t=13.5 vox 195.3 comp 0.0 Mbit/s late 1 ms
TL vox-alone t=14.0 vox 198.4 comp 0.0 Mbit/s late 2 ms
TL vox-alone t=14.5 vox 197.8 comp 0.0 Mbit/s late 1 ms
TL vox-alone t=15.0 vox 165.3 comp 0.0 Mbit/s late 6 ms
TL vox-alone t=15.5 vox 196.5 comp 0.0 Mbit/s late 1 ms
TL vox-alone t=16.0 vox 194.5 comp 0.0 Mbit/s late 3 ms
TL vox-alone t=16.5 vox 196.1 comp 0.0 Mbit/s late 2 ms
TL vox-alone t=17.0 vox 195.0 comp 0.0 Mbit/s late 1 ms
TL vox-alone t=17.5 vox 194.7 comp 0.0 Mbit/s late 1 ms
TL vox-alone t=18.0 vox 136.2 comp 0.0 Mbit/s late 8 ms
TL vox-alone t=18.5 vox 137.2 comp 0.0 Mbit/s late 7 ms
TL vox-alone t=19.0 vox 173.0 comp 0.0 Mbit/s late 4 ms
TL vox-alone t=19.5 vox 185.6 comp 0.0 Mbit/s late 5 ms
TL vox-alone t=20.0 vox 195.0 comp 0.0 Mbit/s late 3 ms
TL vox-alone t=20.5 vox 187.3 comp 0.0 Mbit/s late 1 ms
TL vox-alone t=21.0 vox 193.8 comp 0.0 Mbit/s late 5 ms
TL vox-alone t=21.5 vox 165.4 comp 0.0 Mbit/s late 6 ms
TL vox-alone t=22.0 vox 134.1 comp 0.0 Mbit/s late 3 ms
TL vox-alone t=22.5 vox 176.1 comp 0.0 Mbit/s late 3 ms
TL vox-alone t=23.0 vox 195.4 comp 0.0 Mbit/s late 1 ms
TL vox-alone t=23.5 vox 169.6 comp 0.0 Mbit/s late 3 ms
TL vox-alone t=24.0 vox 161.6 comp 0.0 Mbit/s late 6 ms
TL vox-alone t=24.5 vox 105.7 comp 0.0 Mbit/s late 6 ms
TL vox-alone t=25.0 vox 196.7 comp 0.0 Mbit/s late 1 ms
TL vox-alone t=25.5 vox 200.9 comp 0.0 Mbit/s late 1 ms
TL vox-alone t=26.0 vox 196.7 comp 0.0 Mbit/s late 1 ms
TL vox-alone t=26.5 vox 199.4 comp 0.0 Mbit/s late 1 ms
TL vox-alone t=27.0 vox 196.4 comp 0.0 Mbit/s late 1 ms
TL vox-alone t=27.5 vox 195.2 comp 0.0 Mbit/s late 2 ms
TL vox-alone t=28.0 vox 198.8 comp 0.0 Mbit/s late 1 ms
TL vox-alone t=28.5 vox 174.8 comp 0.0 Mbit/s late 4 ms
TL vox-alone t=29.0 vox 192.4 comp 0.0 Mbit/s late 2 ms
TL vox-alone t=29.5 vox 192.3 comp 0.0 Mbit/s late 7 ms
TL vox-alone t=30.0 vox 191.8 comp 0.0 Mbit/s late 3 ms
TL cubic-alone t=0.5 vox 0.0 comp 55.3 Mbit/s late 2 ms
TL cubic-alone t=1.0 vox 0.0 comp 60.6 Mbit/s late 3 ms
TL cubic-alone t=1.5 vox 0.0 comp 106.0 Mbit/s late 1 ms
TL cubic-alone t=2.0 vox 0.0 comp 60.8 Mbit/s late 5 ms
TL cubic-alone t=2.5 vox 0.0 comp 59.1 Mbit/s late 1 ms
TL cubic-alone t=3.0 vox 0.0 comp 57.7 Mbit/s late 2 ms
TL cubic-alone t=3.5 vox 0.0 comp 65.0 Mbit/s late 2 ms
TL cubic-alone t=4.0 vox 0.0 comp 68.3 Mbit/s late 4 ms
TL cubic-alone t=4.5 vox 0.0 comp 84.6 Mbit/s late 3 ms
TL cubic-alone t=5.0 vox 0.0 comp 50.7 Mbit/s late 2 ms
TL cubic-alone t=5.5 vox 0.0 comp 55.2 Mbit/s late 1 ms
TL cubic-alone t=6.0 vox 0.0 comp 76.9 Mbit/s late 2 ms
TL cubic-alone t=6.5 vox 0.0 comp 53.9 Mbit/s late 3 ms
TL cubic-alone t=7.0 vox 0.0 comp 61.0 Mbit/s late 1 ms
TL cubic-alone t=7.5 vox 0.0 comp 65.4 Mbit/s late 4 ms
TL cubic-alone t=8.0 vox 0.0 comp 69.1 Mbit/s late 5 ms
TL cubic-alone t=8.5 vox 0.0 comp 67.6 Mbit/s late 5 ms
TL cubic-alone t=9.0 vox 0.0 comp 39.6 Mbit/s late 5 ms
TL cubic-alone t=9.5 vox 0.0 comp 61.2 Mbit/s late 1 ms
TL cubic-alone t=10.0 vox 0.0 comp 61.5 Mbit/s late 1 ms
TL cubic-alone t=10.5 vox 0.0 comp 68.3 Mbit/s late 2 ms
TL cubic-alone t=11.0 vox 0.0 comp 45.3 Mbit/s late 8 ms
TL cubic-alone t=11.5 vox 0.0 comp 65.3 Mbit/s late 1 ms
TL cubic-alone t=12.0 vox 0.0 comp 53.7 Mbit/s late 1 ms
TL cubic-alone t=12.5 vox 0.0 comp 75.6 Mbit/s late 1 ms
TL cubic-alone t=13.0 vox 0.0 comp 67.5 Mbit/s late 1 ms
TL cubic-alone t=13.5 vox 0.0 comp 52.5 Mbit/s late 2 ms
TL cubic-alone t=14.0 vox 0.0 comp 55.6 Mbit/s late 1 ms
TL cubic-alone t=14.5 vox 0.0 comp 63.1 Mbit/s late 2 ms
TL cubic-alone t=15.0 vox 0.0 comp 64.2 Mbit/s late 3 ms
TL cubic-alone t=15.5 vox 0.0 comp 62.8 Mbit/s late 4 ms
TL cubic-alone t=16.0 vox 0.0 comp 82.5 Mbit/s late 1 ms
TL cubic-alone t=16.5 vox 0.0 comp 59.0 Mbit/s late 3 ms
TL cubic-alone t=17.0 vox 0.0 comp 64.8 Mbit/s late 4 ms
TL cubic-alone t=17.5 vox 0.0 comp 45.4 Mbit/s late 3 ms
TL cubic-alone t=18.0 vox 0.0 comp 73.5 Mbit/s late 5 ms
TL cubic-alone t=18.5 vox 0.0 comp 81.6 Mbit/s late 1 ms
TL cubic-alone t=19.0 vox 0.0 comp 79.1 Mbit/s late 2 ms
TL cubic-alone t=19.5 vox 0.0 comp 53.9 Mbit/s late 5 ms
TL cubic-alone t=20.0 vox 0.0 comp 60.1 Mbit/s late 4 ms
TL cubic-alone t=20.5 vox 0.0 comp 73.2 Mbit/s late 5 ms
TL cubic-alone t=21.0 vox 0.0 comp 60.2 Mbit/s late 2 ms
TL cubic-alone t=21.5 vox 0.0 comp 59.8 Mbit/s late 2 ms
TL cubic-alone t=22.0 vox 0.0 comp 50.3 Mbit/s late 6 ms
TL cubic-alone t=22.5 vox 0.0 comp 40.0 Mbit/s late 1 ms
TL cubic-alone t=23.0 vox 0.0 comp 68.5 Mbit/s late 1 ms
TL cubic-alone t=23.5 vox 0.0 comp 66.8 Mbit/s late 3 ms
TL cubic-alone t=24.0 vox 0.0 comp 68.3 Mbit/s late 1 ms
TL cubic-alone t=24.5 vox 0.0 comp 83.9 Mbit/s late 2 ms
TL cubic-alone t=25.0 vox 0.0 comp 46.5 Mbit/s late 3 ms
TL cubic-alone t=25.5 vox 0.0 comp 54.3 Mbit/s late 1 ms
TL cubic-alone t=26.0 vox 0.0 comp 47.0 Mbit/s late 4 ms
TL cubic-alone t=26.5 vox 0.0 comp 46.7 Mbit/s late 3 ms
TL cubic-alone t=27.0 vox 0.0 comp 69.3 Mbit/s late 3 ms
TL cubic-alone t=27.5 vox 0.0 comp 95.6 Mbit/s late 1 ms
TL cubic-alone t=28.0 vox 0.0 comp 60.1 Mbit/s late 9 ms
TL cubic-alone t=28.5 vox 0.0 comp 41.9 Mbit/s late 1 ms
TL cubic-alone t=29.0 vox 0.0 comp 72.5 Mbit/s late 4 ms
TL cubic-alone t=29.5 vox 0.0 comp 62.1 Mbit/s late 1 ms
TL cubic-alone t=30.0 vox 0.0 comp 61.6 Mbit/s late 1 ms
RESULT lossy vox 184.2 Mbit/s, cubic 62.6 Mbit/s, ratio 2.94; loss drops 1696 tail drops 0
ok

test result: ok. 1 passed; 0 failed; 0 ignored; 0 measured; 0 filtered out; finished in 74.04s

rc=0
