timing-slot: took slot1 of 3 at 20:14:01Z, load 51.36 59.96 54.12, 0 waiting
run-slot: took slot1 of 6 at 20:14:01Z, load 51.36 59.96 54.12, 4 waiting

running 1 test
SPIKE arm changing rate 1000000000 ow 1 ms loss 0 qbdp 1 cc Err(NotPresent)
TL changing t=0.5 vox 912.7 comp 0.0 Mbit/s late 2 ms
TL changing t=1.0 vox 982.4 comp 0.0 Mbit/s late 2 ms
TL changing t=1.5 vox 1002.0 comp 0.0 Mbit/s late 5 ms
TL changing t=2.0 vox 983.2 comp 0.0 Mbit/s late 8 ms
TL changing t=2.5 vox 1002.0 comp 0.0 Mbit/s late 2 ms
TL changing t=3.0 vox 891.5 comp 0.0 Mbit/s late 2 ms
TL changing t=3.5 vox 1026.0 comp 0.0 Mbit/s late 2 ms
TL changing t=4.0 vox 992.5 comp 0.0 Mbit/s late 4 ms
TL changing t=4.5 vox 994.1 comp 0.0 Mbit/s late 3 ms
TL changing t=5.0 vox 998.4 comp 0.0 Mbit/s late 2 ms
TL changing t=5.5 vox 983.5 comp 0.0 Mbit/s late 3 ms
TL changing t=6.0 vox 1000.7 comp 0.0 Mbit/s late 2 ms
TL changing t=6.5 vox 983.7 comp 0.0 Mbit/s late 3 ms
TL changing t=7.0 vox 999.0 comp 0.0 Mbit/s late 5 ms
TL changing t=7.5 vox 990.7 comp 0.0 Mbit/s late 4 ms
TL changing t=8.0 vox 988.1 comp 0.0 Mbit/s late 3 ms
TL changing t=8.5 vox 1001.5 comp 0.0 Mbit/s late 2 ms
TL changing t=9.0 vox 937.6 comp 0.0 Mbit/s late 51 ms
TL changing t=9.5 vox 993.8 comp 0.0 Mbit/s late 4 ms
TL changing t=10.0 vox 991.4 comp 0.0 Mbit/s late 2 ms
TL changing t=10.5 vox 991.1 comp 0.0 Mbit/s late 3 ms
TL changing t=11.0 vox 992.1 comp 0.0 Mbit/s late 15 ms
TL changing t=11.5 vox 991.7 comp 0.0 Mbit/s late 7 ms
TL changing t=12.0 vox 991.3 comp 0.0 Mbit/s late 1 ms
TL changing t=12.5 vox 992.4 comp 0.0 Mbit/s late 4 ms
TL changing t=13.0 vox 991.9 comp 0.0 Mbit/s late 2 ms
TL changing t=13.5 vox 991.7 comp 0.0 Mbit/s late 1 ms
TL changing t=14.0 vox 992.1 comp 0.0 Mbit/s late 1 ms
TL changing t=14.5 vox 996.3 comp 0.0 Mbit/s late 2 ms
TL changing t=15.0 vox 990.8 comp 0.0 Mbit/s late 2 ms
TL changing t=15.5 vox 992.7 comp 0.0 Mbit/s late 2 ms
TL changing t=16.0 vox 989.3 comp 0.0 Mbit/s late 4 ms
TL changing t=16.5 vox 994.7 comp 0.0 Mbit/s late 3 ms
TL changing t=17.0 vox 991.0 comp 0.0 Mbit/s late 1 ms
TL changing t=17.5 vox 990.2 comp 0.0 Mbit/s late 1 ms
TL changing t=18.0 vox 1001.3 comp 0.0 Mbit/s late 3 ms
TL changing t=18.5 vox 983.3 comp 0.0 Mbit/s late 2 ms
TL changing t=19.0 vox 993.7 comp 0.0 Mbit/s late 11 ms
TL changing t=19.5 vox 990.3 comp 0.0 Mbit/s late 1 ms
TL changing t=20.0 vox 914.0 comp 0.0 Mbit/s late 27 ms
TL changing t=20.5 vox 871.6 comp 0.0 Mbit/s late 28 ms
TL changing t=21.0 vox 988.3 comp 0.0 Mbit/s late 2 ms
TL changing t=21.5 vox 991.1 comp 0.0 Mbit/s late 2 ms
TL changing t=22.0 vox 997.9 comp 0.0 Mbit/s late 3 ms
TL changing t=22.5 vox 986.9 comp 0.0 Mbit/s late 1 ms
TL changing t=23.0 vox 993.2 comp 0.0 Mbit/s late 4 ms
TL changing t=23.5 vox 997.7 comp 0.0 Mbit/s late 2 ms
TL changing t=24.0 vox 988.6 comp 0.0 Mbit/s late 6 ms
TL changing t=24.5 vox 929.0 comp 0.0 Mbit/s late 3 ms
TL changing t=25.0 vox 991.9 comp 0.0 Mbit/s late 2 ms
TL changing t=25.5 vox 998.0 comp 0.0 Mbit/s late 1 ms
TL changing t=26.0 vox 989.4 comp 0.0 Mbit/s late 1 ms
TL changing t=26.5 vox 986.8 comp 0.0 Mbit/s late 3 ms
TL changing t=27.0 vox 990.3 comp 0.0 Mbit/s late 5 ms
TL changing t=27.5 vox 993.2 comp 0.0 Mbit/s late 2 ms
TL changing t=28.0 vox 992.5 comp 0.0 Mbit/s late 5 ms
TL changing t=28.5 vox 996.2 comp 0.0 Mbit/s late 5 ms
TL changing t=29.0 vox 989.7 comp 0.0 Mbit/s late 11 ms
TL changing t=29.5 vox 988.7 comp 0.0 Mbit/s late 3 ms
TL changing t=30.0 vox 994.3 comp 0.0 Mbit/s late 4 ms
RESULT changing clean1 vox 982.7 Mbit/s
RESULT changing lossy vox 988.1 Mbit/s
RESULT changing clean2 vox 982.8 Mbit/s
TIER SPIKE-TAPER tier 1 rate 10.9 best 10.9 Mbit/s queue false lossless8 0 lossy false starved 1/0.0s/0 quiet 1 minrtt Some(488.083µs) srtt 982.775µs win 23286
TIER SPIKE-TAPER tier 1 rate 12106.6 best 28487.7 Mbit/s queue false lossless8 0 lossy false starved 302/0.3s/0 quiet 0 minrtt Some(0ns) srtt 335.619µs win 169258741
TIER SPIKE-TAPER tier 1 rate 14836.4 best 28487.7 Mbit/s queue false lossless8 0 lossy false starved 92/0.1s/0 quiet 0 minrtt Some(0ns) srtt 859.385µs win 127123155
TIER SPIKE-TAPER tier 1 rate 13306.0 best 37446.9 Mbit/s queue false lossless8 0 lossy false starved 37/0.0s/0 quiet 0 minrtt Some(0ns) srtt 1.232291ms win 62290345
TIER SPIKE-TAPER tier 1 rate 608.1 best 37446.9 Mbit/s queue false lossless8 0 lossy false starved 442/0.5s/0 quiet 0 minrtt Some(0ns) srtt 1.471616ms win 62618025
TIER SPIKE-TAPER tier 1 rate 2640.2 best 37446.9 Mbit/s queue false lossless8 0 lossy false starved 32/0.1s/0 quiet 0 minrtt Some(0ns) srtt 428.664µs win 70597033
TIER SPIKE-TAPER tier 1 rate 2147.1 best 52168.0 Mbit/s queue false lossless8 0 lossy false starved 54/0.1s/0 quiet 0 minrtt Some(0ns) srtt 651.685µs win 78576041
TIER SPIKE-TAPER tier 1 rate 2.2 best 2.2 Mbit/s queue true lossless8 0 lossy false starved 0/0.0s/0 quiet 0 minrtt Some(3.083625ms) srtt 1.135848ms win 20192
TIER SPIKE-TAPER tier 1 rate 986.2 best 1028.1 Mbit/s queue true lossless8 0 lossy false starved 0/0.0s/0 quiet 0 minrtt Some(2.6215ms) srtt 33.608153ms win 4211919
TIER SPIKE-TAPER tier 1 rate 1000.1 best 1028.1 Mbit/s queue true lossless8 0 lossy false starved 0/0.0s/0 quiet 0 minrtt Some(2.6215ms) srtt 35.863193ms win 4482255
TIER SPIKE-TAPER tier 1 rate 971.3 best 1028.7 Mbit/s queue true lossless8 0 lossy false starved 0/0.0s/0 quiet 0 minrtt Some(2.6215ms) srtt 25.183257ms win 3171984
TIER SPIKE-TAPER tier 1 rate 2234.3 best 2234.3 Mbit/s queue true lossless8 0 lossy false starved 0/0.0s/0 quiet 0 minrtt Some(2.6215ms) srtt 25.36546ms win 3171984
TIER SPIKE-TAPER tier 1 rate 993.6 best 2234.3 Mbit/s queue true lossless8 0 lossy false starved 0/0.0s/0 quiet 0 minrtt Some(2.6215ms) srtt 26.21336ms win 3270288
TIER SPIKE-TAPER tier 1 rate 1005.0 best 2234.3 Mbit/s queue true lossless8 0 lossy false starved 0/0.0s/0 quiet 0 minrtt Some(2.571958ms) srtt 34.214384ms win 4261520
TIER SPIKE-TAPER tier 1 rate 975.6 best 2234.3 Mbit/s queue true lossless8 0 lossy false starved 0/0.0s/0 quiet 0 minrtt Some(2.571958ms) srtt 34.203811ms win 4261520
TIER SPIKE-TAPER tier 1 rate 978.8 best 2234.3 Mbit/s queue true lossless8 0 lossy false starved 0/0.0s/0 quiet 0 minrtt Some(2.571958ms) srtt 33.867129ms win 4261520
TIER SPIKE-TAPER tier 1 rate 992.4 best 2234.3 Mbit/s queue true lossless8 0 lossy false starved 0/0.0s/0 quiet 0 minrtt Some(2.571958ms) srtt 34.074421ms win 4261520
TIER SPIKE-TAPER tier 1 rate 998.5 best 2234.3 Mbit/s queue true lossless8 0 lossy false starved 0/0.0s/0 quiet 0 minrtt Some(2.571958ms) srtt 33.995845ms win 4261520
TIER SPIKE-TAPER tier 1 rate 1010.2 best 2234.3 Mbit/s queue true lossless8 0 lossy false starved 0/0.0s/0 quiet 0 minrtt Some(2.571958ms) srtt 33.647335ms win 4261520
TIER SPIKE-TAPER tier 1 rate 1012.9 best 2234.3 Mbit/s queue true lossless8 0 lossy false starved 0/0.0s/0 quiet 0 minrtt Some(2.571958ms) srtt 34.049351ms win 4261520
TIER SPIKE-TAPER tier 1 rate 993.0 best 2234.3 Mbit/s queue true lossless8 0 lossy false starved 0/0.0s/0 quiet 0 minrtt Some(2.571958ms) srtt 34.065596ms win 4261520
TIER SPIKE-TAPER tier 1 rate 977.9 best 2234.3 Mbit/s queue true lossless8 0 lossy false starved 0/0.0s/0 quiet 0 minrtt Some(2.571958ms) srtt 33.207866ms win 4261520
TIER SPIKE-TAPER tier 1 rate 998.9 best 2234.3 Mbit/s queue true lossless8 0 lossy false starved 0/0.0s/0 quiet 0 minrtt Some(2.571958ms) srtt 34.071311ms win 4261520
TIER SPIKE-TAPER tier 1 rate 1008.0 best 2234.3 Mbit/s queue true lossless8 0 lossy false starved 0/0.0s/0 quiet 0 minrtt Some(2.571958ms) srtt 33.40962ms win 4261520
TIER SPIKE-TAPER tier 1 rate 1002.2 best 2234.3 Mbit/s queue true lossless8 0 lossy false starved 0/0.0s/0 quiet 0 minrtt Some(2.571958ms) srtt 34.499976ms win 4261520
TIER SPIKE-TAPER tier 1 rate 996.1 best 7076.8 Mbit/s queue true lossless8 0 lossy false starved 0/0.0s/0 quiet 0 minrtt Some(2.571958ms) srtt 31.576927ms win 3958731
TIER SPIKE-TAPER tier 1 rate 988.2 best 7076.8 Mbit/s queue true lossless8 0 lossy false starved 0/0.0s/0 quiet 0 minrtt Some(2.571958ms) srtt 34.193154ms win 4245451
TIER SPIKE-TAPER tier 1 rate 1019.4 best 7076.8 Mbit/s queue true lossless8 0 lossy false starved 0/0.0s/0 quiet 0 minrtt Some(2.571958ms) srtt 35.617654ms win 4499403
TIER SPIKE-TAPER tier 1 rate 1012.3 best 7076.8 Mbit/s queue true lossless8 0 lossy false starved 0/0.0s/0 quiet 0 minrtt Some(2.571958ms) srtt 25.141154ms win 3172519
TIER SPIKE-TAPER tier 1 rate 1006.1 best 7076.8 Mbit/s queue true lossless8 0 lossy false starved 0/0.0s/0 quiet 0 minrtt Some(2.571958ms) srtt 24.967058ms win 3172519
TIER SPIKE-TAPER tier 1 rate 1000.5 best 7076.8 Mbit/s queue true lossless8 0 lossy false starved 0/0.0s/0 quiet 0 minrtt Some(2.571958ms) srtt 26.113141ms win 3270823
TIER SPIKE-TAPER tier 1 rate 988.7 best 7076.8 Mbit/s queue true lossless8 0 lossy false starved 0/0.0s/0 quiet 0 minrtt Some(2.571958ms) srtt 27.265631ms win 3418279
TIER SPIKE-TAPER tier 1 rate 993.6 best 7076.8 Mbit/s queue true lossless8 0 lossy false starved 0/0.0s/0 quiet 0 minrtt Some(2.571958ms) srtt 28.238798ms win 3532967
TIER SPIKE-TAPER tier 1 rate 995.6 best 7076.8 Mbit/s queue true lossless8 0 lossy false starved 0/0.0s/0 quiet 0 minrtt Some(4.575708ms) srtt 28.933758ms win 3631271
TIER SPIKE-TAPER tier 1 rate 994.5 best 7076.8 Mbit/s queue true lossless8 0 lossy false starved 0/0.0s/0 quiet 0 minrtt Some(4.575708ms) srtt 29.730735ms win 3704999
TIER SPIKE-TAPER tier 1 rate 993.3 best 7076.8 Mbit/s queue true lossless8 0 lossy false starved 0/0.0s/0 quiet 0 minrtt Some(4.575708ms) srtt 30.149405ms win 3762343
TIER SPIKE-TAPER tier 1 rate 1011.4 best 7076.8 Mbit/s queue true lossless8 0 lossy false starved 0/0.0s/0 quiet 0 minrtt Some(4.575708ms) srtt 29.73907ms win 3795111
TIER SPIKE-TAPER tier 1 rate 997.1 best 7076.8 Mbit/s queue true lossless8 0 lossy false starved 0/0.0s/0 quiet 0 minrtt Some(4.575708ms) srtt 30.14156ms win 3827879
TIER SPIKE-TAPER tier 1 rate 998.1 best 7076.8 Mbit/s queue true lossless8 0 lossy false starved 0/0.0s/0 quiet 0 minrtt Some(4.575708ms) srtt 30.865138ms win 3844263
TIER SPIKE-TAPER tier 1 rate 1005.8 best 7076.8 Mbit/s queue true lossless8 0 lossy false starved 0/0.0s/0 quiet 0 minrtt Some(4.575708ms) srtt 30.739217ms win 3852455
TIER SPIKE-TAPER tier 1 rate 998.0 best 7076.8 Mbit/s queue true lossless8 0 lossy false starved 0/0.0s/0 quiet 0 minrtt Some(4.575708ms) srtt 30.745159ms win 3852455
TIER SPIKE-TAPER tier 1 rate 1001.8 best 7076.8 Mbit/s queue true lossless8 0 lossy false starved 0/0.0s/0 quiet 0 minrtt Some(4.575708ms) srtt 30.819987ms win 3852455
TIER SPIKE-TAPER tier 1 rate 994.1 best 7076.8 Mbit/s queue true lossless8 0 lossy false starved 0/0.0s/0 quiet 0 minrtt Some(4.575708ms) srtt 30.870781ms win 3852455
TIER SPIKE-TAPER tier 1 rate 1003.7 best 7076.8 Mbit/s queue true lossless8 0 lossy false starved 0/0.0s/0 quiet 0 minrtt Some(4.575708ms) srtt 30.911402ms win 3868839
TIER SPIKE-TAPER tier 1 rate 985.4 best 7076.8 Mbit/s queue true lossless8 0 lossy false starved 0/0.0s/0 quiet 0 minrtt Some(4.575708ms) srtt 35.580869ms win 4466855
TIER SPIKE-TAPER tier 1 rate 995.7 best 1383.9 Mbit/s queue true lossless8 0 lossy false starved 0/0.0s/0 quiet 0 minrtt Some(10.540208ms) srtt 35.763348ms win 4466855
TIER SPIKE-TAPER tier 1 rate 630.5 best 1693.6 Mbit/s queue true lossless8 0 lossy false starved 0/0.0s/0 quiet 0 minrtt Some(4.906833ms) srtt 50.97076ms win 4093454
TIER SPIKE-TAPER tier 1 rate 989.7 best 1693.6 Mbit/s queue true lossless8 0 lossy false starved 0/0.0s/0 quiet 0 minrtt Some(3.0485ms) srtt 35.235123ms win 4396558
TIER SPIKE-TAPER tier 1 rate 995.1 best 1693.6 Mbit/s queue true lossless8 0 lossy false starved 0/0.0s/0 quiet 0 minrtt Some(3.0485ms) srtt 25.414429ms win 3175075
TIER SPIKE-TAPER tier 1 rate 1000.2 best 1693.6 Mbit/s queue true lossless8 0 lossy false starved 0/0.0s/0 quiet 0 minrtt Some(3.0485ms) srtt 25.38733ms win 3175075
TIER SPIKE-TAPER tier 1 rate 999.5 best 1693.6 Mbit/s queue true lossless8 0 lossy false starved 0/0.0s/0 quiet 0 minrtt Some(3.0485ms) srtt 25.679509ms win 3207843
TIER SPIKE-TAPER tier 1 rate 1003.5 best 1693.6 Mbit/s queue true lossless8 0 lossy false starved 0/0.0s/0 quiet 0 minrtt Some(3.0485ms) srtt 26.901411ms win 3363491
TIER SPIKE-TAPER tier 1 rate 999.7 best 1693.6 Mbit/s queue true lossless8 0 lossy false starved 0/0.0s/0 quiet 0 minrtt Some(3.0485ms) srtt 28.024156ms win 3494563
TIER SPIKE-TAPER tier 1 rate 1009.7 best 1693.6 Mbit/s queue true lossless8 0 lossy false starved 0/0.0s/0 quiet 0 minrtt Some(3.0485ms) srtt 28.676551ms win 3592867
TIER SPIKE-TAPER tier 1 rate 1005.5 best 1693.6 Mbit/s queue true lossless8 0 lossy false starved 0/0.0s/0 quiet 0 minrtt Some(3.0485ms) srtt 29.147091ms win 3674787
TIER SPIKE-TAPER tier 1 rate 995.6 best 1693.6 Mbit/s queue true lossless8 0 lossy false starved 0/0.0s/0 quiet 0 minrtt Some(2.605791ms) srtt 27.823366ms win 3539006
TIER SPIKE-TAPER tier 1 rate 990.6 best 1693.6 Mbit/s queue true lossless8 0 lossy false starved 0/0.0s/0 quiet 0 minrtt Some(2.605791ms) srtt 30.431737ms win 3817534
TIER SPIKE-TAPER tier 1 rate 994.7 best 1693.6 Mbit/s queue true lossless8 0 lossy false starved 0/0.0s/0 quiet 0 minrtt Some(2.605791ms) srtt 32.233737ms win 4063294
TIER SPIKE-TAPER tier 1 rate 1007.1 best 1693.6 Mbit/s queue true lossless8 0 lossy false starved 0/0.0s/0 quiet 0 minrtt Some(2.605791ms) srtt 33.557873ms win 4268094
TIER SPIKE-TAPER tier 1 rate 991.5 best 1693.6 Mbit/s queue true lossless8 0 lossy false starved 0/0.0s/0 quiet 0 minrtt Some(2.605791ms) srtt 35.700522ms win 4440126
TIER SPIKE-TAPER tier 1 rate 1004.9 best 1693.6 Mbit/s queue true lossless8 0 lossy false starved 0/0.0s/0 quiet 0 minrtt Some(2.605791ms) srtt 25.37649ms win 3165432
TIER SPIKE-TAPER tier 1 rate 1037.5 best 1693.6 Mbit/s queue true lossless8 0 lossy false starved 0/0.0s/0 quiet 0 minrtt Some(2.605791ms) srtt 25.398464ms win 3165432
TIER SPIKE-TAPER tier 1 rate 995.6 best 1693.6 Mbit/s queue true lossless8 0 lossy false starved 0/0.0s/0 quiet 0 minrtt Some(2.605791ms) srtt 25.378579ms win 3198200
TIER SPIKE-TAPER tier 1 rate 984.1 best 1693.6 Mbit/s queue true lossless8 0 lossy false starved 0/0.0s/0 quiet 0 minrtt Some(2.605791ms) srtt 26.562716ms win 3353848
TIER SPIKE-TAPER tier 1 rate 994.4 best 1693.6 Mbit/s queue true lossless8 0 lossy false starved 0/0.0s/0 quiet 0 minrtt Some(2.605791ms) srtt 27.779449ms win 3484920
TIER SPIKE-TAPER tier 1 rate 995.5 best 1693.6 Mbit/s queue true lossless8 0 lossy false starved 0/0.0s/0 quiet 0 minrtt Some(2.605791ms) srtt 28.729002ms win 3583224
TIER SPIKE-TAPER tier 1 rate 758.2 best 758.2 Mbit/s queue false lossless8 0 lossy false starved 1/0.0s/0 quiet 1 minrtt Some(77.708µs) srtt 226.931µs win 33080
TIER SPIKE-TAPER tier 1 rate 49.6 best 49.6 Mbit/s queue false lossless8 0 lossy false starved 1/0.0s/0 quiet 1 minrtt Some(112.666µs) srtt 260.593µs win 24611
TIER SPIKE-TAPER tier 1 rate 2.4 best 2.4 Mbit/s queue true lossless8 0 lossy false starved 0/0.0s/0 quiet 0 minrtt Some(428.917µs) srtt 328.601µs win 20192
TIER SPIKE-TAPER tier 1 rate 34.7 best 34.7 Mbit/s queue false lossless8 0 lossy false starved 1/0.0s/0 quiet 1 minrtt Some(95.084µs) srtt 355.982µs win 24576
TIER SPIKE-TAPER tier 1 rate 0.0 best 0.0 Mbit/s queue true lossless8 0 lossy false starved 0/0.0s/0 quiet 0 minrtt Some(8.1535ms) srtt 29.142162ms win 12080
test spike_adr024 ... ok

test result: ok. 1 passed; 0 failed; 0 ignored; 0 measured; 0 filtered out; finished in 41.84s

