timing-slot: took slot2 of 3 at 20:39:17Z, load 50.44 55.40 51.13, 1 waiting
run-slot: took slot5 of 6 at 20:42:07Z, load 46.53 52.33 50.72, 11 waiting

running 1 test
SPIKE arm lossy rate 200000000 ow 5 ms loss 0.01 qbdp 1 cc Err(NotPresent)
TL vox-alone t=0.5 vox 112.0 comp 0.0 Mbit/s late 1 ms
TL vox-alone t=1.0 vox 196.9 comp 0.0 Mbit/s late 6 ms
TL vox-alone t=1.5 vox 200.9 comp 0.0 Mbit/s late 5 ms
TL vox-alone t=2.0 vox 188.7 comp 0.0 Mbit/s late 3 ms
TL vox-alone t=2.5 vox 200.0 comp 0.0 Mbit/s late 6 ms
TL vox-alone t=3.0 vox 206.9 comp 0.0 Mbit/s late 1 ms
TL vox-alone t=3.5 vox 188.8 comp 0.0 Mbit/s late 1 ms
TL vox-alone t=4.0 vox 202.9 comp 0.0 Mbit/s late 2 ms
TL vox-alone t=4.5 vox 198.3 comp 0.0 Mbit/s late 3 ms
TL vox-alone t=5.0 vox 200.0 comp 0.0 Mbit/s late 3 ms
TL vox-alone t=5.5 vox 193.1 comp 0.0 Mbit/s late 5 ms
TL vox-alone t=6.0 vox 199.0 comp 0.0 Mbit/s late 10 ms
TL vox-alone t=6.5 vox 196.9 comp 0.0 Mbit/s late 7 ms
TL vox-alone t=7.0 vox 190.3 comp 0.0 Mbit/s late 11 ms
TL vox-alone t=7.5 vox 200.1 comp 0.0 Mbit/s late 5 ms
TL vox-alone t=8.0 vox 205.4 comp 0.0 Mbit/s late 4 ms
TL vox-alone t=8.5 vox 183.0 comp 0.0 Mbit/s late 8 ms
TL vox-alone t=9.0 vox 214.4 comp 0.0 Mbit/s late 8 ms
TL vox-alone t=9.5 vox 190.7 comp 0.0 Mbit/s late 8 ms
TL vox-alone t=10.0 vox 205.6 comp 0.0 Mbit/s late 17 ms
TL vox-alone t=10.5 vox 159.8 comp 0.0 Mbit/s late 4 ms
TL vox-alone t=11.0 vox 190.5 comp 0.0 Mbit/s late 6 ms
TL vox-alone t=11.5 vox 206.4 comp 0.0 Mbit/s late 3 ms
TL vox-alone t=12.0 vox 195.2 comp 0.0 Mbit/s late 3 ms
TL vox-alone t=12.5 vox 202.7 comp 0.0 Mbit/s late 5 ms
TL vox-alone t=13.0 vox 188.0 comp 0.0 Mbit/s late 7 ms
TL vox-alone t=13.5 vox 199.7 comp 0.0 Mbit/s late 1 ms
TL vox-alone t=14.0 vox 202.2 comp 0.0 Mbit/s late 2 ms
TL vox-alone t=14.5 vox 199.9 comp 0.0 Mbit/s late 0 ms
TL vox-alone t=15.0 vox 201.1 comp 0.0 Mbit/s late 0 ms
TL vox-alone t=15.5 vox 198.6 comp 0.0 Mbit/s late 5 ms
TL vox-alone t=16.0 vox 193.0 comp 0.0 Mbit/s late 2 ms
TL vox-alone t=16.5 vox 196.9 comp 0.0 Mbit/s late 3 ms
TL vox-alone t=17.0 vox 205.6 comp 0.0 Mbit/s late 3 ms
TL vox-alone t=17.5 vox 200.3 comp 0.0 Mbit/s late 5 ms
TL vox-alone t=18.0 vox 198.6 comp 0.0 Mbit/s late 2 ms
TL vox-alone t=18.5 vox 197.1 comp 0.0 Mbit/s late 2 ms
TL vox-alone t=19.0 vox 173.8 comp 0.0 Mbit/s late 12 ms
TL vox-alone t=19.5 vox 200.5 comp 0.0 Mbit/s late 4 ms
TL vox-alone t=20.0 vox 208.6 comp 0.0 Mbit/s late 1 ms
TL vox-alone t=20.5 vox 154.4 comp 0.0 Mbit/s late 6 ms
TL vox-alone t=21.0 vox 203.1 comp 0.0 Mbit/s late 1 ms
TL vox-alone t=21.5 vox 181.6 comp 0.0 Mbit/s late 6 ms
TL vox-alone t=22.0 vox 203.3 comp 0.0 Mbit/s late 2 ms
TL vox-alone t=22.5 vox 202.4 comp 0.0 Mbit/s late 1 ms
TL vox-alone t=23.0 vox 189.6 comp 0.0 Mbit/s late 2 ms
TL vox-alone t=23.5 vox 196.2 comp 0.0 Mbit/s late 1 ms
TL vox-alone t=24.0 vox 205.9 comp 0.0 Mbit/s late 4 ms
TL vox-alone t=24.5 vox 202.1 comp 0.0 Mbit/s late 4 ms
TL vox-alone t=25.0 vox 188.8 comp 0.0 Mbit/s late 1 ms
TL vox-alone t=25.5 vox 208.8 comp 0.0 Mbit/s late 2 ms
TL vox-alone t=26.0 vox 198.4 comp 0.0 Mbit/s late 1 ms
TL vox-alone t=26.5 vox 197.5 comp 0.0 Mbit/s late 1 ms
TL vox-alone t=27.0 vox 198.4 comp 0.0 Mbit/s late 0 ms
TL vox-alone t=27.5 vox 191.8 comp 0.0 Mbit/s late 3 ms
TL vox-alone t=28.0 vox 204.7 comp 0.0 Mbit/s late 5 ms
TL vox-alone t=28.5 vox 190.6 comp 0.0 Mbit/s late 1 ms
TL vox-alone t=29.0 vox 208.1 comp 0.0 Mbit/s late 2 ms
TL vox-alone t=29.5 vox 198.6 comp 0.0 Mbit/s late 2 ms
TL vox-alone t=30.0 vox 188.8 comp 0.0 Mbit/s late 7 ms
TL cubic-alone t=0.5 vox 0.0 comp 56.4 Mbit/s late 5 ms
TL cubic-alone t=1.0 vox 0.0 comp 56.1 Mbit/s late 7 ms
TL cubic-alone t=1.5 vox 0.0 comp 105.6 Mbit/s late 2 ms
TL cubic-alone t=2.0 vox 0.0 comp 66.6 Mbit/s late 1 ms
TL cubic-alone t=2.5 vox 0.0 comp 57.2 Mbit/s late 6 ms
TL cubic-alone t=3.0 vox 0.0 comp 45.4 Mbit/s late 19 ms
TL cubic-alone t=3.5 vox 0.0 comp 62.9 Mbit/s late 16 ms
TL cubic-alone t=4.0 vox 0.0 comp 61.4 Mbit/s late 9 ms
TL cubic-alone t=4.5 vox 0.0 comp 77.2 Mbit/s late 11 ms
TL cubic-alone t=5.0 vox 0.0 comp 51.0 Mbit/s late 3 ms
TL cubic-alone t=5.5 vox 0.0 comp 49.9 Mbit/s late 11 ms
TL cubic-alone t=6.0 vox 0.0 comp 50.0 Mbit/s late 16 ms
TL cubic-alone t=6.5 vox 0.0 comp 69.6 Mbit/s late 24 ms
TL cubic-alone t=7.0 vox 0.0 comp 43.9 Mbit/s late 6 ms
TL cubic-alone t=7.5 vox 0.0 comp 51.6 Mbit/s late 7 ms
TL cubic-alone t=8.0 vox 0.0 comp 62.4 Mbit/s late 3 ms
TL cubic-alone t=8.5 vox 0.0 comp 75.6 Mbit/s late 10 ms
TL cubic-alone t=9.0 vox 0.0 comp 79.1 Mbit/s late 3 ms
TL cubic-alone t=9.5 vox 0.0 comp 35.9 Mbit/s late 4 ms
TL cubic-alone t=10.0 vox 0.0 comp 59.7 Mbit/s late 3 ms
TL cubic-alone t=10.5 vox 0.0 comp 58.1 Mbit/s late 4 ms
TL cubic-alone t=11.0 vox 0.0 comp 71.5 Mbit/s late 4 ms
TL cubic-alone t=11.5 vox 0.0 comp 44.4 Mbit/s late 2 ms
TL cubic-alone t=12.0 vox 0.0 comp 61.0 Mbit/s late 3 ms
TL cubic-alone t=12.5 vox 0.0 comp 55.9 Mbit/s late 1 ms
TL cubic-alone t=13.0 vox 0.0 comp 57.8 Mbit/s late 2 ms
test spike_adr024 has been running for over 60 seconds
TL cubic-alone t=13.5 vox 0.0 comp 76.6 Mbit/s late 3 ms
TL cubic-alone t=14.0 vox 0.0 comp 47.3 Mbit/s late 2 ms
TL cubic-alone t=14.5 vox 0.0 comp 56.3 Mbit/s late 3 ms
TL cubic-alone t=15.0 vox 0.0 comp 58.6 Mbit/s late 3 ms
TL cubic-alone t=15.5 vox 0.0 comp 61.9 Mbit/s late 4 ms
TL cubic-alone t=16.0 vox 0.0 comp 56.7 Mbit/s late 2 ms
TL cubic-alone t=16.5 vox 0.0 comp 93.2 Mbit/s late 1 ms
TL cubic-alone t=17.0 vox 0.0 comp 56.8 Mbit/s late 2 ms
TL cubic-alone t=17.5 vox 0.0 comp 65.7 Mbit/s late 6 ms
TL cubic-alone t=18.0 vox 0.0 comp 52.5 Mbit/s late 3 ms
TL cubic-alone t=18.5 vox 0.0 comp 64.4 Mbit/s late 1 ms
TL cubic-alone t=19.0 vox 0.0 comp 78.6 Mbit/s late 2 ms
TL cubic-alone t=19.5 vox 0.0 comp 89.7 Mbit/s late 1 ms
TL cubic-alone t=20.0 vox 0.0 comp 62.9 Mbit/s late 2 ms
TL cubic-alone t=20.5 vox 0.0 comp 52.6 Mbit/s late 9 ms
TL cubic-alone t=21.0 vox 0.0 comp 73.9 Mbit/s late 1 ms
TL cubic-alone t=21.5 vox 0.0 comp 67.9 Mbit/s late 1 ms
TL cubic-alone t=22.0 vox 0.0 comp 61.1 Mbit/s late 1 ms
TL cubic-alone t=22.5 vox 0.0 comp 50.5 Mbit/s late 5 ms
TL cubic-alone t=23.0 vox 0.0 comp 37.6 Mbit/s late 2 ms
TL cubic-alone t=23.5 vox 0.0 comp 61.6 Mbit/s late 2 ms
TL cubic-alone t=24.0 vox 0.0 comp 71.2 Mbit/s late 1 ms
TL cubic-alone t=24.5 vox 0.0 comp 64.9 Mbit/s late 1 ms
TL cubic-alone t=25.0 vox 0.0 comp 86.9 Mbit/s late 1 ms
TL cubic-alone t=25.5 vox 0.0 comp 49.7 Mbit/s late 1 ms
TL cubic-alone t=26.0 vox 0.0 comp 49.5 Mbit/s late 4 ms
TL cubic-alone t=26.5 vox 0.0 comp 53.7 Mbit/s late 1 ms
TL cubic-alone t=27.0 vox 0.0 comp 47.5 Mbit/s late 5 ms
TL cubic-alone t=27.5 vox 0.0 comp 67.6 Mbit/s late 4 ms
TL cubic-alone t=28.0 vox 0.0 comp 91.4 Mbit/s late 2 ms
TL cubic-alone t=28.5 vox 0.0 comp 65.0 Mbit/s late 3 ms
TL cubic-alone t=29.0 vox 0.0 comp 40.5 Mbit/s late 3 ms
TL cubic-alone t=29.5 vox 0.0 comp 69.7 Mbit/s late 2 ms
TL cubic-alone t=30.0 vox 0.0 comp 66.1 Mbit/s late 2 ms
RESULT lossy vox 195.8 Mbit/s, cubic 62.5 Mbit/s, ratio 3.13; loss drops 1763 tail drops 0
TIER SPIKE-TAPER tier 3 rate 568.7 best 568.7 share 0.000 queue true bbrq false lossy false starved 0/0.0s/0 minrtt Some(55.334µs) rmin Some(2.94025ms) srtt 119.872µs win 32768 bbr mode ProbeRtt bw 717.9 Mbit/s minrtt 55.334µs cwnd 531253 target1 32768 ackh 0 recov NotInRecovery gain 1 cwgain 2.885 full false
TIER SPIKE-TAPER tier 3 rate 7.4 best 49544.8 share 0.000 queue false bbrq false lossy false starved 0/0.0s/0 minrtt Some(0ns) rmin Some(723.083µs) srtt 435.509µs win 1386880 bbr mode ProbeBw bw 7928.7 Mbit/s minrtt 0ns cwnd 1386880 target1 240000 ackh 1146880 recov NotInRecovery gain 1.25 cwgain 2 full true
TIER SPIKE-TAPER tier 3 rate 1703.6 best 119494.6 share 0.000 queue false bbrq false lossy false starved 0/0.0s/0 minrtt Some(0ns) rmin Some(422.042µs) srtt 2.154585ms win 1747328 bbr mode ProbeBw bw 5007.0 Mbit/s minrtt 0ns cwnd 1747328 target1 240000 ackh 1507328 recov NotInRecovery gain 1 cwgain 2 full true
TIER SPIKE-TAPER tier 3 rate 6146.0 best 119494.6 share 0.000 queue false bbrq false lossy false starved 0/0.0s/0 minrtt Some(0ns) rmin Some(238.709µs) srtt 331.372µs win 1558912 bbr mode ProbeBw bw 6990.7 Mbit/s minrtt 0ns cwnd 1558912 target1 240000 ackh 1318912 recov NotInRecovery gain 1.25 cwgain 2 full true
TIER SPIKE-TAPER tier 3 rate 9885.4 best 119494.6 share 0.000 queue false bbrq false lossy false starved 0/0.0s/0 minrtt Some(0ns) rmin Some(405.291µs) srtt 329.759µs win 747781 bbr mode ProbeBw bw 9884.0 Mbit/s minrtt 0ns cwnd 747781 target1 240000 ackh 507781 recov NotInRecovery gain 0.75 cwgain 2 full true
TIER SPIKE-TAPER tier 3 rate 823.2 best 119494.6 share 0.000 queue false bbrq false lossy false starved 0/0.0s/0 minrtt Some(0ns) rmin Some(349.209µs) srtt 5.959812ms win 846208 bbr mode ProbeBw bw 7835.7 Mbit/s minrtt 0ns cwnd 846208 target1 240000 ackh 606208 recov NotInRecovery gain 0.75 cwgain 2 full true
TIER SPIKE-TAPER tier 3 rate 2817.1 best 119494.6 share 0.000 queue false bbrq false lossy false starved 0/0.0s/0 minrtt Some(0ns) rmin Some(1.45775ms) srtt 1.827437ms win 1026432 bbr mode ProbeBw bw 5789.9 Mbit/s minrtt 0ns cwnd 1026432 target1 240000 ackh 786432 recov NotInRecovery gain 0.75 cwgain 2 full true
TIER SPIKE-TAPER tier 3 rate 10.2 best 10.2 share 0.000 queue false bbrq false lossy false starved 0/0.0s/0 minrtt Some(12.213958ms) rmin Some(12.213958ms) srtt 3.459852ms win 32768 bbr mode ProbeRtt bw 10.7 Mbit/s minrtt 12.213958ms cwnd 240089 target1 32768 ackh 0 recov NotInRecovery gain 1 cwgain 2.885 full false
TIER SPIKE-TAPER tier 3 rate 200.5 best 208.6 share 0.013 queue true bbrq false lossy true starved 0/0.0s/0 minrtt Some(10.768666ms) rmin Some(26.460209ms) srtt 27.510623ms win 710497 bbr mode ProbeBw bw 210.8 Mbit/s minrtt 10.768666ms cwnd 710497 target1 283757 ackh 142983 recov Growth gain 1.25 cwgain 2 full true
TIER SPIKE-TAPER tier 3 rate 201.8 best 214.9 share 0.007 queue true bbrq true lossy true starved 0/0.0s/0 minrtt Some(10.768666ms) rmin Some(31.534ms) srtt 32.850324ms win 843776 bbr mode ProbeBw bw 213.4 Mbit/s minrtt 10.768666ms cwnd 853366 target1 287224 ackh 278917 recov Conservation gain 0.75 cwgain 2 full true
TIER SPIKE-TAPER tier 3 rate 197.0 best 217.7 share 0.006 queue true bbrq true lossy false starved 0/0.0s/0 minrtt Some(10.768666ms) rmin Some(29.134583ms) srtt 30.595296ms win 774963 bbr mode ProbeBw bw 202.6 Mbit/s minrtt 10.768666ms cwnd 774963 target1 272633 ackh 229697 recov NotInRecovery gain 0.75 cwgain 2 full true
TIER SPIKE-TAPER tier 3 rate 199.4 best 217.7 share 0.016 queue true bbrq false lossy false starved 0/0.0s/0 minrtt Some(10.768666ms) rmin Some(25.340708ms) srtt 25.901459ms win 671477 bbr mode ProbeBw bw 203.0 Mbit/s minrtt 10.768666ms cwnd 671477 target1 273193 ackh 125091 recov NotInRecovery gain 0.75 cwgain 2 full true
TIER SPIKE-TAPER tier 3 rate 201.4 best 217.7 share 0.014 queue true bbrq false lossy true starved 0/0.0s/0 minrtt Some(10.768666ms) rmin Some(26.750041ms) srtt 27.585085ms win 720878 bbr mode ProbeBw bw 202.0 Mbit/s minrtt 10.768666ms cwnd 723868 target1 271838 ackh 180191 recov Conservation gain 0.75 cwgain 2 full true
TIER SPIKE-TAPER tier 3 rate 199.4 best 217.7 share 0.014 queue true bbrq false lossy true starved 0/0.0s/0 minrtt Some(10.768666ms) rmin Some(20.904875ms) srtt 23.781288ms win 617790 bbr mode ProbeBw bw 200.5 Mbit/s minrtt 10.768666ms cwnd 617790 target1 269915 ackh 77960 recov Growth gain 0.75 cwgain 2 full true
TIER SPIKE-TAPER tier 3 rate 199.7 best 217.7 share 0.013 queue true bbrq false lossy true starved 0/0.0s/0 minrtt Some(10.768666ms) rmin Some(24.188541ms) srtt 25.314366ms win 661958 bbr mode ProbeBw bw 203.8 Mbit/s minrtt 10.768666ms cwnd 661958 target1 274353 ackh 113252 recov Growth gain 0.75 cwgain 2 full true
TIER SPIKE-TAPER tier 3 rate 198.8 best 217.7 share 0.012 queue true bbrq false lossy true starved 0/0.0s/0 minrtt Some(10.768666ms) rmin Some(23.215042ms) srtt 23.611402ms win 615675 bbr mode ProbeBw bw 203.0 Mbit/s minrtt 10.768666ms cwnd 615675 target1 273214 ackh 69246 recov Growth gain 0.75 cwgain 2 full true
TIER SPIKE-TAPER tier 3 rate 194.6 best 218.7 share 0.008 queue true bbrq true lossy true starved 0/0.0s/0 minrtt Some(10.768666ms) rmin Some(29.952792ms) srtt 31.388976ms win 835584 bbr mode ProbeBw bw 216.0 Mbit/s minrtt 10.768666ms cwnd 875449 target1 290674 ackh 294100 recov Conservation gain 0.75 cwgain 2 full true
TIER SPIKE-TAPER tier 3 rate 200.4 best 218.7 share 0.017 queue true bbrq false lossy true starved 0/0.0s/0 minrtt Some(10.768666ms) rmin Some(22.318625ms) srtt 22.83052ms win 581614 bbr mode ProbeBw bw 200.6 Mbit/s minrtt 10.768666ms cwnd 595044 target1 270048 ackh 54947 recov Conservation gain 0.75 cwgain 2 full true
TIER SPIKE-TAPER tier 3 rate 200.1 best 218.7 share 0.009 queue true bbrq true lossy true starved 0/0.0s/0 minrtt Some(10.768666ms) rmin Some(27.367833ms) srtt 28.531229ms win 729088 bbr mode ProbeBw bw 202.6 Mbit/s minrtt 10.768666ms cwnd 730112 target1 272656 ackh 184800 recov Conservation gain 0.75 cwgain 2 full true
TIER SPIKE-TAPER tier 3 rate 189.6 best 255.0 share 0.003 queue true bbrq true lossy false starved 0/0.0s/0 minrtt Some(10.768666ms) rmin Some(37.88225ms) srtt 39.786665ms win 972076 bbr mode ProbeBw bw 200.3 Mbit/s minrtt 10.768666ms cwnd 972076 target1 269596 ackh 432883 recov NotInRecovery gain 0.75 cwgain 2 full true
TIER SPIKE-TAPER tier 3 rate 186.3 best 255.0 share 0.014 queue true bbrq true lossy false starved 0/0.0s/0 minrtt Some(10.768666ms) rmin Some(29.159ms) srtt 35.187007ms win 911162 bbr mode ProbeBw bw 209.5 Mbit/s minrtt 10.768666ms cwnd 911162 target1 281920 ackh 347321 recov NotInRecovery gain 0.75 cwgain 2 full true
TIER SPIKE-TAPER tier 3 rate 203.7 best 255.0 share 0.007 queue true bbrq true lossy true starved 0/0.0s/0 minrtt Some(10.768666ms) rmin Some(32.479791ms) srtt 34.165748ms win 888059 bbr mode ProbeBw bw 204.8 Mbit/s minrtt 10.768666ms cwnd 888059 target1 275667 ackh 336725 recov Growth gain 0.75 cwgain 2 full true
TIER SPIKE-TAPER tier 3 rate 213.7 best 255.0 share 0.008 queue true bbrq false lossy true starved 0/0.0s/0 minrtt Some(10.768666ms) rmin Some(20.748916ms) srtt 24.686303ms win 753664 bbr mode ProbeBw bw 216.8 Mbit/s minrtt 10.768666ms cwnd 810450 target1 291753 ackh 226943 recov Conservation gain 0.75 cwgain 2 full true
TIER SPIKE-TAPER tier 3 rate 146.6 best 255.0 share 0.010 queue true bbrq false lossy false starved 0/0.0s/0 minrtt Some(10.768666ms) rmin Some(25.213791ms) srtt 29.015098ms win 667053 bbr mode ProbeBw bw 202.1 Mbit/s minrtt 10.768666ms cwnd 667053 target1 272086 ackh 122880 recov NotInRecovery gain 0.75 cwgain 2 full true
TIER SPIKE-TAPER tier 3 rate 200.0 best 255.0 share 0.019 queue true bbrq true lossy true starved 0/0.0s/0 minrtt Some(10.768666ms) rmin Some(33.622667ms) srtt 36.790986ms win 970268 bbr mode ProbeBw bw 209.9 Mbit/s minrtt 10.768666ms cwnd 970268 target1 282519 ackh 405229 recov Growth gain 0.75 cwgain 2 full true
TIER SPIKE-TAPER tier 3 rate 197.4 best 255.0 share 0.005 queue true bbrq true lossy false starved 0/0.0s/0 minrtt Some(10.768666ms) rmin Some(28.105916ms) srtt 29.168725ms win 772666 bbr mode ProbeBw bw 207.9 Mbit/s minrtt 10.768666ms cwnd 772666 target1 279837 ackh 212992 recov NotInRecovery gain 0.75 cwgain 2 full true
TIER SPIKE-TAPER tier 3 rate 202.9 best 255.0 share 0.007 queue true bbrq true lossy false starved 0/0.0s/0 minrtt Some(10.768666ms) rmin Some(34.534583ms) srtt 35.58011ms win 891311 bbr mode ProbeBw bw 209.1 Mbit/s minrtt 10.768666ms cwnd 891311 target1 281455 ackh 328401 recov NotInRecovery gain 0.75 cwgain 2 full true
TIER SPIKE-TAPER tier 3 rate 205.7 best 255.0 share 0.010 queue true bbrq false lossy false starved 0/0.0s/0 minrtt Some(10.992125ms) rmin Some(18.082625ms) srtt 18.793493ms win 688035 bbr mode ProbeBw bw 203.2 Mbit/s minrtt 10.768666ms cwnd 688035 target1 273521 ackh 140993 recov NotInRecovery gain 0.75 cwgain 2 full true
TIER SPIKE-TAPER tier 3 rate 199.3 best 255.0 share 0.020 queue true bbrq true lossy true starved 0/0.0s/0 minrtt Some(10.992125ms) rmin Some(27.706625ms) srtt 28.510007ms win 729088 bbr mode ProbeBw bw 203.2 Mbit/s minrtt 10.768666ms cwnd 735919 target1 273513 ackh 188892 recov Conservation gain 0.75 cwgain 2 full true
TIER SPIKE-TAPER tier 3 rate 199.0 best 255.0 share 0.012 queue true bbrq false lossy false starved 0/0.0s/0 minrtt Some(10.992125ms) rmin Some(19.944625ms) srtt 24.28596ms win 663552 bbr mode ProbeBw bw 203.7 Mbit/s minrtt 10.768666ms cwnd 725209 target1 274155 ackh 176899 recov Conservation gain 0.75 cwgain 2 full true
TIER SPIKE-TAPER tier 3 rate 201.1 best 255.0 share 0.006 queue true bbrq false lossy false starved 0/0.0s/0 minrtt Some(10.992125ms) rmin Some(26.153084ms) srtt 26.348198ms win 673508 bbr mode ProbeBw bw 204.5 Mbit/s minrtt 10.768666ms cwnd 673508 target1 275314 ackh 122880 recov NotInRecovery gain 0.75 cwgain 2 full true
TIER SPIKE-TAPER tier 3 rate 199.4 best 255.0 share 0.010 queue true bbrq true lossy true starved 0/0.0s/0 minrtt Some(10.992125ms) rmin Some(30.958ms) srtt 32.133846ms win 824185 bbr mode ProbeBw bw 204.7 Mbit/s minrtt 10.768666ms cwnd 824185 target1 275489 ackh 273206 recov Growth gain 0.75 cwgain 2 full true
TIER SPIKE-TAPER tier 3 rate 199.9 best 255.0 share 0.011 queue true bbrq false lossy true starved 0/0.0s/0 minrtt Some(10.992125ms) rmin Some(26.39ms) srtt 28.429713ms win 491520 bbr mode ProbeBw bw 202.3 Mbit/s minrtt 10.768666ms cwnd 847950 target1 272273 ackh 303404 recov Conservation gain 0.75 cwgain 2 full true
TIER SPIKE-TAPER tier 3 rate 199.3 best 255.0 share 0.006 queue true bbrq true lossy false starved 0/0.0s/0 minrtt Some(10.992125ms) rmin Some(31.515542ms) srtt 32.392279ms win 669845 bbr mode ProbeBw bw 200.0 Mbit/s minrtt 10.768666ms cwnd 669845 target1 269170 ackh 131505 recov NotInRecovery gain 0.75 cwgain 2 full true
TIER SPIKE-TAPER tier 3 rate 200.1 best 255.0 share 0.013 queue true bbrq false lossy true starved 0/0.0s/0 minrtt Some(10.992125ms) rmin Some(23.099833ms) srtt 25.097581ms win 614400 bbr mode ProbeBw bw 202.1 Mbit/s minrtt 10.768666ms cwnd 619543 target1 271980 ackh 75583 recov Conservation gain 0.75 cwgain 2 full true
TIER SPIKE-TAPER tier 3 rate 199.3 best 255.0 share 0.022 queue true bbrq false lossy false starved 0/0.0s/0 minrtt Some(10.992125ms) rmin Some(22.401542ms) srtt 23.094786ms win 594070 bbr mode ProbeBw bw 201.2 Mbit/s minrtt 10.768666ms cwnd 594070 target1 270779 ackh 52511 recov NotInRecovery gain 1.25 cwgain 2 full true
TIER SPIKE-TAPER tier 3 rate 198.4 best 255.0 share 0.014 queue true bbrq false lossy true starved 0/0.0s/0 minrtt Some(10.992125ms) rmin Some(22.12175ms) srtt 23.192567ms win 616983 bbr mode ProbeBw bw 201.1 Mbit/s minrtt 10.768666ms cwnd 616983 target1 270625 ackh 75732 recov Growth gain 0.75 cwgain 2 full true
TIER SPIKE-TAPER tier 3 rate 238.6 best 255.0 share 0.012 queue true bbrq false lossy true starved 0/0.0s/0 minrtt Some(10.992125ms) rmin Some(18.933417ms) srtt 21.303045ms win 663552 bbr mode ProbeBw bw 227.7 Mbit/s minrtt 10.768666ms cwnd 835450 target1 306434 ackh 222582 recov Conservation gain 0.75 cwgain 2 full true
TIER SPIKE-TAPER tier 3 rate 200.2 best 238.6 share 0.011 queue true bbrq false lossy true starved 0/0.0s/0 minrtt Some(10.992125ms) rmin Some(25.540292ms) srtt 26.593315ms win 681117 bbr mode ProbeBw bw 200.5 Mbit/s minrtt 10.768666ms cwnd 681117 target1 269819 ackh 141478 recov Growth gain 0.75 cwgain 2 full true
TIER SPIKE-TAPER tier 3 rate 199.3 best 238.6 share 0.015 queue true bbrq false lossy true starved 0/0.0s/0 minrtt Some(10.992125ms) rmin Some(21.49225ms) srtt 27.128148ms win 727137 bbr mode ProbeBw bw 210.2 Mbit/s minrtt 10.768666ms cwnd 727137 target1 282908 ackh 161321 recov Growth gain 0.75 cwgain 2 full true
TIER SPIKE-TAPER tier 3 rate 195.8 best 238.6 share 0.002 queue true bbrq false lossy false starved 0/0.0s/0 minrtt Some(10.992125ms) rmin Some(25.117875ms) srtt 25.667502ms win 665481 bbr mode ProbeBw bw 200.5 Mbit/s minrtt 10.768666ms cwnd 665481 target1 269931 ackh 125619 recov NotInRecovery gain 0.75 cwgain 2 full true
TIER SPIKE-TAPER tier 3 rate 199.4 best 239.0 share 0.000 queue true bbrq true lossy false starved 0/0.0s/0 minrtt Some(10.992125ms) rmin Some(32.343ms) srtt 33.140102ms win 837701 bbr mode ProbeBw bw 219.3 Mbit/s minrtt 10.768666ms cwnd 837701 target1 295160 ackh 247381 recov NotInRecovery gain 0.75 cwgain 2 full true
TIER SPIKE-TAPER tier 3 rate 198.5 best 239.0 share 0.010 queue true bbrq false lossy true starved 0/0.0s/0 minrtt Some(10.992125ms) rmin Some(26.798125ms) srtt 27.236856ms win 704708 bbr mode ProbeBw bw 211.7 Mbit/s minrtt 10.768666ms cwnd 704708 target1 284883 ackh 134941 recov Growth gain 0.75 cwgain 2 full true
TIER SPIKE-TAPER tier 3 rate 194.4 best 239.0 share 0.011 queue true bbrq false lossy true starved 0/0.0s/0 minrtt Some(10.992125ms) rmin Some(24.695042ms) srtt 27.319011ms win 622592 bbr mode ProbeBw bw 205.7 Mbit/s minrtt 10.768666ms cwnd 665290 target1 276808 ackh 111673 recov Conservation gain 0.75 cwgain 2 full true
TIER SPIKE-TAPER tier 3 rate 199.9 best 239.0 share 0.011 queue true bbrq true lossy false starved 0/0.0s/0 minrtt Some(10.718291ms) rmin Some(34.739667ms) srtt 35.81244ms win 895775 bbr mode ProbeBw bw 203.8 Mbit/s minrtt 10.718291ms cwnd 895775 target1 272998 ackh 349778 recov NotInRecovery gain 0.75 cwgain 2 full true
TIER SPIKE-TAPER tier 3 rate 205.4 best 249.1 share 0.011 queue true bbrq true lossy true starved 0/0.0s/0 minrtt Some(10.718291ms) rmin Some(33.401583ms) srtt 34.700655ms win 884736 bbr mode ProbeBw bw 219.2 Mbit/s minrtt 10.718291ms cwnd 885558 target1 293669 ackh 298219 recov Conservation gain 0.75 cwgain 2 full true
TIER SPIKE-TAPER tier 3 rate 128.6 best 249.1 share 0.007 queue false bbrq false lossy false starved 0/0.0s/0 minrtt Some(10.718291ms) rmin Some(11.058417ms) srtt 11.835677ms win 200382 bbr mode ProbeRtt bw 199.4 Mbit/s minrtt 10.718291ms cwnd 585450 target1 267176 ackh 65536 recov NotInRecovery gain 1 cwgain 2 full true
TIER SPIKE-TAPER tier 3 rate 200.4 best 249.1 share 0.018 queue true bbrq true lossy true starved 0/0.0s/0 minrtt Some(10.718291ms) rmin Some(28.75775ms) srtt 30.747194ms win 778240 bbr mode ProbeBw bw 215.0 Mbit/s minrtt 10.718291ms cwnd 785254 target1 288004 ackh 209245 recov Conservation gain 0.75 cwgain 2 full true
TIER SPIKE-TAPER tier 3 rate 199.4 best 249.1 share 0.009 queue true bbrq false lossy true starved 0/0.0s/0 minrtt Some(10.718291ms) rmin Some(24.838042ms) srtt 26.86124ms win 679936 bbr mode ProbeBw bw 205.4 Mbit/s minrtt 10.718291ms cwnd 684346 target1 275149 ackh 134048 recov Conservation gain 1.25 cwgain 2 full true
TIER SPIKE-TAPER tier 3 rate 199.2 best 309.5 share 0.007 queue true bbrq true lossy false starved 0/0.0s/0 minrtt Some(10.718291ms) rmin Some(33.397459ms) srtt 34.979509ms win 893244 bbr mode ProbeBw bw 201.7 Mbit/s minrtt 10.718291ms cwnd 893244 target1 270170 ackh 352904 recov NotInRecovery gain 0.75 cwgain 2 full true
TIER SPIKE-TAPER tier 3 rate 199.4 best 309.5 share 0.010 queue true bbrq true lossy true starved 0/0.0s/0 minrtt Some(10.718291ms) rmin Some(31.095625ms) srtt 31.7334ms win 802816 bbr mode ProbeBw bw 202.4 Mbit/s minrtt 10.718291ms cwnd 810810 target1 271129 ackh 268552 recov Conservation gain 0.75 cwgain 2 full true
TIER SPIKE-TAPER tier 3 rate 199.6 best 309.5 share 0.009 queue true bbrq false lossy true starved 0/0.0s/0 minrtt Some(10.718291ms) rmin Some(21.9515ms) srtt 23.612779ms win 606208 bbr mode ProbeBw bw 203.4 Mbit/s minrtt 10.718291ms cwnd 628590 target1 272489 ackh 83611 recov Conservation gain 1.25 cwgain 2 full true
TIER SPIKE-TAPER tier 3 rate 198.6 best 309.5 share 0.005 queue true bbrq false lossy false starved 0/0.0s/0 minrtt Some(10.718291ms) rmin Some(22.768459ms) srtt 24.294792ms win 616481 bbr mode ProbeBw bw 200.5 Mbit/s minrtt 10.718291ms cwnd 616481 target1 268663 ackh 79154 recov NotInRecovery gain 0.75 cwgain 2 full true
TIER SPIKE-TAPER tier 3 rate 199.3 best 309.5 share 0.014 queue true bbrq false lossy false starved 0/0.0s/0 minrtt Some(10.718291ms) rmin Some(23.616708ms) srtt 23.674554ms win 614124 bbr mode ProbeBw bw 201.0 Mbit/s minrtt 10.718291ms cwnd 614124 target1 269259 ackh 75606 recov NotInRecovery gain 0.75 cwgain 2 full true
TIER SPIKE-TAPER tier 3 rate 204.1 best 309.5 share 0.014 queue true bbrq false lossy false starved 0/0.0s/0 minrtt Some(10.718291ms) rmin Some(26.059625ms) srtt 27.337054ms win 722358 bbr mode ProbeBw bw 203.2 Mbit/s minrtt 10.718291ms cwnd 722358 target1 272222 ackh 177913 recov NotInRecovery gain 1.25 cwgain 2 full true
TIER SPIKE-TAPER tier 3 rate 199.6 best 309.5 share 0.009 queue true bbrq false lossy false starved 0/0.0s/0 minrtt Some(10.718291ms) rmin Some(25.879ms) srtt 26.687636ms win 677377 bbr mode ProbeBw bw 200.2 Mbit/s minrtt 10.718291ms cwnd 677377 target1 268154 ackh 141068 recov NotInRecovery gain 0.75 cwgain 2 full true
TIER SPIKE-TAPER tier 3 rate 197.9 best 309.5 share 0.010 queue true bbrq false lossy true starved 0/0.0s/0 minrtt Some(10.718291ms) rmin Some(22.757333ms) srtt 24.673781ms win 630784 bbr mode ProbeBw bw 201.2 Mbit/s minrtt 10.718291ms cwnd 637070 target1 269505 ackh 98060 recov Conservation gain 0.75 cwgain 2 full true
TIER SPIKE-TAPER tier 3 rate 199.3 best 309.5 share 0.012 queue true bbrq false lossy true starved 0/0.0s/0 minrtt Some(10.718291ms) rmin Some(22.916041ms) srtt 23.382655ms win 619892 bbr mode ProbeBw bw 201.6 Mbit/s minrtt 10.718291ms cwnd 619892 target1 270094 ackh 79703 recov Growth gain 0.75 cwgain 2 full true
TIER SPIKE-TAPER tier 3 rate 200.1 best 309.5 share 0.011 queue true bbrq false lossy true starved 0/0.0s/0 minrtt Some(10.718291ms) rmin Some(23.139ms) srtt 23.373015ms win 589824 bbr mode ProbeBw bw 200.8 Mbit/s minrtt 10.718291ms cwnd 597955 target1 269081 ackh 59792 recov Conservation gain 0.75 cwgain 2 full true
TIER SPIKE-TAPER tier 3 rate 199.0 best 309.5 share 0.010 queue true bbrq false lossy false starved 0/0.0s/0 minrtt Some(10.718291ms) rmin Some(24.866708ms) srtt 25.052854ms win 654611 bbr mode ProbeBw bw 200.4 Mbit/s minrtt 10.718291ms cwnd 654611 target1 268450 ackh 117710 recov NotInRecovery gain 0.75 cwgain 2 full true
TIER SPIKE-TAPER tier 3 rate 199.3 best 309.5 share 0.007 queue true bbrq false lossy true starved 0/0.0s/0 minrtt Some(10.718291ms) rmin Some(21.861375ms) srtt 22.465229ms win 573416 bbr mode ProbeBw bw 199.6 Mbit/s minrtt 10.718291ms cwnd 579203 target1 267366 ackh 44470 recov Conservation gain 0.75 cwgain 2 full true
TIER SPIKE-TAPER tier 3 rate 198.7 best 309.5 share 0.004 queue true bbrq true lossy true starved 0/0.0s/0 minrtt Some(10.718291ms) rmin Some(29.050667ms) srtt 29.78183ms win 745472 bbr mode ProbeBw bw 202.3 Mbit/s minrtt 10.718291ms cwnd 751181 target1 271028 ackh 209124 recov Conservation gain 1.25 cwgain 2 full true
TIER SPIKE-TAPER tier 3 rate 195.8 best 309.5 share 0.006 queue true bbrq false lossy true starved 0/0.0s/0 minrtt Some(10.718291ms) rmin Some(21.282083ms) srtt 25.355375ms win 664572 bbr mode ProbeBw bw 200.5 Mbit/s minrtt 10.718291ms cwnd 664572 target1 268649 ackh 127274 recov Growth gain 0.75 cwgain 2 full true
TIER SPIKE-TAPER tier 3 rate 199.7 best 309.5 share 0.008 queue true bbrq false lossy false starved 0/0.0s/0 minrtt Some(10.718291ms) rmin Some(23.647958ms) srtt 25.047442ms win 640780 bbr mode ProbeBw bw 202.1 Mbit/s minrtt 10.718291ms cwnd 640780 target1 270725 ackh 99329 recov NotInRecovery gain 0.75 cwgain 2 full true
TIER SPIKE-TAPER tier 3 rate 195.1 best 309.5 share 0.007 queue true bbrq false lossy false starved 0/0.0s/0 minrtt Some(10.788125ms) rmin Some(21.691791ms) srtt 24.148628ms win 617645 bbr mode ProbeBw bw 202.5 Mbit/s minrtt 10.718291ms cwnd 617645 target1 271298 ackh 75049 recov NotInRecovery gain 1.25 cwgain 2 full true
TIER SPIKE-TAPER tier 3 rate 198.9 best 345.0 share 0.007 queue true bbrq true lossy false starved 0/0.0s/0 minrtt Some(10.788125ms) rmin Some(34.743375ms) srtt 35.188663ms win 903683 bbr mode ProbeBw bw 209.6 Mbit/s minrtt 10.718291ms cwnd 903683 target1 280863 ackh 341956 recov NotInRecovery gain 0.75 cwgain 2 full true
TIER SPIKE-TAPER tier 3 rate 190.9 best 345.0 share 0.003 queue false bbrq false lossy false starved 0/0.0s/0 minrtt Some(10.799ms) rmin Some(14.628375ms) srtt 21.449933ms win 757170 bbr mode ProbeBw bw 207.9 Mbit/s minrtt 10.788125ms cwnd 757170 target1 280292 ackh 196586 recov NotInRecovery gain 0.75 cwgain 2 full true
TIER SPIKE-TAPER tier 3 rate 197.4 best 345.0 share 0.012 queue true bbrq true lossy true starved 0/0.0s/0 minrtt Some(10.799ms) rmin Some(31.283917ms) srtt 32.813289ms win 819200 bbr mode ProbeBw bw 220.5 Mbit/s minrtt 10.788125ms cwnd 823972 target1 297298 ackh 229376 recov Conservation gain 0.75 cwgain 2 full true
test spike_adr024 ... ok

test result: ok. 1 passed; 0 failed; 0 ignored; 0 measured; 0 filtered out; finished in 76.65s

