timing-slot: took slot3 of 3 at 21:42:54Z, load 36.28 35.03 36.56, 2 waiting
run-slot: took slot1 of 6 at 21:43:36Z, load 28.12 33.10 35.77, 7 waiting

running 1 test
test spike_adr024 ... SPIKE arm congested rate 200000000 ow 5 ms loss 0.01 qbdp 0.25 cc Ok("tier2")
TL shared t=0.5 vox 38.3 comp 32.5 Mbit/s late 6 ms
TL shared t=1.0 vox 37.6 comp 33.7 Mbit/s late 3 ms
TL shared t=1.5 vox 58.7 comp 41.4 Mbit/s late 3 ms
TL shared t=2.0 vox 44.8 comp 35.5 Mbit/s late 3 ms
TL shared t=2.5 vox 40.1 comp 37.5 Mbit/s late 3 ms
TL shared t=3.0 vox 37.2 comp 34.3 Mbit/s late 3 ms
TL shared t=3.5 vox 34.6 comp 31.4 Mbit/s late 4 ms
TL shared t=4.0 vox 36.8 comp 37.3 Mbit/s late 3 ms
TL shared t=4.5 vox 41.8 comp 40.6 Mbit/s late 1 ms
TL shared t=5.0 vox 39.6 comp 38.0 Mbit/s late 1 ms
TL shared t=5.5 vox 36.2 comp 36.9 Mbit/s late 3 ms
TL shared t=6.0 vox 44.6 comp 36.3 Mbit/s late 1 ms
TL shared t=6.5 vox 32.9 comp 32.5 Mbit/s late 6 ms
TL shared t=7.0 vox 36.6 comp 35.0 Mbit/s late 4 ms
TL shared t=7.5 vox 34.9 comp 32.8 Mbit/s late 11 ms
TL shared t=8.0 vox 38.1 comp 37.5 Mbit/s late 4 ms
TL shared t=8.5 vox 39.3 comp 33.4 Mbit/s late 3 ms
TL shared t=9.0 vox 36.7 comp 32.0 Mbit/s late 3 ms
TL shared t=9.5 vox 34.3 comp 33.8 Mbit/s late 3 ms
TL shared t=10.0 vox 39.0 comp 37.7 Mbit/s late 3 ms
TL shared t=10.5 vox 43.3 comp 40.2 Mbit/s late 2 ms
TL shared t=11.0 vox 47.3 comp 35.6 Mbit/s late 2 ms
TL shared t=11.5 vox 46.6 comp 36.4 Mbit/s late 3 ms
TL shared t=12.0 vox 47.8 comp 37.6 Mbit/s late 2 ms
TL shared t=12.5 vox 40.7 comp 41.9 Mbit/s late 5 ms
TL shared t=13.0 vox 38.5 comp 33.8 Mbit/s late 5 ms
TL shared t=13.5 vox 41.8 comp 35.1 Mbit/s late 2 ms
TL shared t=14.0 vox 47.8 comp 34.5 Mbit/s late 3 ms
TL shared t=14.5 vox 37.2 comp 37.3 Mbit/s late 3 ms
TL shared t=15.0 vox 37.7 comp 24.9 Mbit/s late 3 ms
TL shared t=15.5 vox 36.8 comp 35.5 Mbit/s late 3 ms
TL shared t=16.0 vox 47.4 comp 35.9 Mbit/s late 4 ms
TL shared t=16.5 vox 53.1 comp 44.6 Mbit/s late 2 ms
TL shared t=17.0 vox 44.4 comp 35.0 Mbit/s late 9 ms
TL shared t=17.5 vox 40.9 comp 38.0 Mbit/s late 4 ms
TL shared t=18.0 vox 36.6 comp 46.9 Mbit/s late 2 ms
TL shared t=18.5 vox 40.1 comp 44.3 Mbit/s late 4 ms
TL shared t=19.0 vox 73.5 comp 38.3 Mbit/s late 8 ms
TL shared t=19.5 vox 43.0 comp 38.3 Mbit/s late 2 ms
TL shared t=20.0 vox 40.8 comp 40.0 Mbit/s late 3 ms
TL shared t=20.5 vox 66.7 comp 49.4 Mbit/s late 3 ms
TL shared t=21.0 vox 53.0 comp 37.6 Mbit/s late 2 ms
TL shared t=21.5 vox 58.4 comp 36.7 Mbit/s late 4 ms
TL shared t=22.0 vox 51.4 comp 40.0 Mbit/s late 2 ms
TL shared t=22.5 vox 56.0 comp 36.7 Mbit/s late 4 ms
TL shared t=23.0 vox 48.4 comp 33.8 Mbit/s late 5 ms
TL shared t=23.5 vox 37.1 comp 37.6 Mbit/s late 4 ms
TL shared t=24.0 vox 36.6 comp 36.7 Mbit/s late 2 ms
TL shared t=24.5 vox 46.1 comp 42.6 Mbit/s late 2 ms
TL shared t=25.0 vox 55.9 comp 42.2 Mbit/s late 3 ms
TL shared t=25.5 vox 45.6 comp 53.0 Mbit/s late 3 ms
TL shared t=26.0 vox 44.6 comp 34.2 Mbit/s late 4 ms
TL shared t=26.5 vox 51.7 comp 37.7 Mbit/s late 2 ms
TL shared t=27.0 vox 36.4 comp 40.6 Mbit/s late 7 ms
TL shared t=27.5 vox 44.4 comp 38.0 Mbit/s late 3 ms
TL shared t=28.0 vox 66.5 comp 42.3 Mbit/s late 3 ms
TL shared t=28.5 vox 45.2 comp 34.5 Mbit/s late 2 ms
TL shared t=29.0 vox 36.3 comp 36.7 Mbit/s late 3 ms
TL shared t=29.5 vox 38.5 comp 38.6 Mbit/s late 2 ms
TL shared t=30.0 vox 47.5 comp 41.4 Mbit/s late 4 ms
TL shared t=30.5 vox 48.2 comp 51.3 Mbit/s late 2 ms
TL shared t=31.0 vox 88.0 comp 45.7 Mbit/s late 1 ms
TL shared t=31.5 vox 102.5 comp 33.3 Mbit/s late 6 ms
TL shared t=32.0 vox 48.0 comp 31.9 Mbit/s late 3 ms
TL shared t=32.5 vox 71.5 comp 41.5 Mbit/s late 2 ms
TL shared t=33.0 vox 46.1 comp 34.1 Mbit/s late 7 ms
TL shared t=33.5 vox 36.9 comp 41.5 Mbit/s late 3 ms
TL shared t=34.0 vox 39.0 comp 41.5 Mbit/s late 5 ms
TL shared t=34.5 vox 27.8 comp 36.6 Mbit/s late 4 ms
TL shared t=35.0 vox 41.4 comp 34.6 Mbit/s late 3 ms
TL shared t=35.5 vox 49.9 comp 38.8 Mbit/s late 3 ms
TL shared t=36.0 vox 40.9 comp 37.2 Mbit/s late 2 ms
TL shared t=36.5 vox 48.0 comp 36.8 Mbit/s late 1 ms
TL shared t=37.0 vox 73.9 comp 42.6 Mbit/s late 1 ms
TL shared t=37.5 vox 47.3 comp 30.8 Mbit/s late 3 ms
TL shared t=38.0 vox 31.5 comp 38.5 Mbit/s late 2 ms
TL shared t=38.5 vox 34.7 comp 38.3 Mbit/s late 6 ms
TL shared t=39.0 vox 47.4 comp 38.0 Mbit/s late 2 ms
TL shared t=39.5 vox 37.2 comp 37.9 Mbit/s late 2 ms
TL shared t=40.0 vox 37.7 comp 34.2 Mbit/s late 5 ms
RESULT congested vox 47.9 Mbit/s, cubic 38.6 Mbit/s, share ratio vox/cubic 1.24; tail drops 2308
ok

test result: ok. 1 passed; 0 failed; 0 ignored; 0 measured; 0 filtered out; finished in 53.75s

rc=0
