timing-slot: took slot2 of 3 at 21:48:28Z, load 34.09 31.82 34.27, 1 waiting
run-slot: took slot1 of 6 at 21:48:28Z, load 34.09 31.82 34.27, 2 waiting

running 1 test
test spike_adr024 ... SPIKE arm congested rate 200000000 ow 5 ms loss 0.01 qbdp 0.25 cc Ok("bbr")
TL shared t=0.5 vox 107.7 comp 35.4 Mbit/s late 5 ms
TL shared t=1.0 vox 159.8 comp 34.1 Mbit/s late 1 ms
TL shared t=1.5 vox 158.4 comp 28.1 Mbit/s late 1 ms
TL shared t=2.0 vox 159.8 comp 15.4 Mbit/s late 2 ms
TL shared t=2.5 vox 151.6 comp 14.0 Mbit/s late 5 ms
TL shared t=3.0 vox 99.2 comp 5.6 Mbit/s late 138 ms
TL shared t=3.5 vox 64.9 comp 30.0 Mbit/s late 15 ms
TL shared t=4.0 vox 117.5 comp 14.4 Mbit/s late 10 ms
TL shared t=4.5 vox 154.6 comp 12.1 Mbit/s late 13 ms
TL shared t=5.0 vox 146.6 comp 11.3 Mbit/s late 6 ms
TL shared t=5.5 vox 156.3 comp 15.9 Mbit/s late 3 ms
TL shared t=6.0 vox 158.9 comp 20.1 Mbit/s late 2 ms
TL shared t=6.5 vox 166.6 comp 8.2 Mbit/s late 7 ms
TL shared t=7.0 vox 172.7 comp 18.0 Mbit/s late 2 ms
TL shared t=7.5 vox 155.4 comp 19.9 Mbit/s late 3 ms
TL shared t=8.0 vox 138.5 comp 9.0 Mbit/s late 9 ms
TL shared t=8.5 vox 154.1 comp 6.4 Mbit/s late 20 ms
TL shared t=9.0 vox 161.2 comp 15.3 Mbit/s late 5 ms
TL shared t=9.5 vox 135.3 comp 22.9 Mbit/s late 3 ms
TL shared t=10.0 vox 141.6 comp 7.2 Mbit/s late 9 ms
TL shared t=10.5 vox 136.3 comp 13.4 Mbit/s late 4 ms
TL shared t=11.0 vox 164.9 comp 13.2 Mbit/s late 3 ms
TL shared t=11.5 vox 149.6 comp 10.4 Mbit/s late 6 ms
TL shared t=12.0 vox 161.8 comp 11.8 Mbit/s late 5 ms
TL shared t=12.5 vox 146.9 comp 8.9 Mbit/s late 8 ms
TL shared t=13.0 vox 150.7 comp 18.2 Mbit/s late 4 ms
TL shared t=13.5 vox 156.0 comp 13.4 Mbit/s late 10 ms
TL shared t=14.0 vox 171.5 comp 15.3 Mbit/s late 2 ms
TL shared t=14.5 vox 147.4 comp 22.8 Mbit/s late 4 ms
TL shared t=15.0 vox 163.6 comp 19.8 Mbit/s late 5 ms
TL shared t=15.5 vox 156.1 comp 13.7 Mbit/s late 3 ms
TL shared t=16.0 vox 176.5 comp 14.3 Mbit/s late 2 ms
TL shared t=16.5 vox 150.9 comp 34.6 Mbit/s late 1 ms
TL shared t=17.0 vox 160.1 comp 31.2 Mbit/s late 2 ms
TL shared t=17.5 vox 157.3 comp 35.6 Mbit/s late 2 ms
TL shared t=18.0 vox 157.6 comp 31.5 Mbit/s late 5 ms
TL shared t=18.5 vox 162.5 comp 18.8 Mbit/s late 5 ms
TL shared t=19.0 vox 143.1 comp 13.1 Mbit/s late 3 ms
TL shared t=19.5 vox 165.8 comp 30.1 Mbit/s late 1 ms
TL shared t=20.0 vox 163.8 comp 30.7 Mbit/s late 1 ms
TL shared t=20.5 vox 158.2 comp 35.6 Mbit/s late 1 ms
TL shared t=21.0 vox 160.7 comp 31.1 Mbit/s late 1 ms
TL shared t=21.5 vox 165.1 comp 27.8 Mbit/s late 3 ms
TL shared t=22.0 vox 149.6 comp 31.7 Mbit/s late 3 ms
TL shared t=22.5 vox 165.3 comp 17.7 Mbit/s late 4 ms
TL shared t=23.0 vox 154.6 comp 22.1 Mbit/s late 5 ms
TL shared t=23.5 vox 143.9 comp 20.0 Mbit/s late 3 ms
TL shared t=24.0 vox 151.3 comp 19.5 Mbit/s late 5 ms
TL shared t=24.5 vox 173.1 comp 33.2 Mbit/s late 1 ms
TL shared t=25.0 vox 164.8 comp 28.9 Mbit/s late 1 ms
TL shared t=25.5 vox 155.2 comp 34.9 Mbit/s late 1 ms
TL shared t=26.0 vox 159.1 comp 31.7 Mbit/s late 4 ms
TL shared t=26.5 vox 182.1 comp 11.0 Mbit/s late 1 ms
TL shared t=27.0 vox 161.6 comp 22.7 Mbit/s late 6 ms
TL shared t=27.5 vox 181.3 comp 13.9 Mbit/s late 1 ms
TL shared t=28.0 vox 167.0 comp 25.1 Mbit/s late 1 ms
TL shared t=28.5 vox 157.3 comp 35.5 Mbit/s late 1 ms
TL shared t=29.0 vox 149.1 comp 12.2 Mbit/s late 10 ms
TL shared t=29.5 vox 169.2 comp 12.4 Mbit/s late 3 ms
TL shared t=30.0 vox 165.7 comp 26.1 Mbit/s late 2 ms
TL shared t=30.5 vox 114.6 comp 22.1 Mbit/s late 11 ms
TL shared t=31.0 vox 174.9 comp 20.2 Mbit/s late 3 ms
TL shared t=31.5 vox 156.7 comp 19.2 Mbit/s late 8 ms
TL shared t=32.0 vox 164.1 comp 24.7 Mbit/s late 4 ms
TL shared t=32.5 vox 170.0 comp 15.8 Mbit/s late 4 ms
TL shared t=33.0 vox 160.4 comp 26.9 Mbit/s late 2 ms
TL shared t=33.5 vox 171.0 comp 21.9 Mbit/s late 4 ms
TL shared t=34.0 vox 161.2 comp 24.8 Mbit/s late 2 ms
TL shared t=34.5 vox 167.6 comp 21.8 Mbit/s late 4 ms
TL shared t=35.0 vox 158.9 comp 29.4 Mbit/s late 8 ms
TL shared t=35.5 vox 178.5 comp 9.3 Mbit/s late 6 ms
TL shared t=36.0 vox 160.4 comp 30.6 Mbit/s late 2 ms
TL shared t=36.5 vox 165.0 comp 25.2 Mbit/s late 2 ms
TL shared t=37.0 vox 182.6 comp 14.4 Mbit/s late 3 ms
TL shared t=37.5 vox 165.9 comp 24.0 Mbit/s late 4 ms
TL shared t=38.0 vox 165.8 comp 24.5 Mbit/s late 3 ms
TL shared t=38.5 vox 171.2 comp 19.5 Mbit/s late 3 ms
TL shared t=39.0 vox 178.2 comp 17.3 Mbit/s late 3 ms
TL shared t=39.5 vox 159.9 comp 29.8 Mbit/s late 2 ms
TL shared t=40.0 vox 170.9 comp 18.7 Mbit/s late 6 ms
RESULT congested vox 162.3 Mbit/s, cubic 23.3 Mbit/s, share ratio vox/cubic 6.97; tail drops 17096
ok

test result: ok. 1 passed; 0 failed; 0 ignored; 0 measured; 0 filtered out; finished in 55.21s

rc=0
