timing-slot: took slot3 of 3 at 21:38:26Z, load 34.55 38.12 38.18, 2 waiting
run-slot: took slot3 of 6 at 21:38:26Z, load 34.55 38.12 38.18, 3 waiting

running 1 test
test spike_adr024 ... SPIKE arm congested rate 400000000 ow 1 ms loss 0.01 qbdp 1 cc Ok("cubic")
TL shared t=0.5 vox 104.8 comp 248.4 Mbit/s late 6 ms
TL shared t=1.0 vox 153.3 comp 198.6 Mbit/s late 3 ms
TL shared t=1.5 vox 129.1 comp 223.9 Mbit/s late 2 ms
TL shared t=2.0 vox 156.7 comp 192.0 Mbit/s late 2 ms
TL shared t=2.5 vox 141.9 comp 172.1 Mbit/s late 3 ms
TL shared t=3.0 vox 141.3 comp 181.7 Mbit/s late 3 ms
TL shared t=3.5 vox 154.1 comp 193.0 Mbit/s late 3 ms
TL shared t=4.0 vox 153.1 comp 130.9 Mbit/s late 3 ms
TL shared t=4.5 vox 190.1 comp 152.6 Mbit/s late 4 ms
TL shared t=5.0 vox 235.3 comp 155.6 Mbit/s late 1 ms
TL shared t=5.5 vox 167.6 comp 182.1 Mbit/s late 3 ms
TL shared t=6.0 vox 181.2 comp 208.8 Mbit/s late 1 ms
TL shared t=6.5 vox 135.4 comp 171.4 Mbit/s late 10 ms
TL shared t=7.0 vox 144.0 comp 165.9 Mbit/s late 4 ms
TL shared t=7.5 vox 213.2 comp 180.8 Mbit/s late 2 ms
TL shared t=8.0 vox 137.1 comp 170.0 Mbit/s late 4 ms
TL shared t=8.5 vox 189.2 comp 167.6 Mbit/s late 3 ms
TL shared t=9.0 vox 195.8 comp 134.5 Mbit/s late 2 ms
TL shared t=9.5 vox 189.6 comp 196.1 Mbit/s late 3 ms
TL shared t=10.0 vox 182.9 comp 210.5 Mbit/s late 0 ms
TL shared t=10.5 vox 216.5 comp 176.5 Mbit/s late 0 ms
TL shared t=11.0 vox 161.4 comp 228.1 Mbit/s late 1 ms
TL shared t=11.5 vox 201.6 comp 190.9 Mbit/s late 0 ms
TL shared t=12.0 vox 179.5 comp 193.7 Mbit/s late 3 ms
TL shared t=12.5 vox 237.9 comp 143.7 Mbit/s late 2 ms
TL shared t=13.0 vox 152.4 comp 196.6 Mbit/s late 4 ms
TL shared t=13.5 vox 152.6 comp 178.1 Mbit/s late 4 ms
TL shared t=14.0 vox 153.5 comp 194.4 Mbit/s late 7 ms
TL shared t=14.5 vox 155.5 comp 197.7 Mbit/s late 3 ms
TL shared t=15.0 vox 180.0 comp 122.5 Mbit/s late 5 ms
TL shared t=15.5 vox 125.5 comp 164.0 Mbit/s late 6 ms
TL shared t=16.0 vox 150.5 comp 179.1 Mbit/s late 6 ms
TL shared t=16.5 vox 190.7 comp 174.3 Mbit/s late 5 ms
TL shared t=17.0 vox 210.7 comp 153.7 Mbit/s late 4 ms
TL shared t=17.5 vox 176.9 comp 161.2 Mbit/s late 5 ms
TL shared t=18.0 vox 157.4 comp 139.0 Mbit/s late 5 ms
TL shared t=18.5 vox 140.9 comp 184.0 Mbit/s late 8 ms
TL shared t=19.0 vox 166.3 comp 199.7 Mbit/s late 2 ms
TL shared t=19.5 vox 144.7 comp 162.7 Mbit/s late 3 ms
TL shared t=20.0 vox 189.3 comp 178.2 Mbit/s late 3 ms
TL shared t=20.5 vox 197.9 comp 172.9 Mbit/s late 2 ms
TL shared t=21.0 vox 175.7 comp 183.3 Mbit/s late 3 ms
TL shared t=21.5 vox 156.3 comp 176.2 Mbit/s late 4 ms
TL shared t=22.0 vox 171.2 comp 115.8 Mbit/s late 3 ms
TL shared t=22.5 vox 155.5 comp 199.0 Mbit/s late 3 ms
TL shared t=23.0 vox 176.8 comp 167.8 Mbit/s late 3 ms
TL shared t=23.5 vox 179.7 comp 162.1 Mbit/s late 4 ms
TL shared t=24.0 vox 150.5 comp 199.7 Mbit/s late 4 ms
TL shared t=24.5 vox 155.6 comp 146.2 Mbit/s late 6 ms
TL shared t=25.0 vox 208.6 comp 163.6 Mbit/s late 2 ms
TL shared t=25.5 vox 137.9 comp 137.3 Mbit/s late 15 ms
TL shared t=26.0 vox 174.3 comp 185.0 Mbit/s late 3 ms
TL shared t=26.5 vox 207.2 comp 145.0 Mbit/s late 9 ms
TL shared t=27.0 vox 168.4 comp 154.7 Mbit/s late 6 ms
TL shared t=27.5 vox 121.2 comp 187.5 Mbit/s late 5 ms
TL shared t=28.0 vox 135.3 comp 194.5 Mbit/s late 7 ms
TL shared t=28.5 vox 191.4 comp 137.9 Mbit/s late 4 ms
TL shared t=29.0 vox 136.0 comp 175.1 Mbit/s late 7 ms
TL shared t=29.5 vox 172.6 comp 194.7 Mbit/s late 3 ms
TL shared t=30.0 vox 109.3 comp 152.6 Mbit/s late 5 ms
TL shared t=30.5 vox 156.1 comp 123.8 Mbit/s late 4 ms
TL shared t=31.0 vox 186.0 comp 182.8 Mbit/s late 2 ms
TL shared t=31.5 vox 157.4 comp 166.7 Mbit/s late 4 ms
TL shared t=32.0 vox 167.6 comp 189.8 Mbit/s late 5 ms
TL shared t=32.5 vox 146.4 comp 236.3 Mbit/s late 2 ms
TL shared t=33.0 vox 194.9 comp 170.8 Mbit/s late 6 ms
TL shared t=33.5 vox 175.6 comp 168.8 Mbit/s late 6 ms
TL shared t=34.0 vox 192.4 comp 136.4 Mbit/s late 4 ms
TL shared t=34.5 vox 143.9 comp 195.0 Mbit/s late 4 ms
TL shared t=35.0 vox 199.2 comp 159.9 Mbit/s late 3 ms
TL shared t=35.5 vox 183.2 comp 209.8 Mbit/s late 1 ms
TL shared t=36.0 vox 179.5 comp 209.1 Mbit/s late 4 ms
TL shared t=36.5 vox 191.8 comp 203.0 Mbit/s late 1 ms
TL shared t=37.0 vox 184.2 comp 208.2 Mbit/s late 0 ms
TL shared t=37.5 vox 132.3 comp 199.5 Mbit/s late 13 ms
TL shared t=38.0 vox 180.3 comp 193.2 Mbit/s late 1 ms
TL shared t=38.5 vox 164.9 comp 211.4 Mbit/s late 3 ms
TL shared t=39.0 vox 159.5 comp 232.1 Mbit/s late 2 ms
TL shared t=39.5 vox 157.0 comp 171.4 Mbit/s late 4 ms
TL shared t=40.0 vox 135.8 comp 239.7 Mbit/s late 4 ms
RESULT congested vox 166.0 Mbit/s, cubic 176.8 Mbit/s, share ratio vox/cubic 0.94; tail drops 3710
ok

test result: ok. 1 passed; 0 failed; 0 ignored; 0 measured; 0 filtered out; finished in 54.62s

rc=0
