timing-slot: took slot2 of 3 at 21:45:52Z, load 27.25 31.32 34.68, 2 waiting
run-slot: took slot5 of 6 at 21:45:53Z, load 27.25 31.32 34.68, 5 waiting

running 1 test
test spike_adr024 ... SPIKE arm lossy rate 200000000 ow 5 ms loss 0.05 qbdp 1 cc Ok("tier2")
TL vox-alone t=0.5 vox 40.5 comp 0.0 Mbit/s late 4 ms
TL vox-alone t=1.0 vox 40.7 comp 0.0 Mbit/s late 2 ms
TL vox-alone t=1.5 vox 45.8 comp 0.0 Mbit/s late 2 ms
TL vox-alone t=2.0 vox 30.8 comp 0.0 Mbit/s late 3 ms
TL vox-alone t=2.5 vox 29.0 comp 0.0 Mbit/s late 3 ms
TL vox-alone t=3.0 vox 28.1 comp 0.0 Mbit/s late 5 ms
TL vox-alone t=3.5 vox 85.3 comp 0.0 Mbit/s late 1 ms
TL vox-alone t=4.0 vox 24.8 comp 0.0 Mbit/s late 3 ms
TL vox-alone t=4.5 vox 36.4 comp 0.0 Mbit/s late 2 ms
TL vox-alone t=5.0 vox 40.0 comp 0.0 Mbit/s late 1 ms
TL vox-alone t=5.5 vox 21.5 comp 0.0 Mbit/s late 4 ms
TL vox-alone t=6.0 vox 39.5 comp 0.0 Mbit/s late 2 ms
TL vox-alone t=6.5 vox 32.1 comp 0.0 Mbit/s late 3 ms
TL vox-alone t=7.0 vox 38.4 comp 0.0 Mbit/s late 2 ms
TL vox-alone t=7.5 vox 39.8 comp 0.0 Mbit/s late 3 ms
TL vox-alone t=8.0 vox 42.4 comp 0.0 Mbit/s late 3 ms
TL vox-alone t=8.5 vox 40.7 comp 0.0 Mbit/s late 3 ms
TL vox-alone t=9.0 vox 19.5 comp 0.0 Mbit/s late 4 ms
TL vox-alone t=9.5 vox 33.7 comp 0.0 Mbit/s late 1 ms
TL vox-alone t=10.0 vox 58.1 comp 0.0 Mbit/s late 4 ms
TL vox-alone t=10.5 vox 28.2 comp 0.0 Mbit/s late 4 ms
TL vox-alone t=11.0 vox 28.6 comp 0.0 Mbit/s late 7 ms
TL vox-alone t=11.5 vox 21.2 comp 0.0 Mbit/s late 3 ms
TL vox-alone t=12.0 vox 20.0 comp 0.0 Mbit/s late 2 ms
TL vox-alone t=12.5 vox 24.1 comp 0.0 Mbit/s late 1 ms
TL vox-alone t=13.0 vox 23.9 comp 0.0 Mbit/s late 2 ms
TL vox-alone t=13.5 vox 30.2 comp 0.0 Mbit/s late 2 ms
TL vox-alone t=14.0 vox 25.9 comp 0.0 Mbit/s late 3 ms
TL vox-alone t=14.5 vox 38.8 comp 0.0 Mbit/s late 3 ms
TL vox-alone t=15.0 vox 30.2 comp 0.0 Mbit/s late 5 ms
TL vox-alone t=15.5 vox 20.4 comp 0.0 Mbit/s late 6 ms
TL vox-alone t=16.0 vox 23.0 comp 0.0 Mbit/s late 4 ms
TL vox-alone t=16.5 vox 20.2 comp 0.0 Mbit/s late 5 ms
TL vox-alone t=17.0 vox 18.8 comp 0.0 Mbit/s late 2 ms
TL vox-alone t=17.5 vox 34.7 comp 0.0 Mbit/s late 4 ms
TL vox-alone t=18.0 vox 27.9 comp 0.0 Mbit/s late 3 ms
TL vox-alone t=18.5 vox 16.0 comp 0.0 Mbit/s late 2 ms
TL vox-alone t=19.0 vox 40.3 comp 0.0 Mbit/s late 1 ms
TL vox-alone t=19.5 vox 30.4 comp 0.0 Mbit/s late 4 ms
TL vox-alone t=20.0 vox 32.0 comp 0.0 Mbit/s late 5 ms
TL vox-alone t=20.5 vox 43.9 comp 0.0 Mbit/s late 4 ms
TL vox-alone t=21.0 vox 21.7 comp 0.0 Mbit/s late 3 ms
TL vox-alone t=21.5 vox 34.9 comp 0.0 Mbit/s late 10 ms
TL vox-alone t=22.0 vox 28.1 comp 0.0 Mbit/s late 3 ms
TL vox-alone t=22.5 vox 15.6 comp 0.0 Mbit/s late 9 ms
TL vox-alone t=23.0 vox 37.3 comp 0.0 Mbit/s late 5 ms
TL vox-alone t=23.5 vox 24.5 comp 0.0 Mbit/s late 1 ms
TL vox-alone t=24.0 vox 27.2 comp 0.0 Mbit/s late 4 ms
TL vox-alone t=24.5 vox 39.0 comp 0.0 Mbit/s late 5 ms
TL vox-alone t=25.0 vox 15.3 comp 0.0 Mbit/s late 6 ms
TL vox-alone t=25.5 vox 52.2 comp 0.0 Mbit/s late 11 ms
TL vox-alone t=26.0 vox 23.9 comp 0.0 Mbit/s late 3 ms
TL vox-alone t=26.5 vox 29.0 comp 0.0 Mbit/s late 6 ms
TL vox-alone t=27.0 vox 19.8 comp 0.0 Mbit/s late 2 ms
TL vox-alone t=27.5 vox 28.1 comp 0.0 Mbit/s late 8 ms
TL vox-alone t=28.0 vox 15.2 comp 0.0 Mbit/s late 5 ms
TL vox-alone t=28.5 vox 21.6 comp 0.0 Mbit/s late 2 ms
TL vox-alone t=29.0 vox 30.2 comp 0.0 Mbit/s late 5 ms
TL vox-alone t=29.5 vox 44.3 comp 0.0 Mbit/s late 4 ms
TL vox-alone t=30.0 vox 26.0 comp 0.0 Mbit/s late 2 ms
TL cubic-alone t=0.5 vox 31.0 comp 47.6 Mbit/s late 12 ms
TL cubic-alone t=1.0 vox 35.3 comp 29.5 Mbit/s late 3 ms
TL cubic-alone t=1.5 vox 27.1 comp 23.7 Mbit/s late 5 ms
TL cubic-alone t=2.0 vox 24.0 comp 21.2 Mbit/s late 7 ms
TL cubic-alone t=2.5 vox 5.3 comp 34.1 Mbit/s late 6 ms
TL cubic-alone t=3.0 vox 0.0 comp 31.1 Mbit/s late 4 ms
TL cubic-alone t=3.5 vox 0.0 comp 35.8 Mbit/s late 4 ms
TL cubic-alone t=4.0 vox 0.0 comp 26.5 Mbit/s late 3 ms
TL cubic-alone t=4.5 vox 0.0 comp 18.1 Mbit/s late 3 ms
TL cubic-alone t=5.0 vox 0.0 comp 21.1 Mbit/s late 5 ms
TL cubic-alone t=5.5 vox 0.0 comp 22.2 Mbit/s late 4 ms
TL cubic-alone t=6.0 vox 0.0 comp 30.2 Mbit/s late 3 ms
TL cubic-alone t=6.5 vox 0.0 comp 29.9 Mbit/s late 2 ms
TL cubic-alone t=7.0 vox 0.0 comp 25.8 Mbit/s late 5 ms
TL cubic-alone t=7.5 vox 0.0 comp 23.2 Mbit/s late 6 ms
TL cubic-alone t=8.0 vox 0.0 comp 32.1 Mbit/s late 1 ms
TL cubic-alone t=8.5 vox 0.0 comp 19.1 Mbit/s late 7 ms
TL cubic-alone t=9.0 vox 0.0 comp 19.3 Mbit/s late 4 ms
TL cubic-alone t=9.5 vox 0.0 comp 15.4 Mbit/s late 5 ms
TL cubic-alone t=10.0 vox 0.0 comp 27.5 Mbit/s late 4 ms
TL cubic-alone t=10.5 vox 0.0 comp 17.2 Mbit/s late 1 ms
TL cubic-alone t=11.0 vox 0.0 comp 26.3 Mbit/s late 2 ms
TL cubic-alone t=11.5 vox 0.0 comp 19.8 Mbit/s late 8 ms
TL cubic-alone t=12.0 vox 0.0 comp 22.3 Mbit/s late 2 ms
TL cubic-alone t=12.5 vox 0.0 comp 27.7 Mbit/s late 2 ms
TL cubic-alone t=13.0 vox 0.0 comp 27.3 Mbit/s late 4 ms
TL cubic-alone t=13.5 vox 0.0 comp 22.5 Mbit/s late 3 ms
TL cubic-alone t=14.0 vox 0.0 comp 26.1 Mbit/s late 3 ms
TL cubic-alone t=14.5 vox 0.0 comp 26.5 Mbit/s late 5 ms
TL cubic-alone t=15.0 vox 0.0 comp 20.4 Mbit/s late 4 ms
TL cubic-alone t=15.5 vox 0.0 comp 22.0 Mbit/s late 6 ms
TL cubic-alone t=16.0 vox 0.0 comp 21.5 Mbit/s late 3 ms
TL cubic-alone t=16.5 vox 0.0 comp 27.9 Mbit/s late 7 ms
TL cubic-alone t=17.0 vox 0.0 comp 29.3 Mbit/s late 2 ms
TL cubic-alone t=17.5 vox 0.0 comp 20.0 Mbit/s late 4 ms
TL cubic-alone t=18.0 vox 0.0 comp 15.2 Mbit/s late 7 ms
TL cubic-alone t=18.5 vox 0.0 comp 29.7 Mbit/s late 3 ms
TL cubic-alone t=19.0 vox 0.0 comp 32.2 Mbit/s late 6 ms
TL cubic-alone t=19.5 vox 0.0 comp 24.3 Mbit/s late 8 ms
TL cubic-alone t=20.0 vox 0.0 comp 22.2 Mbit/s late 3 ms
TL cubic-alone t=20.5 vox 0.0 comp 23.6 Mbit/s late 4 ms
TL cubic-alone t=21.0 vox 0.0 comp 13.2 Mbit/s late 15 ms
TL cubic-alone t=21.5 vox 0.0 comp 22.9 Mbit/s late 3 ms
TL cubic-alone t=22.0 vox 0.0 comp 19.8 Mbit/s late 7 ms
TL cubic-alone t=22.5 vox 0.0 comp 27.0 Mbit/s late 7 ms
TL cubic-alone t=23.0 vox 0.0 comp 17.5 Mbit/s late 10 ms
TL cubic-alone t=23.5 vox 0.0 comp 29.2 Mbit/s late 1 ms
TL cubic-alone t=24.0 vox 0.0 comp 21.6 Mbit/s late 5 ms
TL cubic-alone t=24.5 vox 0.0 comp 18.6 Mbit/s late 5 ms
TL cubic-alone t=25.0 vox 0.0 comp 21.5 Mbit/s late 1 ms
TL cubic-alone t=25.5 vox 0.0 comp 26.0 Mbit/s late 8 ms
TL cubic-alone t=26.0 vox 0.0 comp 19.3 Mbit/s late 3 ms
TL cubic-alone t=26.5 vox 0.0 comp 18.5 Mbit/s late 5 ms
TL cubic-alone t=27.0 vox 0.0 comp 17.8 Mbit/s late 19 ms
TL cubic-alone t=27.5 vox 0.0 comp 20.5 Mbit/s late 6 ms
TL cubic-alone t=28.0 vox 0.0 comp 21.5 Mbit/s late 4 ms
TL cubic-alone t=28.5 vox 0.0 comp 17.1 Mbit/s late 5 ms
TL cubic-alone t=29.0 vox 0.0 comp 27.8 Mbit/s late 5 ms
TL cubic-alone t=29.5 vox 0.0 comp 31.2 Mbit/s late 1 ms
TL cubic-alone t=30.0 vox 0.0 comp 16.3 Mbit/s late 6 ms
RESULT lossy vox 27.8 Mbit/s, cubic 22.8 Mbit/s, ratio 1.22; loss drops 1963 tail drops 0
ok

test result: ok. 1 passed; 0 failed; 0 ignored; 0 measured; 0 filtered out; finished in 77.63s

rc=0
