timing-slot: took slot3 of 3 at 21:34:23Z, load 42.62 38.91 38.18, 2 waiting
run-slot: took slot6 of 6 at 21:34:26Z, load 41.13 38.67 38.10, 6 waiting

running 1 test
test spike_adr024 ... SPIKE arm lossy rate 200000000 ow 5 ms loss 0.01 qbdp 1 cc Ok("cubic")
TL vox-alone t=0.5 vox 88.8 comp 0.0 Mbit/s late 3 ms
TL vox-alone t=1.0 vox 49.0 comp 0.0 Mbit/s late 2 ms
TL vox-alone t=1.5 vox 60.3 comp 0.0 Mbit/s late 2 ms
TL vox-alone t=2.0 vox 62.8 comp 0.0 Mbit/s late 4 ms
TL vox-alone t=2.5 vox 73.1 comp 0.0 Mbit/s late 1 ms
TL vox-alone t=3.0 vox 46.2 comp 0.0 Mbit/s late 4 ms
TL vox-alone t=3.5 vox 43.2 comp 0.0 Mbit/s late 5 ms
TL vox-alone t=4.0 vox 69.3 comp 0.0 Mbit/s late 5 ms
TL vox-alone t=4.5 vox 72.7 comp 0.0 Mbit/s late 5 ms
TL vox-alone t=5.0 vox 71.0 comp 0.0 Mbit/s late 11 ms
TL vox-alone t=5.5 vox 71.0 comp 0.0 Mbit/s late 5 ms
TL vox-alone t=6.0 vox 54.0 comp 0.0 Mbit/s late 4 ms
TL vox-alone t=6.5 vox 71.8 comp 0.0 Mbit/s late 2 ms
TL vox-alone t=7.0 vox 55.5 comp 0.0 Mbit/s late 3 ms
TL vox-alone t=7.5 vox 49.0 comp 0.0 Mbit/s late 4 ms
TL vox-alone t=8.0 vox 47.1 comp 0.0 Mbit/s late 3 ms
TL vox-alone t=8.5 vox 65.3 comp 0.0 Mbit/s late 5 ms
TL vox-alone t=9.0 vox 57.3 comp 0.0 Mbit/s late 4 ms
TL vox-alone t=9.5 vox 54.4 comp 0.0 Mbit/s late 2 ms
TL vox-alone t=10.0 vox 42.0 comp 0.0 Mbit/s late 4 ms
TL vox-alone t=10.5 vox 55.1 comp 0.0 Mbit/s late 8 ms
TL vox-alone t=11.0 vox 70.6 comp 0.0 Mbit/s late 2 ms
TL vox-alone t=11.5 vox 51.0 comp 0.0 Mbit/s late 5 ms
TL vox-alone t=12.0 vox 48.6 comp 0.0 Mbit/s late 3 ms
TL vox-alone t=12.5 vox 48.4 comp 0.0 Mbit/s late 3 ms
TL vox-alone t=13.0 vox 59.4 comp 0.0 Mbit/s late 1 ms
TL vox-alone t=13.5 vox 56.8 comp 0.0 Mbit/s late 1 ms
TL vox-alone t=14.0 vox 74.0 comp 0.0 Mbit/s late 1 ms
TL vox-alone t=14.5 vox 52.7 comp 0.0 Mbit/s late 6 ms
TL vox-alone t=15.0 vox 63.2 comp 0.0 Mbit/s late 6 ms
TL vox-alone t=15.5 vox 70.4 comp 0.0 Mbit/s late 5 ms
TL vox-alone t=16.0 vox 43.1 comp 0.0 Mbit/s late 1 ms
TL vox-alone t=16.5 vox 45.0 comp 0.0 Mbit/s late 1 ms
TL vox-alone t=17.0 vox 58.9 comp 0.0 Mbit/s late 2 ms
TL vox-alone t=17.5 vox 72.8 comp 0.0 Mbit/s late 1 ms
TL vox-alone t=18.0 vox 88.0 comp 0.0 Mbit/s late 2 ms
TL vox-alone t=18.5 vox 65.3 comp 0.0 Mbit/s late 7 ms
TL vox-alone t=19.0 vox 78.2 comp 0.0 Mbit/s late 1 ms
TL vox-alone t=19.5 vox 105.7 comp 0.0 Mbit/s late 1 ms
TL vox-alone t=20.0 vox 101.1 comp 0.0 Mbit/s late 2 ms
TL vox-alone t=20.5 vox 43.6 comp 0.0 Mbit/s late 3 ms
TL vox-alone t=21.0 vox 82.8 comp 0.0 Mbit/s late 2 ms
TL vox-alone t=21.5 vox 55.9 comp 0.0 Mbit/s late 2 ms
TL vox-alone t=22.0 vox 65.5 comp 0.0 Mbit/s late 3 ms
TL vox-alone t=22.5 vox 55.7 comp 0.0 Mbit/s late 3 ms
TL vox-alone t=23.0 vox 54.7 comp 0.0 Mbit/s late 5 ms
TL vox-alone t=23.5 vox 50.7 comp 0.0 Mbit/s late 5 ms
TL vox-alone t=24.0 vox 76.9 comp 0.0 Mbit/s late 4 ms
TL vox-alone t=24.5 vox 45.7 comp 0.0 Mbit/s late 7 ms
TL vox-alone t=25.0 vox 65.4 comp 0.0 Mbit/s late 5 ms
TL vox-alone t=25.5 vox 57.7 comp 0.0 Mbit/s late 2 ms
TL vox-alone t=26.0 vox 67.9 comp 0.0 Mbit/s late 1 ms
TL vox-alone t=26.5 vox 79.9 comp 0.0 Mbit/s late 3 ms
TL vox-alone t=27.0 vox 44.1 comp 0.0 Mbit/s late 2 ms
TL vox-alone t=27.5 vox 47.5 comp 0.0 Mbit/s late 3 ms
TL vox-alone t=28.0 vox 77.0 comp 0.0 Mbit/s late 1 ms
TL vox-alone t=28.5 vox 65.7 comp 0.0 Mbit/s late 2 ms
TL vox-alone t=29.0 vox 70.5 comp 0.0 Mbit/s late 2 ms
TL vox-alone t=29.5 vox 57.1 comp 0.0 Mbit/s late 2 ms
TL vox-alone t=30.0 vox 55.6 comp 0.0 Mbit/s late 3 ms
TL cubic-alone t=0.5 vox 43.8 comp 53.0 Mbit/s late 5 ms
TL cubic-alone t=1.0 vox 0.0 comp 51.8 Mbit/s late 6 ms
TL cubic-alone t=1.5 vox 0.0 comp 104.1 Mbit/s late 1 ms
TL cubic-alone t=2.0 vox 0.0 comp 67.9 Mbit/s late 7 ms
TL cubic-alone t=2.5 vox 0.0 comp 54.2 Mbit/s late 2 ms
TL cubic-alone t=3.0 vox 0.0 comp 60.2 Mbit/s late 1 ms
TL cubic-alone t=3.5 vox 0.0 comp 67.0 Mbit/s late 1 ms
TL cubic-alone t=4.0 vox 0.0 comp 67.5 Mbit/s late 4 ms
TL cubic-alone t=4.5 vox 0.0 comp 89.7 Mbit/s late 1 ms
TL cubic-alone t=5.0 vox 0.0 comp 44.7 Mbit/s late 4 ms
TL cubic-alone t=5.5 vox 0.0 comp 54.1 Mbit/s late 4 ms
TL cubic-alone t=6.0 vox 0.0 comp 79.5 Mbit/s late 3 ms
TL cubic-alone t=6.5 vox 0.0 comp 48.8 Mbit/s late 4 ms
TL cubic-alone t=7.0 vox 0.0 comp 49.3 Mbit/s late 5 ms
TL cubic-alone t=7.5 vox 0.0 comp 61.2 Mbit/s late 7 ms
TL cubic-alone t=8.0 vox 0.0 comp 79.9 Mbit/s late 1 ms
TL cubic-alone t=8.5 vox 0.0 comp 87.0 Mbit/s late 1 ms
TL cubic-alone t=9.0 vox 0.0 comp 45.7 Mbit/s late 1 ms
TL cubic-alone t=9.5 vox 0.0 comp 62.4 Mbit/s late 1 ms
TL cubic-alone t=10.0 vox 0.0 comp 63.2 Mbit/s late 1 ms
TL cubic-alone t=10.5 vox 0.0 comp 63.8 Mbit/s late 1 ms
TL cubic-alone t=11.0 vox 0.0 comp 55.5 Mbit/s late 2 ms
TL cubic-alone t=11.5 vox 0.0 comp 67.9 Mbit/s late 7 ms
TL cubic-alone t=12.0 vox 0.0 comp 43.9 Mbit/s late 1 ms
TL cubic-alone t=12.5 vox 0.0 comp 81.6 Mbit/s late 4 ms
TL cubic-alone t=13.0 vox 0.0 comp 59.1 Mbit/s late 1 ms
TL cubic-alone t=13.5 vox 0.0 comp 61.4 Mbit/s late 1 ms
TL cubic-alone t=14.0 vox 0.0 comp 52.1 Mbit/s late 1 ms
TL cubic-alone t=14.5 vox 0.0 comp 62.4 Mbit/s late 1 ms
TL cubic-alone t=15.0 vox 0.0 comp 67.2 Mbit/s late 1 ms
TL cubic-alone t=15.5 vox 0.0 comp 91.5 Mbit/s late 1 ms
TL cubic-alone t=16.0 vox 0.0 comp 63.8 Mbit/s late 3 ms
TL cubic-alone t=16.5 vox 0.0 comp 63.6 Mbit/s late 2 ms
TL cubic-alone t=17.0 vox 0.0 comp 61.1 Mbit/s late 1 ms
TL cubic-alone t=17.5 vox 0.0 comp 62.9 Mbit/s late 1 ms
TL cubic-alone t=18.0 vox 0.0 comp 72.7 Mbit/s late 1 ms
TL cubic-alone t=18.5 vox 0.0 comp 94.1 Mbit/s late 4 ms
TL cubic-alone t=19.0 vox 0.0 comp 62.8 Mbit/s late 5 ms
TL cubic-alone t=19.5 vox 0.0 comp 49.7 Mbit/s late 7 ms
TL cubic-alone t=20.0 vox 0.0 comp 63.6 Mbit/s late 5 ms
TL cubic-alone t=20.5 vox 0.0 comp 76.1 Mbit/s late 1 ms
TL cubic-alone t=21.0 vox 0.0 comp 60.2 Mbit/s late 4 ms
TL cubic-alone t=21.5 vox 0.0 comp 54.1 Mbit/s late 2 ms
TL cubic-alone t=22.0 vox 0.0 comp 38.6 Mbit/s late 5 ms
TL cubic-alone t=22.5 vox 0.0 comp 38.0 Mbit/s late 5 ms
TL cubic-alone t=23.0 vox 0.0 comp 85.1 Mbit/s late 1 ms
TL cubic-alone t=23.5 vox 0.0 comp 52.5 Mbit/s late 5 ms
TL cubic-alone t=24.0 vox 0.0 comp 59.5 Mbit/s late 5 ms
TL cubic-alone t=24.5 vox 0.0 comp 73.5 Mbit/s late 6 ms
TL cubic-alone t=25.0 vox 0.0 comp 36.4 Mbit/s late 5 ms
TL cubic-alone t=25.5 vox 0.0 comp 50.0 Mbit/s late 5 ms
TL cubic-alone t=26.0 vox 0.0 comp 49.9 Mbit/s late 5 ms
TL cubic-alone t=26.5 vox 0.0 comp 43.0 Mbit/s late 3 ms
TL cubic-alone t=27.0 vox 0.0 comp 62.0 Mbit/s late 4 ms
TL cubic-alone t=27.5 vox 0.0 comp 87.7 Mbit/s late 4 ms
TL cubic-alone t=28.0 vox 0.0 comp 57.8 Mbit/s late 6 ms
TL cubic-alone t=28.5 vox 0.0 comp 48.7 Mbit/s late 4 ms
TL cubic-alone t=29.0 vox 0.0 comp 57.3 Mbit/s late 1 ms
TL cubic-alone t=29.5 vox 0.0 comp 60.6 Mbit/s late 7 ms
TL cubic-alone t=30.0 vox 0.0 comp 55.5 Mbit/s late 4 ms
RESULT lossy vox 63.2 Mbit/s, cubic 61.2 Mbit/s, ratio 1.03; loss drops 862 tail drops 0
ok

test result: ok. 1 passed; 0 failed; 0 ignored; 0 measured; 0 filtered out; finished in 75.39s

rc=0
