timing-slot: took slot2 of 3 at 21:39:21Z, load 32.60 36.97 37.75, 1 waiting
run-slot: took slot3 of 6 at 21:39:22Z, load 32.60 36.97 37.75, 3 waiting

running 1 test
test spike_adr024 ... SPIKE arm lossy rate 200000000 ow 5 ms loss 0.05 qbdp 1 cc Ok("cubic")
TL vox-alone t=0.5 vox 22.2 comp 0.0 Mbit/s late 5 ms
TL vox-alone t=1.0 vox 28.2 comp 0.0 Mbit/s late 5 ms
TL vox-alone t=1.5 vox 22.8 comp 0.0 Mbit/s late 5 ms
TL vox-alone t=2.0 vox 26.6 comp 0.0 Mbit/s late 3 ms
TL vox-alone t=2.5 vox 32.3 comp 0.0 Mbit/s late 3 ms
TL vox-alone t=3.0 vox 22.6 comp 0.0 Mbit/s late 2 ms
TL vox-alone t=3.5 vox 23.2 comp 0.0 Mbit/s late 3 ms
TL vox-alone t=4.0 vox 24.3 comp 0.0 Mbit/s late 4 ms
TL vox-alone t=4.5 vox 29.4 comp 0.0 Mbit/s late 7 ms
TL vox-alone t=5.0 vox 33.9 comp 0.0 Mbit/s late 3 ms
TL vox-alone t=5.5 vox 32.6 comp 0.0 Mbit/s late 5 ms
TL vox-alone t=6.0 vox 19.3 comp 0.0 Mbit/s late 3 ms
TL vox-alone t=6.5 vox 25.4 comp 0.0 Mbit/s late 6 ms
TL vox-alone t=7.0 vox 23.5 comp 0.0 Mbit/s late 4 ms
TL vox-alone t=7.5 vox 23.1 comp 0.0 Mbit/s late 3 ms
TL vox-alone t=8.0 vox 18.6 comp 0.0 Mbit/s late 3 ms
TL vox-alone t=8.5 vox 24.2 comp 0.0 Mbit/s late 9 ms
TL vox-alone t=9.0 vox 24.2 comp 0.0 Mbit/s late 3 ms
TL vox-alone t=9.5 vox 20.3 comp 0.0 Mbit/s late 4 ms
TL vox-alone t=10.0 vox 39.8 comp 0.0 Mbit/s late 5 ms
TL vox-alone t=10.5 vox 22.5 comp 0.0 Mbit/s late 3 ms
TL vox-alone t=11.0 vox 22.7 comp 0.0 Mbit/s late 3 ms
TL vox-alone t=11.5 vox 29.2 comp 0.0 Mbit/s late 4 ms
TL vox-alone t=12.0 vox 27.1 comp 0.0 Mbit/s late 2 ms
TL vox-alone t=12.5 vox 23.8 comp 0.0 Mbit/s late 3 ms
TL vox-alone t=13.0 vox 14.5 comp 0.0 Mbit/s late 3 ms
TL vox-alone t=13.5 vox 22.8 comp 0.0 Mbit/s late 3 ms
TL vox-alone t=14.0 vox 30.7 comp 0.0 Mbit/s late 3 ms
TL vox-alone t=14.5 vox 26.7 comp 0.0 Mbit/s late 5 ms
TL vox-alone t=15.0 vox 28.9 comp 0.0 Mbit/s late 5 ms
TL vox-alone t=15.5 vox 28.3 comp 0.0 Mbit/s late 1 ms
TL vox-alone t=16.0 vox 28.3 comp 0.0 Mbit/s late 2 ms
TL vox-alone t=16.5 vox 19.0 comp 0.0 Mbit/s late 1 ms
TL vox-alone t=17.0 vox 21.5 comp 0.0 Mbit/s late 3 ms
TL vox-alone t=17.5 vox 19.8 comp 0.0 Mbit/s late 3 ms
TL vox-alone t=18.0 vox 18.8 comp 0.0 Mbit/s late 5 ms
TL vox-alone t=18.5 vox 21.5 comp 0.0 Mbit/s late 6 ms
TL vox-alone t=19.0 vox 28.2 comp 0.0 Mbit/s late 6 ms
TL vox-alone t=19.5 vox 25.2 comp 0.0 Mbit/s late 2 ms
TL vox-alone t=20.0 vox 19.5 comp 0.0 Mbit/s late 2 ms
TL vox-alone t=20.5 vox 21.9 comp 0.0 Mbit/s late 5 ms
TL vox-alone t=21.0 vox 24.1 comp 0.0 Mbit/s late 1 ms
TL vox-alone t=21.5 vox 28.7 comp 0.0 Mbit/s late 2 ms
TL vox-alone t=22.0 vox 22.6 comp 0.0 Mbit/s late 2 ms
TL vox-alone t=22.5 vox 17.1 comp 0.0 Mbit/s late 2 ms
TL vox-alone t=23.0 vox 25.5 comp 0.0 Mbit/s late 3 ms
TL vox-alone t=23.5 vox 23.1 comp 0.0 Mbit/s late 3 ms
TL vox-alone t=24.0 vox 24.5 comp 0.0 Mbit/s late 2 ms
TL vox-alone t=24.5 vox 18.2 comp 0.0 Mbit/s late 3 ms
TL vox-alone t=25.0 vox 25.2 comp 0.0 Mbit/s late 5 ms
TL vox-alone t=25.5 vox 22.9 comp 0.0 Mbit/s late 2 ms
TL vox-alone t=26.0 vox 23.2 comp 0.0 Mbit/s late 8 ms
TL vox-alone t=26.5 vox 32.8 comp 0.0 Mbit/s late 2 ms
TL vox-alone t=27.0 vox 26.1 comp 0.0 Mbit/s late 2 ms
TL vox-alone t=27.5 vox 19.2 comp 0.0 Mbit/s late 3 ms
TL vox-alone t=28.0 vox 20.9 comp 0.0 Mbit/s late 3 ms
TL vox-alone t=28.5 vox 26.9 comp 0.0 Mbit/s late 2 ms
TL vox-alone t=29.0 vox 28.1 comp 0.0 Mbit/s late 1 ms
TL vox-alone t=29.5 vox 16.7 comp 0.0 Mbit/s late 2 ms
TL vox-alone t=30.0 vox 29.7 comp 0.0 Mbit/s late 2 ms
TL cubic-alone t=0.5 vox 31.2 comp 46.7 Mbit/s late 4 ms
TL cubic-alone t=1.0 vox 20.4 comp 25.1 Mbit/s late 5 ms
TL cubic-alone t=1.5 vox 23.7 comp 26.3 Mbit/s late 8 ms
TL cubic-alone t=2.0 vox 22.7 comp 23.6 Mbit/s late 1 ms
TL cubic-alone t=2.5 vox 29.8 comp 34.2 Mbit/s late 3 ms
TL cubic-alone t=3.0 vox 17.6 comp 33.3 Mbit/s late 5 ms
TL cubic-alone t=3.5 vox 24.1 comp 39.2 Mbit/s late 6 ms
TL cubic-alone t=4.0 vox 23.9 comp 25.0 Mbit/s late 2 ms
TL cubic-alone t=4.5 vox 11.6 comp 24.3 Mbit/s late 2 ms
TL cubic-alone t=5.0 vox 0.0 comp 20.6 Mbit/s late 2 ms
TL cubic-alone t=5.5 vox 0.0 comp 30.0 Mbit/s late 5 ms
TL cubic-alone t=6.0 vox 0.0 comp 27.7 Mbit/s late 3 ms
TL cubic-alone t=6.5 vox 0.0 comp 28.6 Mbit/s late 1 ms
TL cubic-alone t=7.0 vox 0.0 comp 27.0 Mbit/s late 1 ms
TL cubic-alone t=7.5 vox 0.0 comp 31.9 Mbit/s late 3 ms
TL cubic-alone t=8.0 vox 0.0 comp 23.0 Mbit/s late 1 ms
TL cubic-alone t=8.5 vox 0.0 comp 22.1 Mbit/s late 1 ms
TL cubic-alone t=9.0 vox 0.0 comp 18.9 Mbit/s late 1 ms
TL cubic-alone t=9.5 vox 0.0 comp 26.7 Mbit/s late 1 ms
TL cubic-alone t=10.0 vox 0.0 comp 20.3 Mbit/s late 1 ms
TL cubic-alone t=10.5 vox 0.0 comp 31.0 Mbit/s late 1 ms
TL cubic-alone t=11.0 vox 0.0 comp 24.1 Mbit/s late 1 ms
TL cubic-alone t=11.5 vox 0.0 comp 16.5 Mbit/s late 1 ms
TL cubic-alone t=12.0 vox 0.0 comp 33.3 Mbit/s late 1 ms
TL cubic-alone t=12.5 vox 0.0 comp 26.8 Mbit/s late 6 ms
TL cubic-alone t=13.0 vox 0.0 comp 23.2 Mbit/s late 1 ms
TL cubic-alone t=13.5 vox 0.0 comp 26.6 Mbit/s late 2 ms
TL cubic-alone t=14.0 vox 0.0 comp 25.2 Mbit/s late 1 ms
TL cubic-alone t=14.5 vox 0.0 comp 28.6 Mbit/s late 1 ms
TL cubic-alone t=15.0 vox 0.0 comp 12.0 Mbit/s late 1 ms
TL cubic-alone t=15.5 vox 0.0 comp 27.8 Mbit/s late 3 ms
TL cubic-alone t=16.0 vox 0.0 comp 28.6 Mbit/s late 3 ms
TL cubic-alone t=16.5 vox 0.0 comp 24.4 Mbit/s late 4 ms
TL cubic-alone t=17.0 vox 0.0 comp 18.6 Mbit/s late 5 ms
TL cubic-alone t=17.5 vox 0.0 comp 21.3 Mbit/s late 2 ms
TL cubic-alone t=18.0 vox 0.0 comp 30.9 Mbit/s late 6 ms
TL cubic-alone t=18.5 vox 0.0 comp 30.0 Mbit/s late 4 ms
TL cubic-alone t=19.0 vox 0.0 comp 17.4 Mbit/s late 3 ms
TL cubic-alone t=19.5 vox 0.0 comp 29.9 Mbit/s late 1 ms
TL cubic-alone t=20.0 vox 0.0 comp 17.8 Mbit/s late 1 ms
TL cubic-alone t=20.5 vox 0.0 comp 24.6 Mbit/s late 2 ms
TL cubic-alone t=21.0 vox 0.0 comp 19.1 Mbit/s late 2 ms
TL cubic-alone t=21.5 vox 0.0 comp 29.5 Mbit/s late 2 ms
TL cubic-alone t=22.0 vox 0.0 comp 19.8 Mbit/s late 1 ms
TL cubic-alone t=22.5 vox 0.0 comp 27.9 Mbit/s late 1 ms
TL cubic-alone t=23.0 vox 0.0 comp 25.1 Mbit/s late 1 ms
TL cubic-alone t=23.5 vox 0.0 comp 19.6 Mbit/s late 1 ms
TL cubic-alone t=24.0 vox 0.0 comp 18.3 Mbit/s late 3 ms
TL cubic-alone t=24.5 vox 0.0 comp 25.9 Mbit/s late 1 ms
TL cubic-alone t=25.0 vox 0.0 comp 20.9 Mbit/s late 5 ms
TL cubic-alone t=25.5 vox 0.0 comp 19.7 Mbit/s late 2 ms
TL cubic-alone t=26.0 vox 0.0 comp 21.3 Mbit/s late 4 ms
TL cubic-alone t=26.5 vox 0.0 comp 24.3 Mbit/s late 1 ms
TL cubic-alone t=27.0 vox 0.0 comp 19.3 Mbit/s late 5 ms
TL cubic-alone t=27.5 vox 0.0 comp 15.6 Mbit/s late 5 ms
TL cubic-alone t=28.0 vox 0.0 comp 26.7 Mbit/s late 3 ms
TL cubic-alone t=28.5 vox 0.0 comp 27.2 Mbit/s late 3 ms
TL cubic-alone t=29.0 vox 0.0 comp 24.0 Mbit/s late 5 ms
TL cubic-alone t=29.5 vox 0.0 comp 22.6 Mbit/s late 2 ms
TL cubic-alone t=30.0 vox 0.0 comp 22.9 Mbit/s late 2 ms
RESULT lossy vox 23.9 Mbit/s, cubic 23.7 Mbit/s, ratio 1.01; loss drops 1775 tail drops 0
ok

test result: ok. 1 passed; 0 failed; 0 ignored; 0 measured; 0 filtered out; finished in 74.88s

rc=0
