timing-slot: took slot2 of 3 at 21:40:39Z, load 25.42 33.83 36.49, 1 waiting
run-slot: took slot3 of 6 at 21:40:39Z, load 25.42 33.83 36.49, 3 waiting

running 1 test
test spike_adr024 ... SPIKE arm lossy rate 200000000 ow 5 ms loss 0.01 qbdp 1 cc Ok("tier2")
TL vox-alone t=0.5 vox 159.0 comp 0.0 Mbit/s late 2 ms
TL vox-alone t=1.0 vox 164.5 comp 0.0 Mbit/s late 5 ms
TL vox-alone t=1.5 vox 180.2 comp 0.0 Mbit/s late 2 ms
TL vox-alone t=2.0 vox 194.8 comp 0.0 Mbit/s late 2 ms
TL vox-alone t=2.5 vox 199.1 comp 0.0 Mbit/s late 1 ms
TL vox-alone t=3.0 vox 188.8 comp 0.0 Mbit/s late 3 ms
TL vox-alone t=3.5 vox 201.6 comp 0.0 Mbit/s late 3 ms
TL vox-alone t=4.0 vox 190.2 comp 0.0 Mbit/s late 5 ms
TL vox-alone t=4.5 vox 196.7 comp 0.0 Mbit/s late 2 ms
TL vox-alone t=5.0 vox 196.9 comp 0.0 Mbit/s late 0 ms
TL vox-alone t=5.5 vox 198.6 comp 0.0 Mbit/s late 2 ms
TL vox-alone t=6.0 vox 190.7 comp 0.0 Mbit/s late 3 ms
TL vox-alone t=6.5 vox 190.0 comp 0.0 Mbit/s late 3 ms
TL vox-alone t=7.0 vox 181.1 comp 0.0 Mbit/s late 3 ms
TL vox-alone t=7.5 vox 195.6 comp 0.0 Mbit/s late 3 ms
TL vox-alone t=8.0 vox 185.4 comp 0.0 Mbit/s late 4 ms
TL vox-alone t=8.5 vox 193.0 comp 0.0 Mbit/s late 1 ms
TL vox-alone t=9.0 vox 185.1 comp 0.0 Mbit/s late 7 ms
TL vox-alone t=9.5 vox 150.1 comp 0.0 Mbit/s late 7 ms
TL vox-alone t=10.0 vox 184.3 comp 0.0 Mbit/s late 3 ms
TL vox-alone t=10.5 vox 182.9 comp 0.0 Mbit/s late 2 ms
TL vox-alone t=11.0 vox 185.5 comp 0.0 Mbit/s late 7 ms
TL vox-alone t=11.5 vox 181.1 comp 0.0 Mbit/s late 4 ms
TL vox-alone t=12.0 vox 191.4 comp 0.0 Mbit/s late 11 ms
TL vox-alone t=12.5 vox 189.7 comp 0.0 Mbit/s late 0 ms
TL vox-alone t=13.0 vox 196.1 comp 0.0 Mbit/s late 0 ms
TL vox-alone t=13.5 vox 201.4 comp 0.0 Mbit/s late 1 ms
TL vox-alone t=14.0 vox 183.5 comp 0.0 Mbit/s late 0 ms
TL vox-alone t=14.5 vox 202.6 comp 0.0 Mbit/s late 1 ms
TL vox-alone t=15.0 vox 183.6 comp 0.0 Mbit/s late 2 ms
TL vox-alone t=15.5 vox 195.0 comp 0.0 Mbit/s late 1 ms
TL vox-alone t=16.0 vox 198.7 comp 0.0 Mbit/s late 0 ms
TL vox-alone t=16.5 vox 199.1 comp 0.0 Mbit/s late 0 ms
TL vox-alone t=17.0 vox 190.7 comp 0.0 Mbit/s late 0 ms
TL vox-alone t=17.5 vox 173.1 comp 0.0 Mbit/s late 1 ms
TL vox-alone t=18.0 vox 197.5 comp 0.0 Mbit/s late 2 ms
TL vox-alone t=18.5 vox 197.8 comp 0.0 Mbit/s late 0 ms
TL vox-alone t=19.0 vox 194.8 comp 0.0 Mbit/s late 3 ms
TL vox-alone t=19.5 vox 196.6 comp 0.0 Mbit/s late 2 ms
TL vox-alone t=20.0 vox 197.5 comp 0.0 Mbit/s late 0 ms
TL vox-alone t=20.5 vox 192.8 comp 0.0 Mbit/s late 0 ms
TL vox-alone t=21.0 vox 201.1 comp 0.0 Mbit/s late 0 ms
TL vox-alone t=21.5 vox 187.1 comp 0.0 Mbit/s late 1 ms
TL vox-alone t=22.0 vox 179.0 comp 0.0 Mbit/s late 7 ms
TL vox-alone t=22.5 vox 190.7 comp 0.0 Mbit/s late 1 ms
TL vox-alone t=23.0 vox 203.5 comp 0.0 Mbit/s late 1 ms
TL vox-alone t=23.5 vox 196.6 comp 0.0 Mbit/s late 3 ms
TL vox-alone t=24.0 vox 197.9 comp 0.0 Mbit/s late 1 ms
TL vox-alone t=24.5 vox 190.0 comp 0.0 Mbit/s late 1 ms
TL vox-alone t=25.0 vox 198.2 comp 0.0 Mbit/s late 1 ms
TL vox-alone t=25.5 vox 196.2 comp 0.0 Mbit/s late 0 ms
TL vox-alone t=26.0 vox 194.7 comp 0.0 Mbit/s late 0 ms
TL vox-alone t=26.5 vox 194.1 comp 0.0 Mbit/s late 1 ms
TL vox-alone t=27.0 vox 197.9 comp 0.0 Mbit/s late 2 ms
TL vox-alone t=27.5 vox 197.4 comp 0.0 Mbit/s late 8 ms
TL vox-alone t=28.0 vox 191.8 comp 0.0 Mbit/s late 1 ms
TL vox-alone t=28.5 vox 193.4 comp 0.0 Mbit/s late 1 ms
TL vox-alone t=29.0 vox 202.6 comp 0.0 Mbit/s late 0 ms
TL vox-alone t=29.5 vox 154.3 comp 0.0 Mbit/s late 3 ms
TL vox-alone t=30.0 vox 144.4 comp 0.0 Mbit/s late 2 ms
TL cubic-alone t=0.5 vox 0.0 comp 67.4 Mbit/s late 5 ms
TL cubic-alone t=1.0 vox 0.0 comp 74.8 Mbit/s late 1 ms
TL cubic-alone t=1.5 vox 0.0 comp 104.8 Mbit/s late 1 ms
TL cubic-alone t=2.0 vox 0.0 comp 48.7 Mbit/s late 1 ms
TL cubic-alone t=2.5 vox 0.0 comp 60.6 Mbit/s late 2 ms
TL cubic-alone t=3.0 vox 0.0 comp 65.8 Mbit/s late 2 ms
TL cubic-alone t=3.5 vox 0.0 comp 54.8 Mbit/s late 3 ms
TL cubic-alone t=4.0 vox 0.0 comp 71.7 Mbit/s late 7 ms
TL cubic-alone t=4.5 vox 0.0 comp 76.0 Mbit/s late 3 ms
TL cubic-alone t=5.0 vox 0.0 comp 51.0 Mbit/s late 3 ms
TL cubic-alone t=5.5 vox 0.0 comp 61.0 Mbit/s late 1 ms
TL cubic-alone t=6.0 vox 0.0 comp 73.4 Mbit/s late 1 ms
TL cubic-alone t=6.5 vox 0.0 comp 54.6 Mbit/s late 3 ms
TL cubic-alone t=7.0 vox 0.0 comp 69.5 Mbit/s late 7 ms
TL cubic-alone t=7.5 vox 0.0 comp 69.7 Mbit/s late 1 ms
TL cubic-alone t=8.0 vox 0.0 comp 92.0 Mbit/s late 3 ms
TL cubic-alone t=8.5 vox 0.0 comp 46.2 Mbit/s late 1 ms
TL cubic-alone t=9.0 vox 0.0 comp 53.5 Mbit/s late 1 ms
TL cubic-alone t=9.5 vox 0.0 comp 60.7 Mbit/s late 2 ms
TL cubic-alone t=10.0 vox 0.0 comp 71.0 Mbit/s late 2 ms
TL cubic-alone t=10.5 vox 0.0 comp 44.5 Mbit/s late 4 ms
TL cubic-alone t=11.0 vox 0.0 comp 59.1 Mbit/s late 1 ms
TL cubic-alone t=11.5 vox 0.0 comp 64.5 Mbit/s late 1 ms
TL cubic-alone t=12.0 vox 0.0 comp 45.0 Mbit/s late 1 ms
TL cubic-alone t=12.5 vox 0.0 comp 88.4 Mbit/s late 2 ms
TL cubic-alone t=13.0 vox 0.0 comp 49.7 Mbit/s late 1 ms
TL cubic-alone t=13.5 vox 0.0 comp 57.4 Mbit/s late 3 ms
TL cubic-alone t=14.0 vox 0.0 comp 60.6 Mbit/s late 2 ms
TL cubic-alone t=14.5 vox 0.0 comp 58.7 Mbit/s late 1 ms
TL cubic-alone t=15.0 vox 0.0 comp 62.9 Mbit/s late 2 ms
TL cubic-alone t=15.5 vox 0.0 comp 96.7 Mbit/s late 1 ms
TL cubic-alone t=16.0 vox 0.0 comp 54.7 Mbit/s late 1 ms
TL cubic-alone t=16.5 vox 0.0 comp 64.6 Mbit/s late 2 ms
TL cubic-alone t=17.0 vox 0.0 comp 54.6 Mbit/s late 2 ms
TL cubic-alone t=17.5 vox 0.0 comp 59.1 Mbit/s late 3 ms
TL cubic-alone t=18.0 vox 0.0 comp 71.2 Mbit/s late 2 ms
TL cubic-alone t=18.5 vox 0.0 comp 85.3 Mbit/s late 11 ms
TL cubic-alone t=19.0 vox 0.0 comp 62.9 Mbit/s late 5 ms
TL cubic-alone t=19.5 vox 0.0 comp 37.9 Mbit/s late 11 ms
TL cubic-alone t=20.0 vox 0.0 comp 70.4 Mbit/s late 1 ms
TL cubic-alone t=20.5 vox 0.0 comp 78.3 Mbit/s late 1 ms
TL cubic-alone t=21.0 vox 0.0 comp 58.5 Mbit/s late 2 ms
TL cubic-alone t=21.5 vox 0.0 comp 51.2 Mbit/s late 5 ms
TL cubic-alone t=22.0 vox 0.0 comp 40.0 Mbit/s late 9 ms
TL cubic-alone t=22.5 vox 0.0 comp 36.4 Mbit/s late 9 ms
TL cubic-alone t=23.0 vox 0.0 comp 65.4 Mbit/s late 5 ms
TL cubic-alone t=23.5 vox 0.0 comp 65.9 Mbit/s late 1 ms
TL cubic-alone t=24.0 vox 0.0 comp 63.2 Mbit/s late 3 ms
TL cubic-alone t=24.5 vox 0.0 comp 86.2 Mbit/s late 5 ms
TL cubic-alone t=25.0 vox 0.0 comp 44.9 Mbit/s late 2 ms
TL cubic-alone t=25.5 vox 0.0 comp 44.1 Mbit/s late 4 ms
TL cubic-alone t=26.0 vox 0.0 comp 54.1 Mbit/s late 4 ms
TL cubic-alone t=26.5 vox 0.0 comp 40.5 Mbit/s late 6 ms
TL cubic-alone t=27.0 vox 0.0 comp 56.4 Mbit/s late 5 ms
TL cubic-alone t=27.5 vox 0.0 comp 70.6 Mbit/s late 6 ms
TL cubic-alone t=28.0 vox 0.0 comp 77.8 Mbit/s late 3 ms
TL cubic-alone t=28.5 vox 0.0 comp 49.2 Mbit/s late 4 ms
TL cubic-alone t=29.0 vox 0.0 comp 43.0 Mbit/s late 5 ms
TL cubic-alone t=29.5 vox 0.0 comp 65.5 Mbit/s late 3 ms
TL cubic-alone t=30.0 vox 0.0 comp 56.0 Mbit/s late 6 ms
RESULT lossy vox 191.1 Mbit/s, cubic 59.9 Mbit/s, ratio 3.19; loss drops 1749 tail drops 0
ok

test result: ok. 1 passed; 0 failed; 0 ignored; 0 measured; 0 filtered out; finished in 80.87s

rc=0
