timing-slot: took slot2 of 3 at 21:47:11Z, load 29.47 30.96 34.24, 1 waiting
run-slot: took slot5 of 6 at 21:47:11Z, load 29.47 30.96 34.24, 4 waiting

running 1 test
test spike_adr024 ... SPIKE arm lossy rate 200000000 ow 5 ms loss 0.05 qbdp 1 cc Ok("bbr")
TL vox-alone t=0.5 vox 156.0 comp 0.0 Mbit/s late 2 ms
TL vox-alone t=1.0 vox 177.3 comp 0.0 Mbit/s late 7 ms
TL vox-alone t=1.5 vox 186.0 comp 0.0 Mbit/s late 3 ms
TL vox-alone t=2.0 vox 182.1 comp 0.0 Mbit/s late 3 ms
TL vox-alone t=2.5 vox 175.7 comp 0.0 Mbit/s late 3 ms
TL vox-alone t=3.0 vox 186.6 comp 0.0 Mbit/s late 1 ms
TL vox-alone t=3.5 vox 176.1 comp 0.0 Mbit/s late 1 ms
TL vox-alone t=4.0 vox 177.0 comp 0.0 Mbit/s late 4 ms
TL vox-alone t=4.5 vox 180.6 comp 0.0 Mbit/s late 6 ms
TL vox-alone t=5.0 vox 189.0 comp 0.0 Mbit/s late 3 ms
TL vox-alone t=5.5 vox 184.2 comp 0.0 Mbit/s late 1 ms
TL vox-alone t=6.0 vox 186.7 comp 0.0 Mbit/s late 1 ms
TL vox-alone t=6.5 vox 188.6 comp 0.0 Mbit/s late 6 ms
TL vox-alone t=7.0 vox 180.0 comp 0.0 Mbit/s late 1 ms
TL vox-alone t=7.5 vox 177.2 comp 0.0 Mbit/s late 4 ms
TL vox-alone t=8.0 vox 189.2 comp 0.0 Mbit/s late 7 ms
TL vox-alone t=8.5 vox 176.9 comp 0.0 Mbit/s late 6 ms
TL vox-alone t=9.0 vox 178.5 comp 0.0 Mbit/s late 1 ms
TL vox-alone t=9.5 vox 181.5 comp 0.0 Mbit/s late 3 ms
TL vox-alone t=10.0 vox 186.6 comp 0.0 Mbit/s late 2 ms
TL vox-alone t=10.5 vox 165.0 comp 0.0 Mbit/s late 6 ms
TL vox-alone t=11.0 vox 188.0 comp 0.0 Mbit/s late 3 ms
TL vox-alone t=11.5 vox 180.2 comp 0.0 Mbit/s late 1 ms
TL vox-alone t=12.0 vox 178.2 comp 0.0 Mbit/s late 5 ms
TL vox-alone t=12.5 vox 193.5 comp 0.0 Mbit/s late 6 ms
TL vox-alone t=13.0 vox 176.9 comp 0.0 Mbit/s late 2 ms
TL vox-alone t=13.5 vox 179.4 comp 0.0 Mbit/s late 3 ms
TL vox-alone t=14.0 vox 177.3 comp 0.0 Mbit/s late 4 ms
TL vox-alone t=14.5 vox 169.3 comp 0.0 Mbit/s late 7 ms
TL vox-alone t=15.0 vox 165.4 comp 0.0 Mbit/s late 10 ms
TL vox-alone t=15.5 vox 185.5 comp 0.0 Mbit/s late 7 ms
TL vox-alone t=16.0 vox 167.1 comp 0.0 Mbit/s late 6 ms
TL vox-alone t=16.5 vox 184.9 comp 0.0 Mbit/s late 3 ms
TL vox-alone t=17.0 vox 173.0 comp 0.0 Mbit/s late 6 ms
TL vox-alone t=17.5 vox 167.9 comp 0.0 Mbit/s late 7 ms
TL vox-alone t=18.0 vox 196.9 comp 0.0 Mbit/s late 5 ms
TL vox-alone t=18.5 vox 192.7 comp 0.0 Mbit/s late 3 ms
TL vox-alone t=19.0 vox 159.9 comp 0.0 Mbit/s late 9 ms
TL vox-alone t=19.5 vox 190.3 comp 0.0 Mbit/s late 3 ms
TL vox-alone t=20.0 vox 163.2 comp 0.0 Mbit/s late 6 ms
TL vox-alone t=20.5 vox 168.8 comp 0.0 Mbit/s late 4 ms
TL vox-alone t=21.0 vox 188.0 comp 0.0 Mbit/s late 4 ms
TL vox-alone t=21.5 vox 188.5 comp 0.0 Mbit/s late 4 ms
TL vox-alone t=22.0 vox 187.9 comp 0.0 Mbit/s late 5 ms
TL vox-alone t=22.5 vox 183.6 comp 0.0 Mbit/s late 6 ms
TL vox-alone t=23.0 vox 179.5 comp 0.0 Mbit/s late 4 ms
TL vox-alone t=23.5 vox 191.6 comp 0.0 Mbit/s late 3 ms
TL vox-alone t=24.0 vox 183.3 comp 0.0 Mbit/s late 1 ms
TL vox-alone t=24.5 vox 181.5 comp 0.0 Mbit/s late 5 ms
TL vox-alone t=25.0 vox 185.9 comp 0.0 Mbit/s late 10 ms
TL vox-alone t=25.5 vox 190.3 comp 0.0 Mbit/s late 1 ms
TL vox-alone t=26.0 vox 170.9 comp 0.0 Mbit/s late 4 ms
TL vox-alone t=26.5 vox 198.3 comp 0.0 Mbit/s late 2 ms
TL vox-alone t=27.0 vox 161.6 comp 0.0 Mbit/s late 5 ms
TL vox-alone t=27.5 vox 169.7 comp 0.0 Mbit/s late 6 ms
TL vox-alone t=28.0 vox 194.0 comp 0.0 Mbit/s late 3 ms
TL vox-alone t=28.5 vox 172.3 comp 0.0 Mbit/s late 4 ms
TL vox-alone t=29.0 vox 180.4 comp 0.0 Mbit/s late 8 ms
TL vox-alone t=29.5 vox 174.7 comp 0.0 Mbit/s late 1 ms
TL vox-alone t=30.0 vox 175.5 comp 0.0 Mbit/s late 2 ms
TL cubic-alone t=0.5 vox 0.0 comp 43.5 Mbit/s late 5 ms
TL cubic-alone t=1.0 vox 0.0 comp 27.4 Mbit/s late 3 ms
TL cubic-alone t=1.5 vox 0.0 comp 21.5 Mbit/s late 6 ms
TL cubic-alone t=2.0 vox 0.0 comp 25.1 Mbit/s late 2 ms
TL cubic-alone t=2.5 vox 0.0 comp 19.2 Mbit/s late 9 ms
TL cubic-alone t=3.0 vox 0.0 comp 33.3 Mbit/s late 2 ms
TL cubic-alone t=3.5 vox 0.0 comp 32.5 Mbit/s late 5 ms
TL cubic-alone t=4.0 vox 0.0 comp 33.0 Mbit/s late 10 ms
TL cubic-alone t=4.5 vox 0.0 comp 22.2 Mbit/s late 5 ms
TL cubic-alone t=5.0 vox 0.0 comp 14.4 Mbit/s late 8 ms
TL cubic-alone t=5.5 vox 0.0 comp 19.2 Mbit/s late 2 ms
TL cubic-alone t=6.0 vox 0.0 comp 20.3 Mbit/s late 4 ms
TL cubic-alone t=6.5 vox 0.0 comp 29.2 Mbit/s late 7 ms
TL cubic-alone t=7.0 vox 0.0 comp 25.5 Mbit/s late 3 ms
TL cubic-alone t=7.5 vox 0.0 comp 30.3 Mbit/s late 3 ms
TL cubic-alone t=8.0 vox 0.0 comp 22.8 Mbit/s late 4 ms
TL cubic-alone t=8.5 vox 0.0 comp 27.6 Mbit/s late 4 ms
TL cubic-alone t=9.0 vox 0.0 comp 17.8 Mbit/s late 5 ms
TL cubic-alone t=9.5 vox 0.0 comp 19.6 Mbit/s late 3 ms
TL cubic-alone t=10.0 vox 0.0 comp 18.7 Mbit/s late 5 ms
TL cubic-alone t=10.5 vox 0.0 comp 29.1 Mbit/s late 6 ms
TL cubic-alone t=11.0 vox 0.0 comp 16.5 Mbit/s late 3 ms
TL cubic-alone t=11.5 vox 0.0 comp 21.6 Mbit/s late 7 ms
TL cubic-alone t=12.0 vox 0.0 comp 23.3 Mbit/s late 3 ms
TL cubic-alone t=12.5 vox 0.0 comp 20.3 Mbit/s late 4 ms
TL cubic-alone t=13.0 vox 0.0 comp 21.1 Mbit/s late 4 ms
TL cubic-alone t=13.5 vox 0.0 comp 29.8 Mbit/s late 1 ms
TL cubic-alone t=14.0 vox 0.0 comp 29.8 Mbit/s late 4 ms
TL cubic-alone t=14.5 vox 0.0 comp 25.8 Mbit/s late 3 ms
TL cubic-alone t=15.0 vox 0.0 comp 27.5 Mbit/s late 3 ms
TL cubic-alone t=15.5 vox 0.0 comp 19.4 Mbit/s late 3 ms
TL cubic-alone t=16.0 vox 0.0 comp 22.6 Mbit/s late 3 ms
TL cubic-alone t=16.5 vox 0.0 comp 21.6 Mbit/s late 4 ms
TL cubic-alone t=17.0 vox 0.0 comp 29.4 Mbit/s late 3 ms
TL cubic-alone t=17.5 vox 0.0 comp 28.2 Mbit/s late 1 ms
TL cubic-alone t=18.0 vox 0.0 comp 28.0 Mbit/s late 3 ms
TL cubic-alone t=18.5 vox 0.0 comp 18.4 Mbit/s late 7 ms
TL cubic-alone t=19.0 vox 0.0 comp 33.0 Mbit/s late 4 ms
TL cubic-alone t=19.5 vox 0.0 comp 28.8 Mbit/s late 5 ms
TL cubic-alone t=20.0 vox 0.0 comp 23.9 Mbit/s late 3 ms
TL cubic-alone t=20.5 vox 0.0 comp 25.5 Mbit/s late 7 ms
TL cubic-alone t=21.0 vox 0.0 comp 17.0 Mbit/s late 3 ms
TL cubic-alone t=21.5 vox 0.0 comp 26.2 Mbit/s late 3 ms
TL cubic-alone t=22.0 vox 0.0 comp 16.7 Mbit/s late 3 ms
TL cubic-alone t=22.5 vox 0.0 comp 28.8 Mbit/s late 4 ms
TL cubic-alone t=23.0 vox 0.0 comp 24.2 Mbit/s late 1 ms
TL cubic-alone t=23.5 vox 0.0 comp 24.1 Mbit/s late 7 ms
TL cubic-alone t=24.0 vox 0.0 comp 15.4 Mbit/s late 5 ms
TL cubic-alone t=24.5 vox 0.0 comp 18.8 Mbit/s late 4 ms
TL cubic-alone t=25.0 vox 0.0 comp 17.7 Mbit/s late 3 ms
TL cubic-alone t=25.5 vox 0.0 comp 24.8 Mbit/s late 4 ms
TL cubic-alone t=26.0 vox 0.0 comp 18.9 Mbit/s late 9 ms
TL cubic-alone t=26.5 vox 0.0 comp 22.5 Mbit/s late 3 ms
TL cubic-alone t=27.0 vox 0.0 comp 17.7 Mbit/s late 3 ms
TL cubic-alone t=27.5 vox 0.0 comp 21.4 Mbit/s late 3 ms
TL cubic-alone t=28.0 vox 0.0 comp 22.3 Mbit/s late 8 ms
TL cubic-alone t=28.5 vox 0.0 comp 18.0 Mbit/s late 3 ms
TL cubic-alone t=29.0 vox 0.0 comp 19.2 Mbit/s late 3 ms
TL cubic-alone t=29.5 vox 0.0 comp 34.1 Mbit/s late 2 ms
TL cubic-alone t=30.0 vox 0.0 comp 22.0 Mbit/s late 3 ms
RESULT lossy vox 179.5 Mbit/s, cubic 23.3 Mbit/s, ratio 7.70; loss drops 7313 tail drops 0
ok

test result: ok. 1 passed; 0 failed; 0 ignored; 0 measured; 0 filtered out; finished in 75.77s

rc=0
